[31m[Nest] 3808  - [39m08/12/2026, 10:24:14 AM [31m  ERROR[39m [38;5;3m[TaskNotificationOutboxWorker] [39m[31m[Notifications] Worker could not read the outbox. It will retry in 5 seconds. Confirm migration 0054_task_notification_outbox.sql is applied.[39m
Error: Connection terminated due to connection timeout
    at D:\Saas_app_version_2\node_modules\.pnpm\pg-pool@3.14.0_pg@8.22.0\node_modules\pg-pool\index.js:45:11
    at process.processTicksAndRejections (node:internal/process/task_queues:104:5)
    at async TaskNotificationOutboxWorker.flush (D:\Saas_app_version_2\apps\backend\src\platform\task-notification-outbox.worker.ts:61:22)
[31m[Nest] 3808  - [39m08/12/2026, 4:44:48 PM [31m  ERROR[39m [38;5;3m[TaskNotificationOutboxWorker] [39m[31mUnable to deliver task notification event 8ec854be-d8ec-4e33-b797-533d5cb65c6d.[39m
TypeError: Cannot read properties of undefined (reading 'rooms')
    at EmployeeNotificationsGateway.emitNewNotification (D:\Saas_app_version_2\apps\backend\src\platform\employee-notifications.gateway.ts:51:51)
    at TaskNotificationOutboxWorker.deliver (D:\Saas_app_version_2\apps\backend\src\platform\task-notification-outbox.worker.ts:92:42)
    at process.processTicksAndRejections (node:internal/process/task_queues:104:5)
    at async TaskNotificationOutboxWorker.flush (D:\Saas_app_version_2\apps\backend\src\platform\task-notification-outbox.worker.ts:70:24)
[31m[Nest] 3808  - [39m08/12/2026, 4:44:59 PM [31m  ERROR[39m [38;5;3m[TaskNotificationOutboxWorker] [39m[31mUnable to deliver task notification event 8ec854be-d8ec-4e33-b797-533d5cb65c6d.[39m
TypeError: Cannot read properties of undefined (reading 'rooms')
    at EmployeeNotificationsGateway.emitNewNotification (D:\Saas_app_version_2\apps\backend\src\platform\employee-notifications.gateway.ts:51:51)
    at TaskNotificationOutboxWorker.deliver (D:\Saas_app_version_2\apps\backend\src\platform\task-notification-outbox.worker.ts:92:42)
    at process.processTicksAndRejections (node:internal/process/task_queues:104:5)
    at async TaskNotificationOutboxWorker.flush (D:\Saas_app_version_2\apps\backend\src\platform\task-notification-outbox.worker.ts:70:24)
[31m[Nest] 3808  - [39m08/12/2026, 4:45:42 PM [31m  ERROR[39m [38;5;3m[TaskNotificationOutboxWorker] [39m[31mUnable to deliver task notification event 8ec854be-d8ec-4e33-b797-533d5cb65c6d.[39m
TypeError: Cannot read properties of undefined (reading 'rooms')
    at EmployeeNotificationsGateway.emitNewNotification (D:\Saas_app_version_2\apps\backend\src\platform\employee-notifications.gateway.ts:51:51)
    at TaskNotificationOutboxWorker.deliver (D:\Saas_app_version_2\apps\backend\src\platform\task-notification-outbox.worker.ts:92:42)
    at process.processTicksAndRejections (node:internal/process/task_queues:104:5)
    at async TaskNotificationOutboxWorker.flush (D:\Saas_app_version_2\apps\backend\src\platform\task-notification-outbox.worker.ts:70:24)
[31m[Nest] 3808  - [39m08/12/2026, 4:46:21 PM [31m  ERROR[39m [38;5;3m[TaskNotificationOutboxWorker] [39m[31mUnable to deliver task notification event 8ec854be-d8ec-4e33-b797-533d5cb65c6d.[39m
TypeError: Cannot read properties of undefined (reading 'rooms')
    at EmployeeNotificationsGateway.emitNewNotification (D:\Saas_app_version_2\apps\backend\src\platform\employee-notifications.gateway.ts:51:51)
    at TaskNotificationOutboxWorker.deliver (D:\Saas_app_version_2\apps\backend\src\platform\task-notification-outbox.worker.ts:92:42)
    at process.processTicksAndRejections (node:internal/process/task_queues:104:5)
    at async TaskNotificationOutboxWorker.flush (D:\Saas_app_version_2\apps\backend\src\platform\task-notification-outbox.worker.ts:70:24)
[31m[Nest] 3808  - [39m08/12/2026, 4:47:35 PM [31m  ERROR[39m [38;5;3m[TaskNotificationOutboxWorker] [39m[31mUnable to deliver task notification event 8ec854be-d8ec-4e33-b797-533d5cb65c6d.[39m
TypeError: Cannot read properties of undefined (reading 'rooms')
    at EmployeeNotificationsGateway.emitNewNotification (D:\Saas_app_version_2\apps\backend\src\platform\employee-notifications.gateway.ts:51:51)
    at TaskNotificationOutboxWorker.deliver (D:\Saas_app_version_2\apps\backend\src\platform\task-notification-outbox.worker.ts:92:42)
    at process.processTicksAndRejections (node:internal/process/task_queues:104:5)
    at async TaskNotificationOutboxWorker.flush (D:\Saas_app_version_2\apps\backend\src\platform\task-notification-outbox.worker.ts:70:24)
[31m[Nest] 3808  - [39m08/12/2026, 4:49:06 PM [31m  ERROR[39m [38;5;3m[TaskNotificationOutboxWorker] [39m[31mUnable to deliver task notification event 8ec854be-d8ec-4e33-b797-533d5cb65c6d.[39m
TypeError: Cannot read properties of undefined (reading 'rooms')
    at EmployeeNotificationsGateway.emitNewNotification (D:\Saas_app_version_2\apps\backend\src\platform\employee-notifications.gateway.ts:51:51)
    at TaskNotificationOutboxWorker.deliver (D:\Saas_app_version_2\apps\backend\src\platform\task-notification-outbox.worker.ts:92:42)
    at process.processTicksAndRejections (node:internal/process/task_queues:104:5)
    at async TaskNotificationOutboxWorker.flush (D:\Saas_app_version_2\apps\backend\src\platform\task-notification-outbox.worker.ts:70:24)
[31m[Nest] 3808  - [39m08/12/2026, 4:50:09 PM [31m  ERROR[39m [38;5;3m[TaskNotificationOutboxWorker] [39m[31mUnable to deliver task notification event 5e5aae14-c488-4886-aed3-d7115f24f41f.[39m
TypeError: Cannot read properties of undefined (reading 'rooms')
    at EmployeeNotificationsGateway.emitNewNotification (D:\Saas_app_version_2\apps\backend\src\platform\employee-notifications.gateway.ts:51:51)
    at TaskNotificationOutboxWorker.deliver (D:\Saas_app_version_2\apps\backend\src\platform\task-notification-outbox.worker.ts:92:42)
    at process.processTicksAndRejections (node:internal/process/task_queues:104:5)
    at async TaskNotificationOutboxWorker.flush (D:\Saas_app_version_2\apps\backend\src\platform\task-notification-outbox.worker.ts:70:24)
[31m[Nest] 3808  - [39m08/12/2026, 4:50:52 PM [31m  ERROR[39m [38;5;3m[TaskNotificationOutboxWorker] [39m[31mUnable to deliver task notification event 5e5aae14-c488-4886-aed3-d7115f24f41f.[39m
TypeError: Cannot read properties of undefined (reading 'rooms')
    at EmployeeNotificationsGateway.emitNewNotification (D:\Saas_app_version_2\apps\backend\src\platform\employee-notifications.gateway.ts:51:51)
    at TaskNotificationOutboxWorker.deliver (D:\Saas_app_version_2\apps\backend\src\platform\task-notification-outbox.worker.ts:92:42)
    at process.processTicksAndRejections (node:internal/process/task_queues:104:5)
    at async TaskNotificationOutboxWorker.flush (D:\Saas_app_version_2\apps\backend\src\platform\task-notification-outbox.worker.ts:70:24)
[31m[Nest] 3808  - [39m08/12/2026, 4:50:56 PM [31m  ERROR[39m [38;5;3m[TaskNotificationOutboxWorker] [39m[31mUnable to deliver task notification event 8ec854be-d8ec-4e33-b797-533d5cb65c6d.[39m
TypeError: Cannot read properties of undefined (reading 'rooms')
    at EmployeeNotificationsGateway.emitNewNotification (D:\Saas_app_version_2\apps\backend\src\platform\employee-notifications.gateway.ts:51:51)
    at TaskNotificationOutboxWorker.deliver (D:\Saas_app_version_2\apps\backend\src\platform\task-notification-outbox.worker.ts:92:42)
    at process.processTicksAndRejections (node:internal/process/task_queues:104:5)
    at async TaskNotificationOutboxWorker.flush (D:\Saas_app_version_2\apps\backend\src\platform\task-notification-outbox.worker.ts:70:24)
[31m[Nest] 3808  - [39m08/12/2026, 4:51:54 PM [31m  ERROR[39m [38;5;3m[TaskNotificationOutboxWorker] [39m[31mUnable to deliver task notification event 5e5aae14-c488-4886-aed3-d7115f24f41f.[39m
TypeError: Cannot read properties of undefined (reading 'rooms')
    at EmployeeNotificationsGateway.emitNewNotification (D:\Saas_app_version_2\apps\backend\src\platform\employee-notifications.gateway.ts:51:51)
    at TaskNotificationOutboxWorker.deliver (D:\Saas_app_version_2\apps\backend\src\platform\task-notification-outbox.worker.ts:92:42)
    at process.processTicksAndRejections (node:internal/process/task_queues:104:5)
    at async TaskNotificationOutboxWorker.flush (D:\Saas_app_version_2\apps\backend\src\platform\task-notification-outbox.worker.ts:70:24)
[31m[Nest] 3808  - [39m08/12/2026, 4:52:19 PM [31m  ERROR[39m [38;5;3m[TaskNotificationOutboxWorker] [39m[31mUnable to deliver task notification event 8ec854be-d8ec-4e33-b797-533d5cb65c6d.[39m
TypeError: Cannot read properties of undefined (reading 'rooms')
    at EmployeeNotificationsGateway.emitNewNotification (D:\Saas_app_version_2\apps\backend\src\platform\employee-notifications.gateway.ts:51:51)
    at TaskNotificationOutboxWorker.deliver (D:\Saas_app_version_2\apps\backend\src\platform\task-notification-outbox.worker.ts:92:42)
    at process.processTicksAndRejections (node:internal/process/task_queues:104:5)
    at async TaskNotificationOutboxWorker.flush (D:\Saas_app_version_2\apps\backend\src\platform\task-notification-outbox.worker.ts:70:24)
[31m[Nest] 3808  - [39m08/12/2026, 4:53:04 PM [31m  ERROR[39m [38;5;3m[TaskNotificationOutboxWorker] [39m[31mUnable to deliver task notification event 8ec854be-d8ec-4e33-b797-533d5cb65c6d.[39m
TypeError: Cannot read properties of undefined (reading 'rooms')
    at EmployeeNotificationsGateway.emitNewNotification (D:\Saas_app_version_2\apps\backend\src\platform\employee-notifications.gateway.ts:51:51)
    at TaskNotificationOutboxWorker.deliver (D:\Saas_app_version_2\apps\backend\src\platform\task-notification-outbox.worker.ts:92:42)
    at process.processTicksAndRejections (node:internal/process/task_queues:104:5)
    at async TaskNotificationOutboxWorker.flush (D:\Saas_app_version_2\apps\backend\src\platform\task-notification-outbox.worker.ts:70:24)
[31m[Nest] 3808  - [39m08/12/2026, 4:53:50 PM [31m  ERROR[39m [38;5;3m[TaskNotificationOutboxWorker] [39m[31mUnable to deliver task notification event 8ec854be-d8ec-4e33-b797-533d5cb65c6d.[39m
TypeError: Cannot read properties of undefined (reading 'rooms')
    at EmployeeNotificationsGateway.emitNewNotification (D:\Saas_app_version_2\apps\backend\src\platform\employee-notifications.gateway.ts:51:51)
    at TaskNotificationOutboxWorker.deliver (D:\Saas_app_version_2\apps\backend\src\platform\task-notification-outbox.worker.ts:92:42)
    at process.processTicksAndRejections (node:internal/process/task_queues:104:5)
    at async TaskNotificationOutboxWorker.flush (D:\Saas_app_version_2\apps\backend\src\platform\task-notification-outbox.worker.ts:70:24)
[31m[Nest] 3808  - [39m08/12/2026, 4:54:17 PM [31m  ERROR[39m [38;5;3m[TaskNotificationOutboxWorker] [39m[31mUnable to deliver task notification event 5e5aae14-c488-4886-aed3-d7115f24f41f.[39m
TypeError: Cannot read properties of undefined (reading 'rooms')
    at EmployeeNotificationsGateway.emitNewNotification (D:\Saas_app_version_2\apps\backend\src\platform\employee-notifications.gateway.ts:51:51)
    at TaskNotificationOutboxWorker.deliver (D:\Saas_app_version_2\apps\backend\src\platform\task-notification-outbox.worker.ts:92:42)
    at process.processTicksAndRejections (node:internal/process/task_queues:104:5)
    at async TaskNotificationOutboxWorker.flush (D:\Saas_app_version_2\apps\backend\src\platform\task-notification-outbox.worker.ts:70:24)
[31m[Nest] 3808  - [39m08/12/2026, 4:54:39 PM [31m  ERROR[39m [38;5;3m[TaskNotificationOutboxWorker] [39m[31mUnable to deliver task notification event 8ec854be-d8ec-4e33-b797-533d5cb65c6d.[39m
TypeError: Cannot read properties of undefined (reading 'rooms')
    at EmployeeNotificationsGateway.emitNewNotification (D:\Saas_app_version_2\apps\backend\src\platform\employee-notifications.gateway.ts:51:51)
    at TaskNotificationOutboxWorker.deliver (D:\Saas_app_version_2\apps\backend\src\platform\task-notification-outbox.worker.ts:92:42)
    at process.processTicksAndRejections (node:internal/process/task_queues:104:5)
    at async TaskNotificationOutboxWorker.flush (D:\Saas_app_version_2\apps\backend\src\platform\task-notification-outbox.worker.ts:70:24)
[31m[Nest] 3808  - [39m08/12/2026, 4:56:06 PM [31m  ERROR[39m [38;5;3m[TaskNotificationOutboxWorker] [39m[31mUnable to deliver task notification event 5e5aae14-c488-4886-aed3-d7115f24f41f.[39m
TypeError: Cannot read properties of undefined (reading 'rooms')
    at EmployeeNotificationsGateway.emitNewNotification (D:\Saas_app_version_2\apps\backend\src\platform\employee-notifications.gateway.ts:51:51)
    at TaskNotificationOutboxWorker.deliver (D:\Saas_app_version_2\apps\backend\src\platform\task-notification-outbox.worker.ts:92:42)
    at process.processTicksAndRejections (node:internal/process/task_queues:104:5)
    at async TaskNotificationOutboxWorker.flush (D:\Saas_app_version_2\apps\backend\src\platform\task-notification-outbox.worker.ts:70:24)
[31m[Nest] 3808  - [39m08/12/2026, 5:00:40 PM [31m  ERROR[39m [38;5;3m[TaskNotificationOutboxWorker] [39m[31mUnable to deliver task notification event 5e5aae14-c488-4886-aed3-d7115f24f41f.[39m
TypeError: Cannot read properties of undefined (reading 'rooms')
    at EmployeeNotificationsGateway.emitNewNotification (D:\Saas_app_version_2\apps\backend\src\platform\employee-notifications.gateway.ts:51:51)
    at TaskNotificationOutboxWorker.deliver (D:\Saas_app_version_2\apps\backend\src\platform\task-notification-outbox.worker.ts:92:42)
    at process.processTicksAndRejections (node:internal/process/task_queues:104:5)
    at async TaskNotificationOutboxWorker.flush (D:\Saas_app_version_2\apps\backend\src\platform\task-notification-outbox.worker.ts:70:24)
[31m[Nest] 3808  - [39m08/12/2026, 5:02:27 PM [31m  ERROR[39m [38;5;3m[TaskNotificationOutboxWorker] [39m[31mUnable to deliver task notification event 5e5aae14-c488-4886-aed3-d7115f24f41f.[39m
TypeError: Cannot read properties of undefined (reading 'rooms')
    at EmployeeNotificationsGateway.emitNewNotification (D:\Saas_app_version_2\apps\backend\src\platform\employee-notifications.gateway.ts:51:51)
    at TaskNotificationOutboxWorker.deliver (D:\Saas_app_version_2\apps\backend\src\platform\task-notification-outbox.worker.ts:92:42)
    at process.processTicksAndRejections (node:internal/process/task_queues:104:5)
    at async TaskNotificationOutboxWorker.flush (D:\Saas_app_version_2\apps\backend\src\platform\task-notification-outbox.worker.ts:70:24)
[31m[Nest] 3808  - [39m08/12/2026, 5:03:14 PM [31m  ERROR[39m [38;5;3m[TaskNotificationOutboxWorker] [39m[31mUnable to deliver task notification event 8ec854be-d8ec-4e33-b797-533d5cb65c6d.[39m
TypeError: Cannot read properties of undefined (reading 'rooms')
    at EmployeeNotificationsGateway.emitNewNotification (D:\Saas_app_version_2\apps\backend\src\platform\employee-notifications.gateway.ts:51:51)
    at TaskNotificationOutboxWorker.deliver (D:\Saas_app_version_2\apps\backend\src\platform\task-notification-outbox.worker.ts:92:42)
    at process.processTicksAndRejections (node:internal/process/task_queues:104:5)
    at async TaskNotificationOutboxWorker.flush (D:\Saas_app_version_2\apps\backend\src\platform\task-notification-outbox.worker.ts:70:24)
[31m[Nest] 3808  - [39m08/12/2026, 5:03:24 PM [31m  ERROR[39m [38;5;3m[TaskNotificationOutboxWorker] [39m[31mUnable to deliver task notification event 5e5aae14-c488-4886-aed3-d7115f24f41f.[39m
TypeError: Cannot read properties of undefined (reading 'rooms')
    at EmployeeNotificationsGateway.emitNewNotification (D:\Saas_app_version_2\apps\backend\src\platform\employee-notifications.gateway.ts:51:51)
    at TaskNotificationOutboxWorker.deliver (D:\Saas_app_version_2\apps\backend\src\platform\task-notification-outbox.worker.ts:92:42)
    at process.processTicksAndRejections (node:internal/process/task_queues:104:5)
    at async TaskNotificationOutboxWorker.flush (D:\Saas_app_version_2\apps\backend\src\platform\task-notification-outbox.worker.ts:70:24)
[31m[Nest] 3808  - [39m08/12/2026, 5:04:15 PM [31m  ERROR[39m [38;5;3m[TaskNotificationOutboxWorker] [39m[31mUnable to deliver task notification event 8ec854be-d8ec-4e33-b797-533d5cb65c6d.[39m
TypeError: Cannot read properties of undefined (reading 'rooms')
    at EmployeeNotificationsGateway.emitNewNotification (D:\Saas_app_version_2\apps\backend\src\platform\employee-notifications.gateway.ts:51:51)
    at TaskNotificationOutboxWorker.deliver (D:\Saas_app_version_2\apps\backend\src\platform\task-notification-outbox.worker.ts:92:42)
    at process.processTicksAndRejections (node:internal/process/task_queues:104:5)
    at async TaskNotificationOutboxWorker.flush (D:\Saas_app_version_2\apps\backend\src\platform\task-notification-outbox.worker.ts:70:24)
[31m[Nest] 3808  - [39m08/12/2026, 5:05:15 PM [31m  ERROR[39m [38;5;3m[TaskNotificationOutboxWorker] [39m[31mUnable to deliver task notification event 8ec854be-d8ec-4e33-b797-533d5cb65c6d.[39m
TypeError: Cannot read properties of undefined (reading 'rooms')
    at EmployeeNotificationsGateway.emitNewNotification (D:\Saas_app_version_2\apps\backend\src\platform\employee-notifications.gateway.ts:51:51)
    at TaskNotificationOutboxWorker.deliver (D:\Saas_app_version_2\apps\backend\src\platform\task-notification-outbox.worker.ts:92:42)
    at process.processTicksAndRejections (node:internal/process/task_queues:104:5)
    at async TaskNotificationOutboxWorker.flush (D:\Saas_app_version_2\apps\backend\src\platform\task-notification-outbox.worker.ts:70:24)
[31m[Nest] 3808  - [39m08/12/2026, 5:06:16 PM [31m  ERROR[39m [38;5;3m[TaskNotificationOutboxWorker] [39m[31mUnable to deliver task notification event 8ec854be-d8ec-4e33-b797-533d5cb65c6d.[39m
TypeError: Cannot read properties of undefined (reading 'rooms')
    at EmployeeNotificationsGateway.emitNewNotification (D:\Saas_app_version_2\apps\backend\src\platform\employee-notifications.gateway.ts:51:51)
    at TaskNotificationOutboxWorker.deliver (D:\Saas_app_version_2\apps\backend\src\platform\task-notification-outbox.worker.ts:92:42)
    at process.processTicksAndRejections (node:internal/process/task_queues:104:5)
    at async TaskNotificationOutboxWorker.flush (D:\Saas_app_version_2\apps\backend\src\platform\task-notification-outbox.worker.ts:70:24)
[31m[Nest] 3808  - [39m08/12/2026, 5:07:16 PM [31m  ERROR[39m [38;5;3m[TaskNotificationOutboxWorker] [39m[31mUnable to deliver task notification event 8ec854be-d8ec-4e33-b797-533d5cb65c6d.[39m
TypeError: Cannot read properties of undefined (reading 'rooms')
    at EmployeeNotificationsGateway.emitNewNotification (D:\Saas_app_version_2\apps\backend\src\platform\employee-notifications.gateway.ts:51:51)
    at TaskNotificationOutboxWorker.deliver (D:\Saas_app_version_2\apps\backend\src\platform\task-notification-outbox.worker.ts:92:42)
    at process.processTicksAndRejections (node:internal/process/task_queues:104:5)
    at async TaskNotificationOutboxWorker.flush (D:\Saas_app_version_2\apps\backend\src\platform\task-notification-outbox.worker.ts:70:24)
[31m[Nest] 3808  - [39m08/12/2026, 5:08:24 PM [31m  ERROR[39m [38;5;3m[TaskNotificationOutboxWorker] [39m[31mUnable to deliver task notification event 5e5aae14-c488-4886-aed3-d7115f24f41f.[39m
TypeError: Cannot read properties of undefined (reading 'rooms')
    at EmployeeNotificationsGateway.emitNewNotification (D:\Saas_app_version_2\apps\backend\src\platform\employee-notifications.gateway.ts:51:51)
    at TaskNotificationOutboxWorker.deliver (D:\Saas_app_version_2\apps\backend\src\platform\task-notification-outbox.worker.ts:92:42)
    at process.processTicksAndRejections (node:internal/process/task_queues:104:5)
    at async TaskNotificationOutboxWorker.flush (D:\Saas_app_version_2\apps\backend\src\platform\task-notification-outbox.worker.ts:70:24)
[31m[Nest] 3808  - [39m08/12/2026, 5:14:28 PM [31m  ERROR[39m [38;5;3m[TaskNotificationOutboxWorker] [39m[31mUnable to deliver task notification event 5e5aae14-c488-4886-aed3-d7115f24f41f.[39m
TypeError: Cannot read properties of undefined (reading 'rooms')
    at EmployeeNotificationsGateway.emitNewNotification (D:\Saas_app_version_2\apps\backend\src\platform\employee-notifications.gateway.ts:51:51)
    at TaskNotificationOutboxWorker.deliver (D:\Saas_app_version_2\apps\backend\src\platform\task-notification-outbox.worker.ts:92:42)
    at process.processTicksAndRejections (node:internal/process/task_queues:104:5)
    at async TaskNotificationOutboxWorker.flush (D:\Saas_app_version_2\apps\backend\src\platform\task-notification-outbox.worker.ts:70:24)
[31m[Nest] 3808  - [39m08/12/2026, 5:15:21 PM [31m  ERROR[39m [38;5;3m[TaskNotificationOutboxWorker] [39m[31mUnable to deliver task notification event 8ec854be-d8ec-4e33-b797-533d5cb65c6d.[39m
TypeError: Cannot read properties of undefined (reading 'rooms')
    at EmployeeNotificationsGateway.emitNewNotification (D:\Saas_app_version_2\apps\backend\src\platform\employee-notifications.gateway.ts:51:51)
    at TaskNotificationOutboxWorker.deliver (D:\Saas_app_version_2\apps\backend\src\platform\task-notification-outbox.worker.ts:92:42)
    at process.processTicksAndRejections (node:internal/process/task_queues:104:5)
    at async TaskNotificationOutboxWorker.flush (D:\Saas_app_version_2\apps\backend\src\platform\task-notification-outbox.worker.ts:70:24)
[31m[Nest] 3808  - [39m08/12/2026, 5:15:28 PM [31m  ERROR[39m [38;5;3m[TaskNotificationOutboxWorker] [39m[31mUnable to deliver task notification event 5e5aae14-c488-4886-aed3-d7115f24f41f.[39m
TypeError: Cannot read properties of undefined (reading 'rooms')
    at EmployeeNotificationsGateway.emitNewNotification (D:\Saas_app_version_2\apps\backend\src\platform\employee-notifications.gateway.ts:51:51)
    at TaskNotificationOutboxWorker.deliver (D:\Saas_app_version_2\apps\backend\src\platform\task-notification-outbox.worker.ts:92:42)
    at process.processTicksAndRejections (node:internal/process/task_queues:104:5)
    at async TaskNotificationOutboxWorker.flush (D:\Saas_app_version_2\apps\backend\src\platform\task-notification-outbox.worker.ts:70:24)
[31m[Nest] 3808  - [39m08/12/2026, 5:16:21 PM [31m  ERROR[39m [38;5;3m[TaskNotificationOutboxWorker] [39m[31mUnable to deliver task notification event 8ec854be-d8ec-4e33-b797-533d5cb65c6d.[39m
TypeError: Cannot read properties of undefined (reading 'rooms')
    at EmployeeNotificationsGateway.emitNewNotification (D:\Saas_app_version_2\apps\backend\src\platform\employee-notifications.gateway.ts:51:51)
    at TaskNotificationOutboxWorker.deliver (D:\Saas_app_version_2\apps\backend\src\platform\task-notification-outbox.worker.ts:92:42)
    at process.processTicksAndRejections (node:internal/process/task_queues:104:5)
    at async TaskNotificationOutboxWorker.flush (D:\Saas_app_version_2\apps\backend\src\platform\task-notification-outbox.worker.ts:70:24)
[31m[Nest] 3808  - [39m08/12/2026, 5:16:29 PM [31m  ERROR[39m [38;5;3m[TaskNotificationOutboxWorker] [39m[31mUnable to deliver task notification event 5e5aae14-c488-4886-aed3-d7115f24f41f.[39m
TypeError: Cannot read properties of undefined (reading 'rooms')
    at EmployeeNotificationsGateway.emitNewNotification (D:\Saas_app_version_2\apps\backend\src\platform\employee-notifications.gateway.ts:51:51)
    at TaskNotificationOutboxWorker.deliver (D:\Saas_app_version_2\apps\backend\src\platform\task-notification-outbox.worker.ts:92:42)
    at process.processTicksAndRejections (node:internal/process/task_queues:104:5)
    at async TaskNotificationOutboxWorker.flush (D:\Saas_app_version_2\apps\backend\src\platform\task-notification-outbox.worker.ts:70:24)
[31m[Nest] 3808  - [39m08/12/2026, 5:17:22 PM [31m  ERROR[39m [38;5;3m[TaskNotificationOutboxWorker] [39m[31mUnable to deliver task notification event 8ec854be-d8ec-4e33-b797-533d5cb65c6d.[39m
TypeError: Cannot read properties of undefined (reading 'rooms')
    at EmployeeNotificationsGateway.emitNewNotification (D:\Saas_app_version_2\apps\backend\src\platform\employee-notifications.gateway.ts:51:51)
    at TaskNotificationOutboxWorker.deliver (D:\Saas_app_version_2\apps\backend\src\platform\task-notification-outbox.worker.ts:92:42)
    at process.processTicksAndRejections (node:internal/process/task_queues:104:5)
    at async TaskNotificationOutboxWorker.flush (D:\Saas_app_version_2\apps\backend\src\platform\task-notification-outbox.worker.ts:70:24)
[31m[Nest] 3808  - [39m08/12/2026, 5:17:30 PM [31m  ERROR[39m [38;5;3m[TaskNotificationOutboxWorker] [39m[31mUnable to deliver task notification event 5e5aae14-c488-4886-aed3-d7115f24f41f.[39m
TypeError: Cannot read properties of undefined (reading 'rooms')
    at EmployeeNotificationsGateway.emitNewNotification (D:\Saas_app_version_2\apps\backend\src\platform\employee-notifications.gateway.ts:51:51)
    at TaskNotificationOutboxWorker.deliver (D:\Saas_app_version_2\apps\backend\src\platform\task-notification-outbox.worker.ts:92:42)
    at process.processTicksAndRejections (node:internal/process/task_queues:104:5)
    at async TaskNotificationOutboxWorker.flush (D:\Saas_app_version_2\apps\backend\src\platform\task-notification-outbox.worker.ts:70:24)
[31m[Nest] 3808  - [39m08/12/2026, 5:18:23 PM [31m  ERROR[39m [38;5;3m[TaskNotificationOutboxWorker] [39m[31mUnable to deliver task notification event 8ec854be-d8ec-4e33-b797-533d5cb65c6d.[39m
TypeError: Cannot read properties of undefined (reading 'rooms')
    at EmployeeNotificationsGateway.emitNewNotification (D:\Saas_app_version_2\apps\backend\src\platform\employee-notifications.gateway.ts:51:51)
    at TaskNotificationOutboxWorker.deliver (D:\Saas_app_version_2\apps\backend\src\platform\task-notification-outbox.worker.ts:92:42)
    at process.processTicksAndRejections (node:internal/process/task_queues:104:5)
    at async TaskNotificationOutboxWorker.flush (D:\Saas_app_version_2\apps\backend\src\platform\task-notification-outbox.worker.ts:70:24)
[31m[Nest] 3808  - [39m08/12/2026, 5:18:30 PM [31m  ERROR[39m [38;5;3m[TaskNotificationOutboxWorker] [39m[31mUnable to deliver task notification event 5e5aae14-c488-4886-aed3-d7115f24f41f.[39m
TypeError: Cannot read properties of undefined (reading 'rooms')
    at EmployeeNotificationsGateway.emitNewNotification (D:\Saas_app_version_2\apps\backend\src\platform\employee-notifications.gateway.ts:51:51)
    at TaskNotificationOutboxWorker.deliver (D:\Saas_app_version_2\apps\backend\src\platform\task-notification-outbox.worker.ts:92:42)
    at process.processTicksAndRejections (node:internal/process/task_queues:104:5)
    at async TaskNotificationOutboxWorker.flush (D:\Saas_app_version_2\apps\backend\src\platform\task-notification-outbox.worker.ts:70:24)
[31m[Nest] 3808  - [39m08/12/2026, 5:19:23 PM [31m  ERROR[39m [38;5;3m[TaskNotificationOutboxWorker] [39m[31mUnable to deliver task notification event 8ec854be-d8ec-4e33-b797-533d5cb65c6d.[39m
TypeError: Cannot read properties of undefined (reading 'rooms')
    at EmployeeNotificationsGateway.emitNewNotification (D:\Saas_app_version_2\apps\backend\src\platform\employee-notifications.gateway.ts:51:51)
    at TaskNotificationOutboxWorker.deliver (D:\Saas_app_version_2\apps\backend\src\platform\task-notification-outbox.worker.ts:92:42)
    at process.processTicksAndRejections (node:internal/process/task_queues:104:5)
    at async TaskNotificationOutboxWorker.flush (D:\Saas_app_version_2\apps\backend\src\platform\task-notification-outbox.worker.ts:70:24)
[31m[Nest] 3808  - [39m08/12/2026, 5:20:24 PM [31m  ERROR[39m [38;5;3m[TaskNotificationOutboxWorker] [39m[31mUnable to deliver task notification event 8ec854be-d8ec-4e33-b797-533d5cb65c6d.[39m
TypeError: Cannot read properties of undefined (reading 'rooms')
    at EmployeeNotificationsGateway.emitNewNotification (D:\Saas_app_version_2\apps\backend\src\platform\employee-notifications.gateway.ts:51:51)
    at TaskNotificationOutboxWorker.deliver (D:\Saas_app_version_2\apps\backend\src\platform\task-notification-outbox.worker.ts:92:42)
    at process.processTicksAndRejections (node:internal/process/task_queues:104:5)
    at async TaskNotificationOutboxWorker.flush (D:\Saas_app_version_2\apps\backend\src\platform\task-notification-outbox.worker.ts:70:24)
[31m[Nest] 3808  - [39m08/12/2026, 5:22:25 PM [31m  ERROR[39m [38;5;3m[TaskNotificationOutboxWorker] [39m[31mUnable to deliver task notification event 8ec854be-d8ec-4e33-b797-533d5cb65c6d.[39m
TypeError: Cannot read properties of undefined (reading 'rooms')
    at EmployeeNotificationsGateway.emitNewNotification (D:\Saas_app_version_2\apps\backend\src\platform\employee-notifications.gateway.ts:51:51)
    at TaskNotificationOutboxWorker.deliver (D:\Saas_app_version_2\apps\backend\src\platform\task-notification-outbox.worker.ts:92:42)
    at process.processTicksAndRejections (node:internal/process/task_queues:104:5)
    at async TaskNotificationOutboxWorker.flush (D:\Saas_app_version_2\apps\backend\src\platform\task-notification-outbox.worker.ts:70:24)
[31m[Nest] 3808  - [39m08/12/2026, 5:22:33 PM [31m  ERROR[39m [38;5;3m[TaskNotificationOutboxWorker] [39m[31mUnable to deliver task notification event 5e5aae14-c488-4886-aed3-d7115f24f41f.[39m
TypeError: Cannot read properties of undefined (reading 'rooms')
    at EmployeeNotificationsGateway.emitNewNotification (D:\Saas_app_version_2\apps\backend\src\platform\employee-notifications.gateway.ts:51:51)
    at TaskNotificationOutboxWorker.deliver (D:\Saas_app_version_2\apps\backend\src\platform\task-notification-outbox.worker.ts:92:42)
    at process.processTicksAndRejections (node:internal/process/task_queues:104:5)
    at async TaskNotificationOutboxWorker.flush (D:\Saas_app_version_2\apps\backend\src\platform\task-notification-outbox.worker.ts:70:24)
[31m[Nest] 3808  - [39m08/12/2026, 5:23:26 PM [31m  ERROR[39m [38;5;3m[TaskNotificationOutboxWorker] [39m[31mUnable to deliver task notification event 8ec854be-d8ec-4e33-b797-533d5cb65c6d.[39m
TypeError: Cannot read properties of undefined (reading 'rooms')
    at EmployeeNotificationsGateway.emitNewNotification (D:\Saas_app_version_2\apps\backend\src\platform\employee-notifications.gateway.ts:51:51)
    at TaskNotificationOutboxWorker.deliver (D:\Saas_app_version_2\apps\backend\src\platform\task-notification-outbox.worker.ts:92:42)
    at process.processTicksAndRejections (node:internal/process/task_queues:104:5)
    at async TaskNotificationOutboxWorker.flush (D:\Saas_app_version_2\apps\backend\src\platform\task-notification-outbox.worker.ts:70:24)
[31m[Nest] 3808  - [39m08/12/2026, 5:24:26 PM [31m  ERROR[39m [38;5;3m[TaskNotificationOutboxWorker] [39m[31mUnable to deliver task notification event 8ec854be-d8ec-4e33-b797-533d5cb65c6d.[39m
TypeError: Cannot read properties of undefined (reading 'rooms')
    at EmployeeNotificationsGateway.emitNewNotification (D:\Saas_app_version_2\apps\backend\src\platform\employee-notifications.gateway.ts:51:51)
    at TaskNotificationOutboxWorker.deliver (D:\Saas_app_version_2\apps\backend\src\platform\task-notification-outbox.worker.ts:92:42)
    at process.processTicksAndRejections (node:internal/process/task_queues:104:5)
    at async TaskNotificationOutboxWorker.flush (D:\Saas_app_version_2\apps\backend\src\platform\task-notification-outbox.worker.ts:70:24)
[31m[Nest] 3808  - [39m08/12/2026, 5:24:34 PM [31m  ERROR[39m [38;5;3m[TaskNotificationOutboxWorker] [39m[31mUnable to deliver task notification event 5e5aae14-c488-4886-aed3-d7115f24f41f.[39m
TypeError: Cannot read properties of undefined (reading 'rooms')
    at EmployeeNotificationsGateway.emitNewNotification (D:\Saas_app_version_2\apps\backend\src\platform\employee-notifications.gateway.ts:51:51)
    at TaskNotificationOutboxWorker.deliver (D:\Saas_app_version_2\apps\backend\src\platform\task-notification-outbox.worker.ts:92:42)
    at process.processTicksAndRejections (node:internal/process/task_queues:104:5)
    at async TaskNotificationOutboxWorker.flush (D:\Saas_app_version_2\apps\backend\src\platform\task-notification-outbox.worker.ts:70:24)
[31m[Nest] 3808  - [39m08/12/2026, 5:25:27 PM [31m  ERROR[39m [38;5;3m[TaskNotificationOutboxWorker] [39m[31mUnable to deliver task notification event 8ec854be-d8ec-4e33-b797-533d5cb65c6d.[39m
TypeError: Cannot read properties of undefined (reading 'rooms')
    at EmployeeNotificationsGateway.emitNewNotification (D:\Saas_app_version_2\apps\backend\src\platform\employee-notifications.gateway.ts:51:51)
    at TaskNotificationOutboxWorker.deliver (D:\Saas_app_version_2\apps\backend\src\platform\task-notification-outbox.worker.ts:92:42)
    at process.processTicksAndRejections (node:internal/process/task_queues:104:5)
    at async TaskNotificationOutboxWorker.flush (D:\Saas_app_version_2\apps\backend\src\platform\task-notification-outbox.worker.ts:70:24)
[31m[Nest] 3808  - [39m08/12/2026, 5:28:28 PM [31m  ERROR[39m [38;5;3m[TaskNotificationOutboxWorker] [39m[31mUnable to deliver task notification event 8ec854be-d8ec-4e33-b797-533d5cb65c6d.[39m
TypeError: Cannot read properties of undefined (reading 'rooms')
    at EmployeeNotificationsGateway.emitNewNotification (D:\Saas_app_version_2\apps\backend\src\platform\employee-notifications.gateway.ts:51:51)
    at TaskNotificationOutboxWorker.deliver (D:\Saas_app_version_2\apps\backend\src\platform\task-notification-outbox.worker.ts:92:42)
    at process.processTicksAndRejections (node:internal/process/task_queues:104:5)
    at async TaskNotificationOutboxWorker.flush (D:\Saas_app_version_2\apps\backend\src\platform\task-notification-outbox.worker.ts:70:24)
[31m[Nest] 3808  - [39m08/12/2026, 5:28:36 PM [31m  ERROR[39m [38;5;3m[TaskNotificationOutboxWorker] [39m[31mUnable to deliver task notification event 5e5aae14-c488-4886-aed3-d7115f24f41f.[39m
TypeError: Cannot read properties of undefined (reading 'rooms')
    at EmployeeNotificationsGateway.emitNewNotification (D:\Saas_app_version_2\apps\backend\src\platform\employee-notifications.gateway.ts:51:51)
    at TaskNotificationOutboxWorker.deliver (D:\Saas_app_version_2\apps\backend\src\platform\task-notification-outbox.worker.ts:92:42)
    at process.processTicksAndRejections (node:internal/process/task_queues:104:5)
    at async TaskNotificationOutboxWorker.flush (D:\Saas_app_version_2\apps\backend\src\platform\task-notification-outbox.worker.ts:70:24)
[31m[Nest] 3808  - [39m08/12/2026, 5:29:29 PM [31m  ERROR[39m [38;5;3m[TaskNotificationOutboxWorker] [39m[31mUnable to deliver task notification event 8ec854be-d8ec-4e33-b797-533d5cb65c6d.[39m
TypeError: Cannot read properties of undefined (reading 'rooms')
    at EmployeeNotificationsGateway.emitNewNotification (D:\Saas_app_version_2\apps\backend\src\platform\employee-notifications.gateway.ts:51:51)
    at TaskNotificationOutboxWorker.deliver (D:\Saas_app_version_2\apps\backend\src\platform\task-notification-outbox.worker.ts:92:42)
    at process.processTicksAndRejections (node:internal/process/task_queues:104:5)
    at async TaskNotificationOutboxWorker.flush (D:\Saas_app_version_2\apps\backend\src\platform\task-notification-outbox.worker.ts:70:24)
[31m[Nest] 3808  - [39m08/12/2026, 5:29:36 PM [31m  ERROR[39m [38;5;3m[TaskNotificationOutboxWorker] [39m[31mUnable to deliver task notification event 5e5aae14-c488-4886-aed3-d7115f24f41f.[39m
TypeError: Cannot read properties of undefined (reading 'rooms')
    at EmployeeNotificationsGateway.emitNewNotification (D:\Saas_app_version_2\apps\backend\src\platform\employee-notifications.gateway.ts:51:51)
    at TaskNotificationOutboxWorker.deliver (D:\Saas_app_version_2\apps\backend\src\platform\task-notification-outbox.worker.ts:92:42)
    at process.processTicksAndRejections (node:internal/process/task_queues:104:5)
    at async TaskNotificationOutboxWorker.flush (D:\Saas_app_version_2\apps\backend\src\platform\task-notification-outbox.worker.ts:70:24)
[31m[Nest] 3808  - [39m08/12/2026, 5:30:37 PM [31m  ERROR[39m [38;5;3m[TaskNotificationOutboxWorker] [39m[31mUnable to deliver task notification event 5e5aae14-c488-4886-aed3-d7115f24f41f.[39m
TypeError: Cannot read properties of undefined (reading 'rooms')
    at EmployeeNotificationsGateway.emitNewNotification (D:\Saas_app_version_2\apps\backend\src\platform\employee-notifications.gateway.ts:51:51)
    at TaskNotificationOutboxWorker.deliver (D:\Saas_app_version_2\apps\backend\src\platform\task-notification-outbox.worker.ts:92:42)
    at process.processTicksAndRejections (node:internal/process/task_queues:104:5)
    at async TaskNotificationOutboxWorker.flush (D:\Saas_app_version_2\apps\backend\src\platform\task-notification-outbox.worker.ts:70:24)
[31m[Nest] 3808  - [39m08/12/2026, 5:31:38 PM [31m  ERROR[39m [38;5;3m[TaskNotificationOutboxWorker] [39m[31mUnable to deliver task notification event 5e5aae14-c488-4886-aed3-d7115f24f41f.[39m
TypeError: Cannot read properties of undefined (reading 'rooms')
    at EmployeeNotificationsGateway.emitNewNotification (D:\Saas_app_version_2\apps\backend\src\platform\employee-notifications.gateway.ts:51:51)
    at TaskNotificationOutboxWorker.deliver (D:\Saas_app_version_2\apps\backend\src\platform\task-notification-outbox.worker.ts:92:42)
    at process.processTicksAndRejections (node:internal/process/task_queues:104:5)
    at async TaskNotificationOutboxWorker.flush (D:\Saas_app_version_2\apps\backend\src\platform\task-notification-outbox.worker.ts:70:24)
[31m[Nest] 3808  - [39m08/12/2026, 5:32:30 PM [31m  ERROR[39m [38;5;3m[TaskNotificationOutboxWorker] [39m[31mUnable to deliver task notification event 8ec854be-d8ec-4e33-b797-533d5cb65c6d.[39m
TypeError: Cannot read properties of undefined (reading 'rooms')
    at EmployeeNotificationsGateway.emitNewNotification (D:\Saas_app_version_2\apps\backend\src\platform\employee-notifications.gateway.ts:51:51)
    at TaskNotificationOutboxWorker.deliver (D:\Saas_app_version_2\apps\backend\src\platform\task-notification-outbox.worker.ts:92:42)
    at process.processTicksAndRejections (node:internal/process/task_queues:104:5)
    at async TaskNotificationOutboxWorker.flush (D:\Saas_app_version_2\apps\backend\src\platform\task-notification-outbox.worker.ts:70:24)
[31m[Nest] 3808  - [39m08/12/2026, 5:32:38 PM [31m  ERROR[39m [38;5;3m[TaskNotificationOutboxWorker] [39m[31mUnable to deliver task notification event 5e5aae14-c488-4886-aed3-d7115f24f41f.[39m
TypeError: Cannot read properties of undefined (reading 'rooms')
    at EmployeeNotificationsGateway.emitNewNotification (D:\Saas_app_version_2\apps\backend\src\platform\employee-notifications.gateway.ts:51:51)
    at TaskNotificationOutboxWorker.deliver (D:\Saas_app_version_2\apps\backend\src\platform\task-notification-outbox.worker.ts:92:42)
    at process.processTicksAndRejections (node:internal/process/task_queues:104:5)
    at async TaskNotificationOutboxWorker.flush (D:\Saas_app_version_2\apps\backend\src\platform\task-notification-outbox.worker.ts:70:24)
[31m[Nest] 3808  - [39m08/12/2026, 5:33:31 PM [31m  ERROR[39m [38;5;3m[TaskNotificationOutboxWorker] [39m[31mUnable to deliver task notification event 8ec854be-d8ec-4e33-b797-533d5cb65c6d.[39m
TypeError: Cannot read properties of undefined (reading 'rooms')
    at EmployeeNotificationsGateway.emitNewNotification (D:\Saas_app_version_2\apps\backend\src\platform\employee-notifications.gateway.ts:51:51)
    at TaskNotificationOutboxWorker.deliver (D:\Saas_app_version_2\apps\backend\src\platform\task-notification-outbox.worker.ts:92:42)
    at process.processTicksAndRejections (node:internal/process/task_queues:104:5)
    at async TaskNotificationOutboxWorker.flush (D:\Saas_app_version_2\apps\backend\src\platform\task-notification-outbox.worker.ts:70:24)
[31m[Nest] 3808  - [39m08/12/2026, 5:33:39 PM [31m  ERROR[39m [38;5;3m[TaskNotificationOutboxWorker] [39m[31mUnable to deliver task notification event 5e5aae14-c488-4886-aed3-d7115f24f41f.[39m
TypeError: Cannot read properties of undefined (reading 'rooms')
    at EmployeeNotificationsGateway.emitNewNotification (D:\Saas_app_version_2\apps\backend\src\platform\employee-notifications.gateway.ts:51:51)
    at TaskNotificationOutboxWorker.deliver (D:\Saas_app_version_2\apps\backend\src\platform\task-notification-outbox.worker.ts:92:42)
    at process.processTicksAndRejections (node:internal/process/task_queues:104:5)
    at async TaskNotificationOutboxWorker.flush (D:\Saas_app_version_2\apps\backend\src\platform\task-notification-outbox.worker.ts:70:24)
[31m[Nest] 3808  - [39m08/12/2026, 5:34:31 PM [31m  ERROR[39m [38;5;3m[TaskNotificationOutboxWorker] [39m[31mUnable to deliver task notification event 8ec854be-d8ec-4e33-b797-533d5cb65c6d.[39m
TypeError: Cannot read properties of undefined (reading 'rooms')
    at EmployeeNotificationsGateway.emitNewNotification (D:\Saas_app_version_2\apps\backend\src\platform\employee-notifications.gateway.ts:51:51)
    at TaskNotificationOutboxWorker.deliver (D:\Saas_app_version_2\apps\backend\src\platform\task-notification-outbox.worker.ts:92:42)
    at process.processTicksAndRejections (node:internal/process/task_queues:104:5)
    at async TaskNotificationOutboxWorker.flush (D:\Saas_app_version_2\apps\backend\src\platform\task-notification-outbox.worker.ts:70:24)
[31m[Nest] 3808  - [39m08/12/2026, 5:34:39 PM [31m  ERROR[39m [38;5;3m[TaskNotificationOutboxWorker] [39m[31mUnable to deliver task notification event 5e5aae14-c488-4886-aed3-d7115f24f41f.[39m
TypeError: Cannot read properties of undefined (reading 'rooms')
    at EmployeeNotificationsGateway.emitNewNotification (D:\Saas_app_version_2\apps\backend\src\platform\employee-notifications.gateway.ts:51:51)
    at TaskNotificationOutboxWorker.deliver (D:\Saas_app_version_2\apps\backend\src\platform\task-notification-outbox.worker.ts:92:42)
    at process.processTicksAndRejections (node:internal/process/task_queues:104:5)
    at async TaskNotificationOutboxWorker.flush (D:\Saas_app_version_2\apps\backend\src\platform\task-notification-outbox.worker.ts:70:24)
[31m[Nest] 3808  - [39m08/12/2026, 5:35:32 PM [31m  ERROR[39m [38;5;3m[TaskNotificationOutboxWorker] [39m[31mUnable to deliver task notification event 8ec854be-d8ec-4e33-b797-533d5cb65c6d.[39m
TypeError: Cannot read properties of undefined (reading 'rooms')
    at EmployeeNotificationsGateway.emitNewNotification (D:\Saas_app_version_2\apps\backend\src\platform\employee-notifications.gateway.ts:51:51)
    at TaskNotificationOutboxWorker.deliver (D:\Saas_app_version_2\apps\backend\src\platform\task-notification-outbox.worker.ts:92:42)
    at process.processTicksAndRejections (node:internal/process/task_queues:104:5)
    at async TaskNotificationOutboxWorker.flush (D:\Saas_app_version_2\apps\backend\src\platform\task-notification-outbox.worker.ts:70:24)
[31m[Nest] 3808  - [39m08/12/2026, 5:35:40 PM [31m  ERROR[39m [38;5;3m[TaskNotificationOutboxWorker] [39m[31mUnable to deliver task notification event 5e5aae14-c488-4886-aed3-d7115f24f41f.[39m
TypeError: Cannot read properties of undefined (reading 'rooms')
    at EmployeeNotificationsGateway.emitNewNotification (D:\Saas_app_version_2\apps\backend\src\platform\employee-notifications.gateway.ts:51:51)
    at TaskNotificationOutboxWorker.deliver (D:\Saas_app_version_2\apps\backend\src\platform\task-notification-outbox.worker.ts:92:42)
    at process.processTicksAndRejections (node:internal/process/task_queues:104:5)
    at async TaskNotificationOutboxWorker.flush (D:\Saas_app_version_2\apps\backend\src\platform\task-notification-outbox.worker.ts:70:24)
[31m[Nest] 3808  - [39m08/12/2026, 5:36:33 PM [31m  ERROR[39m [38;5;3m[TaskNotificationOutboxWorker] [39m[31mUnable to deliver task notification event 8ec854be-d8ec-4e33-b797-533d5cb65c6d.[39m
TypeError: Cannot read properties of undefined (reading 'rooms')
    at EmployeeNotificationsGateway.emitNewNotification (D:\Saas_app_version_2\apps\backend\src\platform\employee-notifications.gateway.ts:51:51)
    at TaskNotificationOutboxWorker.deliver (D:\Saas_app_version_2\apps\backend\src\platform\task-notification-outbox.worker.ts:92:42)
    at process.processTicksAndRejections (node:internal/process/task_queues:104:5)
    at async TaskNotificationOutboxWorker.flush (D:\Saas_app_version_2\apps\backend\src\platform\task-notification-outbox.worker.ts:70:24)
[31m[Nest] 3808  - [39m08/12/2026, 5:39:42 PM [31m  ERROR[39m [38;5;3m[TaskNotificationOutboxWorker] [39m[31mUnable to deliver task notification event 5e5aae14-c488-4886-aed3-d7115f24f41f.[39m
TypeError: Cannot read properties of undefined (reading 'rooms')
    at EmployeeNotificationsGateway.emitNewNotification (D:\Saas_app_version_2\apps\backend\src\platform\employee-notifications.gateway.ts:51:51)
    at TaskNotificationOutboxWorker.deliver (D:\Saas_app_version_2\apps\backend\src\platform\task-notification-outbox.worker.ts:92:42)
    at process.processTicksAndRejections (node:internal/process/task_queues:104:5)
    at async TaskNotificationOutboxWorker.flush (D:\Saas_app_version_2\apps\backend\src\platform\task-notification-outbox.worker.ts:70:24)
[31m[Nest] 3808  - [39m08/12/2026, 5:41:36 PM [31m  ERROR[39m [38;5;3m[TaskNotificationOutboxWorker] [39m[31mUnable to deliver task notification event 8ec854be-d8ec-4e33-b797-533d5cb65c6d.[39m
TypeError: Cannot read properties of undefined (reading 'rooms')
    at EmployeeNotificationsGateway.emitNewNotification (D:\Saas_app_version_2\apps\backend\src\platform\employee-notifications.gateway.ts:51:51)
    at TaskNotificationOutboxWorker.deliver (D:\Saas_app_version_2\apps\backend\src\platform\task-notification-outbox.worker.ts:92:42)
    at process.processTicksAndRejections (node:internal/process/task_queues:104:5)
    at async TaskNotificationOutboxWorker.flush (D:\Saas_app_version_2\apps\backend\src\platform\task-notification-outbox.worker.ts:70:24)
[31m[Nest] 3808  - [39m08/12/2026, 5:41:43 PM [31m  ERROR[39m [38;5;3m[TaskNotificationOutboxWorker] [39m[31mUnable to deliver task notification event 5e5aae14-c488-4886-aed3-d7115f24f41f.[39m
TypeError: Cannot read properties of undefined (reading 'rooms')
    at EmployeeNotificationsGateway.emitNewNotification (D:\Saas_app_version_2\apps\backend\src\platform\employee-notifications.gateway.ts:51:51)
    at TaskNotificationOutboxWorker.deliver (D:\Saas_app_version_2\apps\backend\src\platform\task-notification-outbox.worker.ts:92:42)
    at process.processTicksAndRejections (node:internal/process/task_queues:104:5)
    at async TaskNotificationOutboxWorker.flush (D:\Saas_app_version_2\apps\backend\src\platform\task-notification-outbox.worker.ts:70:24)
[31m[Nest] 3808  - [39m08/12/2026, 5:42:36 PM [31m  ERROR[39m [38;5;3m[TaskNotificationOutboxWorker] [39m[31mUnable to deliver task notification event 8ec854be-d8ec-4e33-b797-533d5cb65c6d.[39m
TypeError: Cannot read properties of undefined (reading 'rooms')
    at EmployeeNotificationsGateway.emitNewNotification (D:\Saas_app_version_2\apps\backend\src\platform\employee-notifications.gateway.ts:51:51)
    at TaskNotificationOutboxWorker.deliver (D:\Saas_app_version_2\apps\backend\src\platform\task-notification-outbox.worker.ts:92:42)
    at process.processTicksAndRejections (node:internal/process/task_queues:104:5)
    at async TaskNotificationOutboxWorker.flush (D:\Saas_app_version_2\apps\backend\src\platform\task-notification-outbox.worker.ts:70:24)
[31m[Nest] 3808  - [39m08/12/2026, 5:44:38 PM [31m  ERROR[39m [38;5;3m[TaskNotificationOutboxWorker] [39m[31mUnable to deliver task notification event 8ec854be-d8ec-4e33-b797-533d5cb65c6d.[39m
TypeError: Cannot read properties of undefined (reading 'rooms')
    at EmployeeNotificationsGateway.emitNewNotification (D:\Saas_app_version_2\apps\backend\src\platform\employee-notifications.gateway.ts:51:51)
    at TaskNotificationOutboxWorker.deliver (D:\Saas_app_version_2\apps\backend\src\platform\task-notification-outbox.worker.ts:92:42)
    at process.processTicksAndRejections (node:internal/process/task_queues:104:5)
    at async TaskNotificationOutboxWorker.flush (D:\Saas_app_version_2\apps\backend\src\platform\task-notification-outbox.worker.ts:70:24)
[31m[Nest] 3808  - [39m08/12/2026, 5:44:45 PM [31m  ERROR[39m [38;5;3m[TaskNotificationOutboxWorker] [39m[31mUnable to deliver task notification event 5e5aae14-c488-4886-aed3-d7115f24f41f.[39m
TypeError: Cannot read properties of undefined (reading 'rooms')
    at EmployeeNotificationsGateway.emitNewNotification (D:\Saas_app_version_2\apps\backend\src\platform\employee-notifications.gateway.ts:51:51)
    at TaskNotificationOutboxWorker.deliver (D:\Saas_app_version_2\apps\backend\src\platform\task-notification-outbox.worker.ts:92:42)
    at process.processTicksAndRejections (node:internal/process/task_queues:104:5)
    at async TaskNotificationOutboxWorker.flush (D:\Saas_app_version_2\apps\backend\src\platform\task-notification-outbox.worker.ts:70:24)
[31m[Nest] 3808  - [39m08/12/2026, 5:45:38 PM [31m  ERROR[39m [38;5;3m[TaskNotificationOutboxWorker] [39m[31mUnable to deliver task notification event 8ec854be-d8ec-4e33-b797-533d5cb65c6d.[39m
TypeError: Cannot read properties of undefined (reading 'rooms')
    at EmployeeNotificationsGateway.emitNewNotification (D:\Saas_app_version_2\apps\backend\src\platform\employee-notifications.gateway.ts:51:51)
    at TaskNotificationOutboxWorker.deliver (D:\Saas_app_version_2\apps\backend\src\platform\task-notification-outbox.worker.ts:92:42)
    at process.processTicksAndRejections (node:internal/process/task_queues:104:5)
    at async TaskNotificationOutboxWorker.flush (D:\Saas_app_version_2\apps\backend\src\platform\task-notification-outbox.worker.ts:70:24)
[31m[Nest] 3808  - [39m08/12/2026, 5:50:48 PM [31m  ERROR[39m [38;5;3m[TaskNotificationOutboxWorker] [39m[31mUnable to deliver task notification event 5e5aae14-c488-4886-aed3-d7115f24f41f.[39m
TypeError: Cannot read properties of undefined (reading 'rooms')
    at EmployeeNotificationsGateway.emitNewNotification (D:\Saas_app_version_2\apps\backend\src\platform\employee-notifications.gateway.ts:51:51)
    at TaskNotificationOutboxWorker.deliver (D:\Saas_app_version_2\apps\backend\src\platform\task-notification-outbox.worker.ts:92:42)
    at process.processTicksAndRejections (node:internal/process/task_queues:104:5)
    at async TaskNotificationOutboxWorker.flush (D:\Saas_app_version_2\apps\backend\src\platform\task-notification-outbox.worker.ts:70:24)
[31m[Nest] 3808  - [39m08/12/2026, 5:51:41 PM [31m  ERROR[39m [38;5;3m[TaskNotificationOutboxWorker] [39m[31mUnable to deliver task notification event 8ec854be-d8ec-4e33-b797-533d5cb65c6d.[39m
TypeError: Cannot read properties of undefined (reading 'rooms')
    at EmployeeNotificationsGateway.emitNewNotification (D:\Saas_app_version_2\apps\backend\src\platform\employee-notifications.gateway.ts:51:51)
    at TaskNotificationOutboxWorker.deliver (D:\Saas_app_version_2\apps\backend\src\platform\task-notification-outbox.worker.ts:92:42)
    at process.processTicksAndRejections (node:internal/process/task_queues:104:5)
    at async TaskNotificationOutboxWorker.flush (D:\Saas_app_version_2\apps\backend\src\platform\task-notification-outbox.worker.ts:70:24)
[31m[Nest] 3808  - [39m08/12/2026, 5:51:49 PM [31m  ERROR[39m [38;5;3m[TaskNotificationOutboxWorker] [39m[31mUnable to deliver task notification event 5e5aae14-c488-4886-aed3-d7115f24f41f.[39m
TypeError: Cannot read properties of undefined (reading 'rooms')
    at EmployeeNotificationsGateway.emitNewNotification (D:\Saas_app_version_2\apps\backend\src\platform\employee-notifications.gateway.ts:51:51)
    at TaskNotificationOutboxWorker.deliver (D:\Saas_app_version_2\apps\backend\src\platform\task-notification-outbox.worker.ts:92:42)
    at process.processTicksAndRejections (node:internal/process/task_queues:104:5)
    at async TaskNotificationOutboxWorker.flush (D:\Saas_app_version_2\apps\backend\src\platform\task-notification-outbox.worker.ts:70:24)
[31m[Nest] 3808  - [39m08/12/2026, 5:52:42 PM [31m  ERROR[39m [38;5;3m[TaskNotificationOutboxWorker] [39m[31mUnable to deliver task notification event 8ec854be-d8ec-4e33-b797-533d5cb65c6d.[39m
TypeError: Cannot read properties of undefined (reading 'rooms')
    at EmployeeNotificationsGateway.emitNewNotification (D:\Saas_app_version_2\apps\backend\src\platform\employee-notifications.gateway.ts:51:51)
    at TaskNotificationOutboxWorker.deliver (D:\Saas_app_version_2\apps\backend\src\platform\task-notification-outbox.worker.ts:92:42)
    at process.processTicksAndRejections (node:internal/process/task_queues:104:5)
    at async TaskNotificationOutboxWorker.flush (D:\Saas_app_version_2\apps\backend\src\platform\task-notification-outbox.worker.ts:70:24)
[31m[Nest] 3808  - [39m08/12/2026, 5:53:24 PM [31m  ERROR[39m [38;5;3m[TaskNotificationOutboxWorker] [39m[31mUnable to deliver task notification event 560f9b55-a0ea-433f-ae9f-2d91887843f2.[39m
TypeError: Cannot read properties of undefined (reading 'rooms')
    at EmployeeNotificationsGateway.emitNewNotification (D:\Saas_app_version_2\apps\backend\src\platform\employee-notifications.gateway.ts:51:51)
    at TaskNotificationOutboxWorker.deliver (D:\Saas_app_version_2\apps\backend\src\platform\task-notification-outbox.worker.ts:92:42)
    at process.processTicksAndRejections (node:internal/process/task_queues:104:5)
    at async TaskNotificationOutboxWorker.flush (D:\Saas_app_version_2\apps\backend\src\platform\task-notification-outbox.worker.ts:70:24)
[31m[Nest] 3808  - [39m08/12/2026, 5:53:34 PM [31m  ERROR[39m [38;5;3m[TaskNotificationOutboxWorker] [39m[31mUnable to deliver task notification event 560f9b55-a0ea-433f-ae9f-2d91887843f2.[39m
TypeError: Cannot read properties of undefined (reading 'rooms')
    at EmployeeNotificationsGateway.emitNewNotification (D:\Saas_app_version_2\apps\backend\src\platform\employee-notifications.gateway.ts:51:51)
    at TaskNotificationOutboxWorker.deliver (D:\Saas_app_version_2\apps\backend\src\platform\task-notification-outbox.worker.ts:92:42)
    at process.processTicksAndRejections (node:internal/process/task_queues:104:5)
    at async TaskNotificationOutboxWorker.flush (D:\Saas_app_version_2\apps\backend\src\platform\task-notification-outbox.worker.ts:70:24)
[31m[Nest] 3808  - [39m08/12/2026, 5:53:43 PM [31m  ERROR[39m [38;5;3m[TaskNotificationOutboxWorker] [39m[31mUnable to deliver task notification event 8ec854be-d8ec-4e33-b797-533d5cb65c6d.[39m
TypeError: Cannot read properties of undefined (reading 'rooms')
    at EmployeeNotificationsGateway.emitNewNotification (D:\Saas_app_version_2\apps\backend\src\platform\employee-notifications.gateway.ts:51:51)
    at TaskNotificationOutboxWorker.deliver (D:\Saas_app_version_2\apps\backend\src\platform\task-notification-outbox.worker.ts:92:42)
    at process.processTicksAndRejections (node:internal/process/task_queues:104:5)
    at async TaskNotificationOutboxWorker.flush (D:\Saas_app_version_2\apps\backend\src\platform\task-notification-outbox.worker.ts:70:24)
[31m[Nest] 3808  - [39m08/12/2026, 5:54:18 PM [31m  ERROR[39m [38;5;3m[TaskNotificationOutboxWorker] [39m[31mUnable to deliver task notification event 560f9b55-a0ea-433f-ae9f-2d91887843f2.[39m
TypeError: Cannot read properties of undefined (reading 'rooms')
    at EmployeeNotificationsGateway.emitNewNotification (D:\Saas_app_version_2\apps\backend\src\platform\employee-notifications.gateway.ts:51:51)
    at TaskNotificationOutboxWorker.deliver (D:\Saas_app_version_2\apps\backend\src\platform\task-notification-outbox.worker.ts:92:42)
    at process.processTicksAndRejections (node:internal/process/task_queues:104:5)
    at async TaskNotificationOutboxWorker.flush (D:\Saas_app_version_2\apps\backend\src\platform\task-notification-outbox.worker.ts:70:24)
[31m[Nest] 3808  - [39m08/12/2026, 5:54:37 PM [31m  ERROR[39m [38;5;3m[TaskNotificationOutboxWorker] [39m[31mUnable to deliver task notification event 560f9b55-a0ea-433f-ae9f-2d91887843f2.[39m
TypeError: Cannot read properties of undefined (reading 'rooms')
    at EmployeeNotificationsGateway.emitNewNotification (D:\Saas_app_version_2\apps\backend\src\platform\employee-notifications.gateway.ts:51:51)
    at TaskNotificationOutboxWorker.deliver (D:\Saas_app_version_2\apps\backend\src\platform\task-notification-outbox.worker.ts:92:42)
    at process.processTicksAndRejections (node:internal/process/task_queues:104:5)
    at async TaskNotificationOutboxWorker.flush (D:\Saas_app_version_2\apps\backend\src\platform\task-notification-outbox.worker.ts:70:24)
[31m[Nest] 3808  - [39m08/12/2026, 5:54:43 PM [31m  ERROR[39m [38;5;3m[TaskNotificationOutboxWorker] [39m[31mUnable to deliver task notification event 8ec854be-d8ec-4e33-b797-533d5cb65c6d.[39m
TypeError: Cannot read properties of undefined (reading 'rooms')
    at EmployeeNotificationsGateway.emitNewNotification (D:\Saas_app_version_2\apps\backend\src\platform\employee-notifications.gateway.ts:51:51)
    at TaskNotificationOutboxWorker.deliver (D:\Saas_app_version_2\apps\backend\src\platform\task-notification-outbox.worker.ts:92:42)
    at process.processTicksAndRejections (node:internal/process/task_queues:104:5)
    at async TaskNotificationOutboxWorker.flush (D:\Saas_app_version_2\apps\backend\src\platform\task-notification-outbox.worker.ts:70:24)
[31m[Nest] 3808  - [39m08/12/2026, 5:54:51 PM [31m  ERROR[39m [38;5;3m[TaskNotificationOutboxWorker] [39m[31mUnable to deliver task notification event 5e5aae14-c488-4886-aed3-d7115f24f41f.[39m
TypeError: Cannot read properties of undefined (reading 'rooms')
    at EmployeeNotificationsGateway.emitNewNotification (D:\Saas_app_version_2\apps\backend\src\platform\employee-notifications.gateway.ts:51:51)
    at TaskNotificationOutboxWorker.deliver (D:\Saas_app_version_2\apps\backend\src\platform\task-notification-outbox.worker.ts:92:42)
    at process.processTicksAndRejections (node:internal/process/task_queues:104:5)
    at async TaskNotificationOutboxWorker.flush (D:\Saas_app_version_2\apps\backend\src\platform\task-notification-outbox.worker.ts:70:24)
[31m[Nest] 3808  - [39m08/12/2026, 5:54:58 PM [31m  ERROR[39m [38;5;3m[TaskNotificationOutboxWorker] [39m[31mUnable to deliver task notification event 560f9b55-a0ea-433f-ae9f-2d91887843f2.[39m
TypeError: Cannot read properties of undefined (reading 'rooms')
    at EmployeeNotificationsGateway.emitNewNotification (D:\Saas_app_version_2\apps\backend\src\platform\employee-notifications.gateway.ts:51:51)
    at TaskNotificationOutboxWorker.deliver (D:\Saas_app_version_2\apps\backend\src\platform\task-notification-outbox.worker.ts:92:42)
    at process.processTicksAndRejections (node:internal/process/task_queues:104:5)
    at async TaskNotificationOutboxWorker.flush (D:\Saas_app_version_2\apps\backend\src\platform\task-notification-outbox.worker.ts:70:24)
[31m[Nest] 3808  - [39m08/12/2026, 5:55:44 PM [31m  ERROR[39m [38;5;3m[TaskNotificationOutboxWorker] [39m[31mUnable to deliver task notification event 8ec854be-d8ec-4e33-b797-533d5cb65c6d.[39m
TypeError: Cannot read properties of undefined (reading 'rooms')
    at EmployeeNotificationsGateway.emitNewNotification (D:\Saas_app_version_2\apps\backend\src\platform\employee-notifications.gateway.ts:51:51)
    at TaskNotificationOutboxWorker.deliver (D:\Saas_app_version_2\apps\backend\src\platform\task-notification-outbox.worker.ts:92:42)
    at process.processTicksAndRejections (node:internal/process/task_queues:104:5)
    at async TaskNotificationOutboxWorker.flush (D:\Saas_app_version_2\apps\backend\src\platform\task-notification-outbox.worker.ts:70:24)
[31m[Nest] 3808  - [39m08/12/2026, 5:55:52 PM [31m  ERROR[39m [38;5;3m[TaskNotificationOutboxWorker] [39m[31mUnable to deliver task notification event 5e5aae14-c488-4886-aed3-d7115f24f41f.[39m
TypeError: Cannot read properties of undefined (reading 'rooms')
    at EmployeeNotificationsGateway.emitNewNotification (D:\Saas_app_version_2\apps\backend\src\platform\employee-notifications.gateway.ts:51:51)
    at TaskNotificationOutboxWorker.deliver (D:\Saas_app_version_2\apps\backend\src\platform\task-notification-outbox.worker.ts:92:42)
    at process.processTicksAndRejections (node:internal/process/task_queues:104:5)
    at async TaskNotificationOutboxWorker.flush (D:\Saas_app_version_2\apps\backend\src\platform\task-notification-outbox.worker.ts:70:24)
[31m[Nest] 3808  - [39m08/12/2026, 5:56:40 PM [31m  ERROR[39m [38;5;3m[TaskNotificationOutboxWorker] [39m[31mUnable to deliver task notification event 560f9b55-a0ea-433f-ae9f-2d91887843f2.[39m
TypeError: Cannot read properties of undefined (reading 'rooms')
    at EmployeeNotificationsGateway.emitNewNotification (D:\Saas_app_version_2\apps\backend\src\platform\employee-notifications.gateway.ts:51:51)
    at TaskNotificationOutboxWorker.deliver (D:\Saas_app_version_2\apps\backend\src\platform\task-notification-outbox.worker.ts:92:42)
    at process.processTicksAndRejections (node:internal/process/task_queues:104:5)
    at async TaskNotificationOutboxWorker.flush (D:\Saas_app_version_2\apps\backend\src\platform\task-notification-outbox.worker.ts:70:24)
[31m[Nest] 3808  - [39m08/12/2026, 5:56:45 PM [31m  ERROR[39m [38;5;3m[TaskNotificationOutboxWorker] [39m[31mUnable to deliver task notification event 8ec854be-d8ec-4e33-b797-533d5cb65c6d.[39m
TypeError: Cannot read properties of undefined (reading 'rooms')
    at EmployeeNotificationsGateway.emitNewNotification (D:\Saas_app_version_2\apps\backend\src\platform\employee-notifications.gateway.ts:51:51)
    at TaskNotificationOutboxWorker.deliver (D:\Saas_app_version_2\apps\backend\src\platform\task-notification-outbox.worker.ts:92:42)
    at process.processTicksAndRejections (node:internal/process/task_queues:104:5)
    at async TaskNotificationOutboxWorker.flush (D:\Saas_app_version_2\apps\backend\src\platform\task-notification-outbox.worker.ts:70:24)
[31m[Nest] 3808  - [39m08/12/2026, 5:56:52 PM [31m  ERROR[39m [38;5;3m[TaskNotificationOutboxWorker] [39m[31mUnable to deliver task notification event 5e5aae14-c488-4886-aed3-d7115f24f41f.[39m
TypeError: Cannot read properties of undefined (reading 'rooms')
    at EmployeeNotificationsGateway.emitNewNotification (D:\Saas_app_version_2\apps\backend\src\platform\employee-notifications.gateway.ts:51:51)
    at TaskNotificationOutboxWorker.deliver (D:\Saas_app_version_2\apps\backend\src\platform\task-notification-outbox.worker.ts:92:42)
    at process.processTicksAndRejections (node:internal/process/task_queues:104:5)
    at async TaskNotificationOutboxWorker.flush (D:\Saas_app_version_2\apps\backend\src\platform\task-notification-outbox.worker.ts:70:24)
[31m[Nest] 3808  - [39m08/12/2026, 5:57:53 PM [31m  ERROR[39m [38;5;3m[TaskNotificationOutboxWorker] [39m[31mUnable to deliver task notification event 5e5aae14-c488-4886-aed3-d7115f24f41f.[39m
TypeError: Cannot read properties of undefined (reading 'rooms')
    at EmployeeNotificationsGateway.emitNewNotification (D:\Saas_app_version_2\apps\backend\src\platform\employee-notifications.gateway.ts:51:51)
    at TaskNotificationOutboxWorker.deliver (D:\Saas_app_version_2\apps\backend\src\platform\task-notification-outbox.worker.ts:92:42)
    at process.processTicksAndRejections (node:internal/process/task_queues:104:5)
    at async TaskNotificationOutboxWorker.flush (D:\Saas_app_version_2\apps\backend\src\platform\task-notification-outbox.worker.ts:70:24)
[31m[Nest] 3808  - [39m08/12/2026, 5:58:17 PM [31m  ERROR[39m [38;5;3m[TaskNotificationOutboxWorker] [39m[31mUnable to deliver task notification event 560f9b55-a0ea-433f-ae9f-2d91887843f2.[39m
TypeError: Cannot read properties of undefined (reading 'rooms')
    at EmployeeNotificationsGateway.emitNewNotification (D:\Saas_app_version_2\apps\backend\src\platform\employee-notifications.gateway.ts:51:51)
    at TaskNotificationOutboxWorker.deliver (D:\Saas_app_version_2\apps\backend\src\platform\task-notification-outbox.worker.ts:92:42)
    at process.processTicksAndRejections (node:internal/process/task_queues:104:5)
    at async TaskNotificationOutboxWorker.flush (D:\Saas_app_version_2\apps\backend\src\platform\task-notification-outbox.worker.ts:70:24)
[31m[Nest] 3808  - [39m08/12/2026, 5:58:54 PM [31m  ERROR[39m [38;5;3m[TaskNotificationOutboxWorker] [39m[31mUnable to deliver task notification event 5e5aae14-c488-4886-aed3-d7115f24f41f.[39m
TypeError: Cannot read properties of undefined (reading 'rooms')
    at EmployeeNotificationsGateway.emitNewNotification (D:\Saas_app_version_2\apps\backend\src\platform\employee-notifications.gateway.ts:51:51)
    at TaskNotificationOutboxWorker.deliver (D:\Saas_app_version_2\apps\backend\src\platform\task-notification-outbox.worker.ts:92:42)
    at process.processTicksAndRejections (node:internal/process/task_queues:104:5)
    at async TaskNotificationOutboxWorker.flush (D:\Saas_app_version_2\apps\backend\src\platform\task-notification-outbox.worker.ts:70:24)
[31m[Nest] 3808  - [39m08/12/2026, 5:58:54 PM [31m  ERROR[39m [38;5;3m[TaskNotificationOutboxWorker] [39m[31mUnable to deliver task notification event 560f9b55-a0ea-433f-ae9f-2d91887843f2.[39m
TypeError: Cannot read properties of undefined (reading 'rooms')
    at EmployeeNotificationsGateway.emitNewNotification (D:\Saas_app_version_2\apps\backend\src\platform\employee-notifications.gateway.ts:51:51)
    at TaskNotificationOutboxWorker.deliver (D:\Saas_app_version_2\apps\backend\src\platform\task-notification-outbox.worker.ts:92:42)
    at process.processTicksAndRejections (node:internal/process/task_queues:104:5)
    at async TaskNotificationOutboxWorker.flush (D:\Saas_app_version_2\apps\backend\src\platform\task-notification-outbox.worker.ts:70:24)
[31m[Nest] 3808  - [39m08/12/2026, 5:59:46 PM [31m  ERROR[39m [38;5;3m[TaskNotificationOutboxWorker] [39m[31mUnable to deliver task notification event 8ec854be-d8ec-4e33-b797-533d5cb65c6d.[39m
TypeError: Cannot read properties of undefined (reading 'rooms')
    at EmployeeNotificationsGateway.emitNewNotification (D:\Saas_app_version_2\apps\backend\src\platform\employee-notifications.gateway.ts:51:51)
    at TaskNotificationOutboxWorker.deliver (D:\Saas_app_version_2\apps\backend\src\platform\task-notification-outbox.worker.ts:92:42)
    at process.processTicksAndRejections (node:internal/process/task_queues:104:5)
    at async TaskNotificationOutboxWorker.flush (D:\Saas_app_version_2\apps\backend\src\platform\task-notification-outbox.worker.ts:70:24)
[31m[Nest] 3808  - [39m08/12/2026, 5:59:54 PM [31m  ERROR[39m [38;5;3m[TaskNotificationOutboxWorker] [39m[31mUnable to deliver task notification event 5e5aae14-c488-4886-aed3-d7115f24f41f.[39m
TypeError: Cannot read properties of undefined (reading 'rooms')
    at EmployeeNotificationsGateway.emitNewNotification (D:\Saas_app_version_2\apps\backend\src\platform\employee-notifications.gateway.ts:51:51)
    at TaskNotificationOutboxWorker.deliver (D:\Saas_app_version_2\apps\backend\src\platform\task-notification-outbox.worker.ts:92:42)
    at process.processTicksAndRejections (node:internal/process/task_queues:104:5)
    at async TaskNotificationOutboxWorker.flush (D:\Saas_app_version_2\apps\backend\src\platform\task-notification-outbox.worker.ts:70:24)
[31m[Nest] 3808  - [39m08/12/2026, 6:02:27 PM [31m  ERROR[39m [38;5;3m[TaskNotificationOutboxWorker] [39m[31mUnable to deliver task notification event 560f9b55-a0ea-433f-ae9f-2d91887843f2.[39m
TypeError: Cannot read properties of undefined (reading 'rooms')
    at EmployeeNotificationsGateway.emitNewNotification (D:\Saas_app_version_2\apps\backend\src\platform\employee-notifications.gateway.ts:51:51)
    at TaskNotificationOutboxWorker.deliver (D:\Saas_app_version_2\apps\backend\src\platform\task-notification-outbox.worker.ts:92:42)
    at process.processTicksAndRejections (node:internal/process/task_queues:104:5)
    at async TaskNotificationOutboxWorker.flush (D:\Saas_app_version_2\apps\backend\src\platform\task-notification-outbox.worker.ts:70:24)
[31m[Nest] 3808  - [39m08/12/2026, 6:03:48 PM [31m  ERROR[39m [38;5;3m[TaskNotificationOutboxWorker] [39m[31mUnable to deliver task notification event 8ec854be-d8ec-4e33-b797-533d5cb65c6d.[39m
TypeError: Cannot read properties of undefined (reading 'rooms')
    at EmployeeNotificationsGateway.emitNewNotification (D:\Saas_app_version_2\apps\backend\src\platform\employee-notifications.gateway.ts:51:51)
    at TaskNotificationOutboxWorker.deliver (D:\Saas_app_version_2\apps\backend\src\platform\task-notification-outbox.worker.ts:92:42)
    at process.processTicksAndRejections (node:internal/process/task_queues:104:5)
    at async TaskNotificationOutboxWorker.flush (D:\Saas_app_version_2\apps\backend\src\platform\task-notification-outbox.worker.ts:70:24)
[31m[Nest] 3808  - [39m08/12/2026, 6:05:50 PM [31m  ERROR[39m [38;5;3m[TaskNotificationOutboxWorker] [39m[31mUnable to deliver task notification event 8ec854be-d8ec-4e33-b797-533d5cb65c6d.[39m
TypeError: Cannot read properties of undefined (reading 'rooms')
    at EmployeeNotificationsGateway.emitNewNotification (D:\Saas_app_version_2\apps\backend\src\platform\employee-notifications.gateway.ts:51:51)
    at TaskNotificationOutboxWorker.deliver (D:\Saas_app_version_2\apps\backend\src\platform\task-notification-outbox.worker.ts:92:42)
    at process.processTicksAndRejections (node:internal/process/task_queues:104:5)
    at async TaskNotificationOutboxWorker.flush (D:\Saas_app_version_2\apps\backend\src\platform\task-notification-outbox.worker.ts:70:24)
[31m[Nest] 3808  - [39m08/12/2026, 6:05:53 PM [31m  ERROR[39m [38;5;3m[TaskNotificationOutboxWorker] [39m[31mUnable to deliver task notification event 560f9b55-a0ea-433f-ae9f-2d91887843f2.[39m
TypeError: Cannot read properties of undefined (reading 'rooms')
    at EmployeeNotificationsGateway.emitNewNotification (D:\Saas_app_version_2\apps\backend\src\platform\employee-notifications.gateway.ts:51:51)
    at TaskNotificationOutboxWorker.deliver (D:\Saas_app_version_2\apps\backend\src\platform\task-notification-outbox.worker.ts:92:42)
    at process.processTicksAndRejections (node:internal/process/task_queues:104:5)
    at async TaskNotificationOutboxWorker.flush (D:\Saas_app_version_2\apps\backend\src\platform\task-notification-outbox.worker.ts:70:24)
[31m[Nest] 3808  - [39m08/12/2026, 6:05:58 PM [31m  ERROR[39m [38;5;3m[TaskNotificationOutboxWorker] [39m[31mUnable to deliver task notification event 5e5aae14-c488-4886-aed3-d7115f24f41f.[39m
TypeError: Cannot read properties of undefined (reading 'rooms')
    at EmployeeNotificationsGateway.emitNewNotification (D:\Saas_app_version_2\apps\backend\src\platform\employee-notifications.gateway.ts:51:51)
    at TaskNotificationOutboxWorker.deliver (D:\Saas_app_version_2\apps\backend\src\platform\task-notification-outbox.worker.ts:92:42)
    at process.processTicksAndRejections (node:internal/process/task_queues:104:5)
    at async TaskNotificationOutboxWorker.flush (D:\Saas_app_version_2\apps\backend\src\platform\task-notification-outbox.worker.ts:70:24)
[31m[Nest] 3808  - [39m08/12/2026, 6:06:50 PM [31m  ERROR[39m [38;5;3m[TaskNotificationOutboxWorker] [39m[31mUnable to deliver task notification event 8ec854be-d8ec-4e33-b797-533d5cb65c6d.[39m
TypeError: Cannot read properties of undefined (reading 'rooms')
    at EmployeeNotificationsGateway.emitNewNotification (D:\Saas_app_version_2\apps\backend\src\platform\employee-notifications.gateway.ts:51:51)
    at TaskNotificationOutboxWorker.deliver (D:\Saas_app_version_2\apps\backend\src\platform\task-notification-outbox.worker.ts:92:42)
    at process.processTicksAndRejections (node:internal/process/task_queues:104:5)
    at async TaskNotificationOutboxWorker.flush (D:\Saas_app_version_2\apps\backend\src\platform\task-notification-outbox.worker.ts:70:24)
[31m[Nest] 3808  - [39m08/12/2026, 6:08:51 PM [31m  ERROR[39m [38;5;3m[TaskNotificationOutboxWorker] [39m[31mUnable to deliver task notification event 8ec854be-d8ec-4e33-b797-533d5cb65c6d.[39m
TypeError: Cannot read properties of undefined (reading 'rooms')
    at EmployeeNotificationsGateway.emitNewNotification (D:\Saas_app_version_2\apps\backend\src\platform\employee-notifications.gateway.ts:51:51)
    at TaskNotificationOutboxWorker.deliver (D:\Saas_app_version_2\apps\backend\src\platform\task-notification-outbox.worker.ts:92:42)
    at process.processTicksAndRejections (node:internal/process/task_queues:104:5)
    at async TaskNotificationOutboxWorker.flush (D:\Saas_app_version_2\apps\backend\src\platform\task-notification-outbox.worker.ts:70:24)
[31m[Nest] 3808  - [39m08/12/2026, 6:09:00 PM [31m  ERROR[39m [38;5;3m[TaskNotificationOutboxWorker] [39m[31mUnable to deliver task notification event 5e5aae14-c488-4886-aed3-d7115f24f41f.[39m
TypeError: Cannot read properties of undefined (reading 'rooms')
    at EmployeeNotificationsGateway.emitNewNotification (D:\Saas_app_version_2\apps\backend\src\platform\employee-notifications.gateway.ts:51:51)
    at TaskNotificationOutboxWorker.deliver (D:\Saas_app_version_2\apps\backend\src\platform\task-notification-outbox.worker.ts:92:42)
    at process.processTicksAndRejections (node:internal/process/task_queues:104:5)
    at async TaskNotificationOutboxWorker.flush (D:\Saas_app_version_2\apps\backend\src\platform\task-notification-outbox.worker.ts:70:24)
[31m[Nest] 3808  - [39m08/12/2026, 6:09:50 PM [31m  ERROR[39m [38;5;3m[TaskNotificationOutboxWorker] [39m[31mUnable to deliver task notification event 560f9b55-a0ea-433f-ae9f-2d91887843f2.[39m
TypeError: Cannot read properties of undefined (reading 'rooms')
    at EmployeeNotificationsGateway.emitNewNotification (D:\Saas_app_version_2\apps\backend\src\platform\employee-notifications.gateway.ts:51:51)
    at TaskNotificationOutboxWorker.deliver (D:\Saas_app_version_2\apps\backend\src\platform\task-notification-outbox.worker.ts:92:42)
    at process.processTicksAndRejections (node:internal/process/task_queues:104:5)
    at async TaskNotificationOutboxWorker.flush (D:\Saas_app_version_2\apps\backend\src\platform\task-notification-outbox.worker.ts:70:24)
[31m[Nest] 3808  - [39m08/12/2026, 6:09:52 PM [31m  ERROR[39m [38;5;3m[TaskNotificationOutboxWorker] [39m[31mUnable to deliver task notification event 8ec854be-d8ec-4e33-b797-533d5cb65c6d.[39m
TypeError: Cannot read properties of undefined (reading 'rooms')
    at EmployeeNotificationsGateway.emitNewNotification (D:\Saas_app_version_2\apps\backend\src\platform\employee-notifications.gateway.ts:51:51)
    at TaskNotificationOutboxWorker.deliver (D:\Saas_app_version_2\apps\backend\src\platform\task-notification-outbox.worker.ts:92:42)
    at process.processTicksAndRejections (node:internal/process/task_queues:104:5)
    at async TaskNotificationOutboxWorker.flush (D:\Saas_app_version_2\apps\backend\src\platform\task-notification-outbox.worker.ts:70:24)
[31m[Nest] 3808  - [39m08/12/2026, 6:10:00 PM [31m  ERROR[39m [38;5;3m[TaskNotificationOutboxWorker] [39m[31mUnable to deliver task notification event 5e5aae14-c488-4886-aed3-d7115f24f41f.[39m
TypeError: Cannot read properties of undefined (reading 'rooms')
    at EmployeeNotificationsGateway.emitNewNotification (D:\Saas_app_version_2\apps\backend\src\platform\employee-notifications.gateway.ts:51:51)
    at TaskNotificationOutboxWorker.deliver (D:\Saas_app_version_2\apps\backend\src\platform\task-notification-outbox.worker.ts:92:42)
    at process.processTicksAndRejections (node:internal/process/task_queues:104:5)
    at async TaskNotificationOutboxWorker.flush (D:\Saas_app_version_2\apps\backend\src\platform\task-notification-outbox.worker.ts:70:24)
[31m[Nest] 3808  - [39m08/12/2026, 6:10:50 PM [31m  ERROR[39m [38;5;3m[TaskNotificationOutboxWorker] [39m[31mUnable to deliver task notification event 560f9b55-a0ea-433f-ae9f-2d91887843f2.[39m
TypeError: Cannot read properties of undefined (reading 'rooms')
    at EmployeeNotificationsGateway.emitNewNotification (D:\Saas_app_version_2\apps\backend\src\platform\employee-notifications.gateway.ts:51:51)
    at TaskNotificationOutboxWorker.deliver (D:\Saas_app_version_2\apps\backend\src\platform\task-notification-outbox.worker.ts:92:42)
    at process.processTicksAndRejections (node:internal/process/task_queues:104:5)
    at async TaskNotificationOutboxWorker.flush (D:\Saas_app_version_2\apps\backend\src\platform\task-notification-outbox.worker.ts:70:24)
[31m[Nest] 3808  - [39m08/12/2026, 6:10:53 PM [31m  ERROR[39m [38;5;3m[TaskNotificationOutboxWorker] [39m[31mUnable to deliver task notification event 8ec854be-d8ec-4e33-b797-533d5cb65c6d.[39m
TypeError: Cannot read properties of undefined (reading 'rooms')
    at EmployeeNotificationsGateway.emitNewNotification (D:\Saas_app_version_2\apps\backend\src\platform\employee-notifications.gateway.ts:51:51)
    at TaskNotificationOutboxWorker.deliver (D:\Saas_app_version_2\apps\backend\src\platform\task-notification-outbox.worker.ts:92:42)
    at process.processTicksAndRejections (node:internal/process/task_queues:104:5)
    at async TaskNotificationOutboxWorker.flush (D:\Saas_app_version_2\apps\backend\src\platform\task-notification-outbox.worker.ts:70:24)
[31m[Nest] 3808  - [39m08/12/2026, 6:11:01 PM [31m  ERROR[39m [38;5;3m[TaskNotificationOutboxWorker] [39m[31mUnable to deliver task notification event 5e5aae14-c488-4886-aed3-d7115f24f41f.[39m
TypeError: Cannot read properties of undefined (reading 'rooms')
    at EmployeeNotificationsGateway.emitNewNotification (D:\Saas_app_version_2\apps\backend\src\platform\employee-notifications.gateway.ts:51:51)
    at TaskNotificationOutboxWorker.deliver (D:\Saas_app_version_2\apps\backend\src\platform\task-notification-outbox.worker.ts:92:42)
    at process.processTicksAndRejections (node:internal/process/task_queues:104:5)
    at async TaskNotificationOutboxWorker.flush (D:\Saas_app_version_2\apps\backend\src\platform\task-notification-outbox.worker.ts:70:24)
[31m[Nest] 3808  - [39m08/12/2026, 6:11:51 PM [31m  ERROR[39m [38;5;3m[TaskNotificationOutboxWorker] [39m[31mUnable to deliver task notification event 560f9b55-a0ea-433f-ae9f-2d91887843f2.[39m
TypeError: Cannot read properties of undefined (reading 'rooms')
    at EmployeeNotificationsGateway.emitNewNotification (D:\Saas_app_version_2\apps\backend\src\platform\employee-notifications.gateway.ts:51:51)
    at TaskNotificationOutboxWorker.deliver (D:\Saas_app_version_2\apps\backend\src\platform\task-notification-outbox.worker.ts:92:42)
    at process.processTicksAndRejections (node:internal/process/task_queues:104:5)
    at async TaskNotificationOutboxWorker.flush (D:\Saas_app_version_2\apps\backend\src\platform\task-notification-outbox.worker.ts:70:24)
[31m[Nest] 3808  - [39m08/12/2026, 6:11:53 PM [31m  ERROR[39m [38;5;3m[TaskNotificationOutboxWorker] [39m[31mUnable to deliver task notification event 8ec854be-d8ec-4e33-b797-533d5cb65c6d.[39m
TypeError: Cannot read properties of undefined (reading 'rooms')
    at EmployeeNotificationsGateway.emitNewNotification (D:\Saas_app_version_2\apps\backend\src\platform\employee-notifications.gateway.ts:51:51)
    at TaskNotificationOutboxWorker.deliver (D:\Saas_app_version_2\apps\backend\src\platform\task-notification-outbox.worker.ts:92:42)
    at process.processTicksAndRejections (node:internal/process/task_queues:104:5)
    at async TaskNotificationOutboxWorker.flush (D:\Saas_app_version_2\apps\backend\src\platform\task-notification-outbox.worker.ts:70:24)
[31m[Nest] 3808  - [39m08/12/2026, 6:12:02 PM [31m  ERROR[39m [38;5;3m[TaskNotificationOutboxWorker] [39m[31mUnable to deliver task notification event 5e5aae14-c488-4886-aed3-d7115f24f41f.[39m
TypeError: Cannot read properties of undefined (reading 'rooms')
    at EmployeeNotificationsGateway.emitNewNotification (D:\Saas_app_version_2\apps\backend\src\platform\employee-notifications.gateway.ts:51:51)
    at TaskNotificationOutboxWorker.deliver (D:\Saas_app_version_2\apps\backend\src\platform\task-notification-outbox.worker.ts:92:42)
    at process.processTicksAndRejections (node:internal/process/task_queues:104:5)
    at async TaskNotificationOutboxWorker.flush (D:\Saas_app_version_2\apps\backend\src\platform\task-notification-outbox.worker.ts:70:24)
[31m[Nest] 3808  - [39m08/12/2026, 6:12:51 PM [31m  ERROR[39m [38;5;3m[TaskNotificationOutboxWorker] [39m[31mUnable to deliver task notification event 560f9b55-a0ea-433f-ae9f-2d91887843f2.[39m
TypeError: Cannot read properties of undefined (reading 'rooms')
    at EmployeeNotificationsGateway.emitNewNotification (D:\Saas_app_version_2\apps\backend\src\platform\employee-notifications.gateway.ts:51:51)
    at TaskNotificationOutboxWorker.deliver (D:\Saas_app_version_2\apps\backend\src\platform\task-notification-outbox.worker.ts:92:42)
    at process.processTicksAndRejections (node:internal/process/task_queues:104:5)
    at async TaskNotificationOutboxWorker.flush (D:\Saas_app_version_2\apps\backend\src\platform\task-notification-outbox.worker.ts:70:24)
[31m[Nest] 3808  - [39m08/12/2026, 6:12:54 PM [31m  ERROR[39m [38;5;3m[TaskNotificationOutboxWorker] [39m[31mUnable to deliver task notification event 8ec854be-d8ec-4e33-b797-533d5cb65c6d.[39m
TypeError: Cannot read properties of undefined (reading 'rooms')
    at EmployeeNotificationsGateway.emitNewNotification (D:\Saas_app_version_2\apps\backend\src\platform\employee-notifications.gateway.ts:51:51)
    at TaskNotificationOutboxWorker.deliver (D:\Saas_app_version_2\apps\backend\src\platform\task-notification-outbox.worker.ts:92:42)
    at process.processTicksAndRejections (node:internal/process/task_queues:104:5)
    at async TaskNotificationOutboxWorker.flush (D:\Saas_app_version_2\apps\backend\src\platform\task-notification-outbox.worker.ts:70:24)
[31m[Nest] 3808  - [39m08/12/2026, 6:13:02 PM [31m  ERROR[39m [38;5;3m[TaskNotificationOutboxWorker] [39m[31mUnable to deliver task notification event 5e5aae14-c488-4886-aed3-d7115f24f41f.[39m
TypeError: Cannot read properties of undefined (reading 'rooms')
    at EmployeeNotificationsGateway.emitNewNotification (D:\Saas_app_version_2\apps\backend\src\platform\employee-notifications.gateway.ts:51:51)
    at TaskNotificationOutboxWorker.deliver (D:\Saas_app_version_2\apps\backend\src\platform\task-notification-outbox.worker.ts:92:42)
    at process.processTicksAndRejections (node:internal/process/task_queues:104:5)
    at async TaskNotificationOutboxWorker.flush (D:\Saas_app_version_2\apps\backend\src\platform\task-notification-outbox.worker.ts:70:24)
[31m[Nest] 3808  - [39m08/12/2026, 6:13:53 PM [31m  ERROR[39m [38;5;3m[TaskNotificationOutboxWorker] [39m[31mUnable to deliver task notification event 560f9b55-a0ea-433f-ae9f-2d91887843f2.[39m
TypeError: Cannot read properties of undefined (reading 'rooms')
    at EmployeeNotificationsGateway.emitNewNotification (D:\Saas_app_version_2\apps\backend\src\platform\employee-notifications.gateway.ts:51:51)
    at TaskNotificationOutboxWorker.deliver (D:\Saas_app_version_2\apps\backend\src\platform\task-notification-outbox.worker.ts:92:42)
    at process.processTicksAndRejections (node:internal/process/task_queues:104:5)
    at async TaskNotificationOutboxWorker.flush (D:\Saas_app_version_2\apps\backend\src\platform\task-notification-outbox.worker.ts:70:24)
[31m[Nest] 3808  - [39m08/12/2026, 6:13:55 PM [31m  ERROR[39m [38;5;3m[TaskNotificationOutboxWorker] [39m[31mUnable to deliver task notification event 8ec854be-d8ec-4e33-b797-533d5cb65c6d.[39m
TypeError: Cannot read properties of undefined (reading 'rooms')
    at EmployeeNotificationsGateway.emitNewNotification (D:\Saas_app_version_2\apps\backend\src\platform\employee-notifications.gateway.ts:51:51)
    at TaskNotificationOutboxWorker.deliver (D:\Saas_app_version_2\apps\backend\src\platform\task-notification-outbox.worker.ts:92:42)
    at process.processTicksAndRejections (node:internal/process/task_queues:104:5)
    at async TaskNotificationOutboxWorker.flush (D:\Saas_app_version_2\apps\backend\src\platform\task-notification-outbox.worker.ts:70:24)
[31m[Nest] 3808  - [39m08/12/2026, 6:14:03 PM [31m  ERROR[39m [38;5;3m[TaskNotificationOutboxWorker] [39m[31mUnable to deliver task notification event 5e5aae14-c488-4886-aed3-d7115f24f41f.[39m
TypeError: Cannot read properties of undefined (reading 'rooms')
    at EmployeeNotificationsGateway.emitNewNotification (D:\Saas_app_version_2\apps\backend\src\platform\employee-notifications.gateway.ts:51:51)
    at TaskNotificationOutboxWorker.deliver (D:\Saas_app_version_2\apps\backend\src\platform\task-notification-outbox.worker.ts:92:42)
    at process.processTicksAndRejections (node:internal/process/task_queues:104:5)
    at async TaskNotificationOutboxWorker.flush (D:\Saas_app_version_2\apps\backend\src\platform\task-notification-outbox.worker.ts:70:24)
node:events:487
      throw er; // Unhandled 'error' event
      ^

Error: Connection terminated unexpectedly
    at Connection.<anonymous> (D:\Saas_app_version_2\node_modules\.pnpm\pg@8.22.0\node_modules\pg\lib\client.js:199:73)
    at Object.onceWrapper (node:events:630:28)
    at Connection.emit (node:events:509:28)
    at Socket.<anonymous> (D:\Saas_app_version_2\node_modules\.pnpm\pg@8.22.0\node_modules\pg\lib\connection.js:63:12)
    at Socket.emit (node:events:521:24)
    at TCP.<anonymous> (node:net:351:12)
Emitted 'error' event on Client instance at:
    at Client._handleErrorEvent (D:\Saas_app_version_2\node_modules\.pnpm\pg@8.22.0\node_modules\pg\lib\client.js:417:10)
    at Connection.<anonymous> (D:\Saas_app_version_2\node_modules\.pnpm\pg@8.22.0\node_modules\pg\lib\client.js:217:16)
    at Object.onceWrapper (node:events:630:28)
    at Connection.emit (node:events:509:28)
    at Socket.<anonymous> (D:\Saas_app_version_2\node_modules\.pnpm\pg@8.22.0\node_modules\pg\lib\connection.js:63:12)
    at Socket.emit (node:events:521:24)
    at TCP.<anonymous> (node:net:351:12)

Node.js v24.18.0
