[    1263ms] [INFO] %cDownload the React DevTools for a better development experience: https://react.dev/link/react-devtools font-weight:bold @ webpack-internal:///(app-pages-browser)/./node_modules/.pnpm/next@15.5.20_@babel+core@7._38800b72ae15a0846c6380c67d3b90d5/node_modules/next/dist/compiled/react-dom/cjs/react-dom-client.development.js:25630
[    2087ms] [LOG] [Fast Refresh] done in 1784791567668ms @ webpack-internal:///(app-pages-browser)/./node_modules/.pnpm/next@15.5.20_@babel+core@7._38800b72ae15a0846c6380c67d3b90d5/node_modules/next/dist/client/dev/report-hmr-latency.js:13
[    2131ms] [LOG] [Fast Refresh] rebuilding @ webpack-internal:///(app-pages-browser)/./node_modules/.pnpm/next@15.5.20_@babel+core@7._38800b72ae15a0846c6380c67d3b90d5/node_modules/next/dist/client/dev/hot-reloader/app/hot-reloader-app.js:196
[    2433ms] [LOG] [Fast Refresh] rebuilding @ webpack-internal:///(app-pages-browser)/./node_modules/.pnpm/next@15.5.20_@babel+core@7._38800b72ae15a0846c6380c67d3b90d5/node_modules/next/dist/client/dev/hot-reloader/app/hot-reloader-app.js:196
[    2620ms] [LOG] [Fast Refresh] done in 186ms @ webpack-internal:///(app-pages-browser)/./node_modules/.pnpm/next@15.5.20_@babel+core@7._38800b72ae15a0846c6380c67d3b90d5/node_modules/next/dist/client/dev/report-hmr-latency.js:13
[    2762ms] [LOG] [Fast Refresh] rebuilding @ webpack-internal:///(app-pages-browser)/./node_modules/.pnpm/next@15.5.20_@babel+core@7._38800b72ae15a0846c6380c67d3b90d5/node_modules/next/dist/client/dev/hot-reloader/app/hot-reloader-app.js:196
[    2814ms] [LOG] [Fast Refresh] done in 53ms @ webpack-internal:///(app-pages-browser)/./node_modules/.pnpm/next@15.5.20_@babel+core@7._38800b72ae15a0846c6380c67d3b90d5/node_modules/next/dist/client/dev/report-hmr-latency.js:13
[    3039ms] [LOG] [Fast Refresh] rebuilding @ webpack-internal:///(app-pages-browser)/./node_modules/.pnpm/next@15.5.20_@babel+core@7._38800b72ae15a0846c6380c67d3b90d5/node_modules/next/dist/client/dev/hot-reloader/app/hot-reloader-app.js:196
[    3180ms] [LOG] [Fast Refresh] done in 141ms @ webpack-internal:///(app-pages-browser)/./node_modules/.pnpm/next@15.5.20_@babel+core@7._38800b72ae15a0846c6380c67d3b90d5/node_modules/next/dist/client/dev/report-hmr-latency.js:13
[    3318ms] [LOG] [Fast Refresh] rebuilding @ webpack-internal:///(app-pages-browser)/./node_modules/.pnpm/next@15.5.20_@babel+core@7._38800b72ae15a0846c6380c67d3b90d5/node_modules/next/dist/client/dev/hot-reloader/app/hot-reloader-app.js:196
[    3355ms] [LOG] [Fast Refresh] done in 38ms @ webpack-internal:///(app-pages-browser)/./node_modules/.pnpm/next@15.5.20_@babel+core@7._38800b72ae15a0846c6380c67d3b90d5/node_modules/next/dist/client/dev/report-hmr-latency.js:13
[    3612ms] [LOG] [Fast Refresh] rebuilding @ webpack-internal:///(app-pages-browser)/./node_modules/.pnpm/next@15.5.20_@babel+core@7._38800b72ae15a0846c6380c67d3b90d5/node_modules/next/dist/client/dev/hot-reloader/app/hot-reloader-app.js:196
[    3646ms] [LOG] [Fast Refresh] done in 33ms @ webpack-internal:///(app-pages-browser)/./node_modules/.pnpm/next@15.5.20_@babel+core@7._38800b72ae15a0846c6380c67d3b90d5/node_modules/next/dist/client/dev/report-hmr-latency.js:13
[    3826ms] [LOG] [Fast Refresh] rebuilding @ webpack-internal:///(app-pages-browser)/./node_modules/.pnpm/next@15.5.20_@babel+core@7._38800b72ae15a0846c6380c67d3b90d5/node_modules/next/dist/client/dev/hot-reloader/app/hot-reloader-app.js:196
[    3920ms] [LOG] [Fast Refresh] done in 95ms @ webpack-internal:///(app-pages-browser)/./node_modules/.pnpm/next@15.5.20_@babel+core@7._38800b72ae15a0846c6380c67d3b90d5/node_modules/next/dist/client/dev/report-hmr-latency.js:13
[    4114ms] [LOG] [Fast Refresh] rebuilding @ webpack-internal:///(app-pages-browser)/./node_modules/.pnpm/next@15.5.20_@babel+core@7._38800b72ae15a0846c6380c67d3b90d5/node_modules/next/dist/client/dev/hot-reloader/app/hot-reloader-app.js:196
[    4272ms] [LOG] [Fast Refresh] done in 158ms @ webpack-internal:///(app-pages-browser)/./node_modules/.pnpm/next@15.5.20_@babel+core@7._38800b72ae15a0846c6380c67d3b90d5/node_modules/next/dist/client/dev/report-hmr-latency.js:13
[    4388ms] [LOG] [Fast Refresh] rebuilding @ webpack-internal:///(app-pages-browser)/./node_modules/.pnpm/next@15.5.20_@babel+core@7._38800b72ae15a0846c6380c67d3b90d5/node_modules/next/dist/client/dev/hot-reloader/app/hot-reloader-app.js:196
[    4446ms] [LOG] [Fast Refresh] done in 57ms @ webpack-internal:///(app-pages-browser)/./node_modules/.pnpm/next@15.5.20_@babel+core@7._38800b72ae15a0846c6380c67d3b90d5/node_modules/next/dist/client/dev/report-hmr-latency.js:13
[    4716ms] [LOG] [Fast Refresh] rebuilding @ webpack-internal:///(app-pages-browser)/./node_modules/.pnpm/next@15.5.20_@babel+core@7._38800b72ae15a0846c6380c67d3b90d5/node_modules/next/dist/client/dev/hot-reloader/app/hot-reloader-app.js:196
[    4796ms] [LOG] [Fast Refresh] done in 80ms @ webpack-internal:///(app-pages-browser)/./node_modules/.pnpm/next@15.5.20_@babel+core@7._38800b72ae15a0846c6380c67d3b90d5/node_modules/next/dist/client/dev/report-hmr-latency.js:13
[    5004ms] [LOG] [Fast Refresh] rebuilding @ webpack-internal:///(app-pages-browser)/./node_modules/.pnpm/next@15.5.20_@babel+core@7._38800b72ae15a0846c6380c67d3b90d5/node_modules/next/dist/client/dev/hot-reloader/app/hot-reloader-app.js:196
[    5048ms] [LOG] [Fast Refresh] done in 44ms @ webpack-internal:///(app-pages-browser)/./node_modules/.pnpm/next@15.5.20_@babel+core@7._38800b72ae15a0846c6380c67d3b90d5/node_modules/next/dist/client/dev/report-hmr-latency.js:13
[    5265ms] [LOG] [Fast Refresh] rebuilding @ webpack-internal:///(app-pages-browser)/./node_modules/.pnpm/next@15.5.20_@babel+core@7._38800b72ae15a0846c6380c67d3b90d5/node_modules/next/dist/client/dev/hot-reloader/app/hot-reloader-app.js:196
[    5300ms] [LOG] [Fast Refresh] done in 36ms @ webpack-internal:///(app-pages-browser)/./node_modules/.pnpm/next@15.5.20_@babel+core@7._38800b72ae15a0846c6380c67d3b90d5/node_modules/next/dist/client/dev/report-hmr-latency.js:13
[    5520ms] [LOG] [Fast Refresh] rebuilding @ webpack-internal:///(app-pages-browser)/./node_modules/.pnpm/next@15.5.20_@babel+core@7._38800b72ae15a0846c6380c67d3b90d5/node_modules/next/dist/client/dev/hot-reloader/app/hot-reloader-app.js:196
[    5560ms] [LOG] [Fast Refresh] done in 40ms @ webpack-internal:///(app-pages-browser)/./node_modules/.pnpm/next@15.5.20_@babel+core@7._38800b72ae15a0846c6380c67d3b90d5/node_modules/next/dist/client/dev/report-hmr-latency.js:13
[    5784ms] [LOG] [Fast Refresh] rebuilding @ webpack-internal:///(app-pages-browser)/./node_modules/.pnpm/next@15.5.20_@babel+core@7._38800b72ae15a0846c6380c67d3b90d5/node_modules/next/dist/client/dev/hot-reloader/app/hot-reloader-app.js:196
[    5831ms] [LOG] [Fast Refresh] done in 47ms @ webpack-internal:///(app-pages-browser)/./node_modules/.pnpm/next@15.5.20_@babel+core@7._38800b72ae15a0846c6380c67d3b90d5/node_modules/next/dist/client/dev/report-hmr-latency.js:13
[    5997ms] [LOG] [Fast Refresh] rebuilding @ webpack-internal:///(app-pages-browser)/./node_modules/.pnpm/next@15.5.20_@babel+core@7._38800b72ae15a0846c6380c67d3b90d5/node_modules/next/dist/client/dev/hot-reloader/app/hot-reloader-app.js:196
[    6197ms] [LOG] [Fast Refresh] done in 200ms @ webpack-internal:///(app-pages-browser)/./node_modules/.pnpm/next@15.5.20_@babel+core@7._38800b72ae15a0846c6380c67d3b90d5/node_modules/next/dist/client/dev/report-hmr-latency.js:13
[    6282ms] [LOG] [Fast Refresh] rebuilding @ webpack-internal:///(app-pages-browser)/./node_modules/.pnpm/next@15.5.20_@babel+core@7._38800b72ae15a0846c6380c67d3b90d5/node_modules/next/dist/client/dev/hot-reloader/app/hot-reloader-app.js:196
[    6323ms] [LOG] [Fast Refresh] done in 41ms @ webpack-internal:///(app-pages-browser)/./node_modules/.pnpm/next@15.5.20_@babel+core@7._38800b72ae15a0846c6380c67d3b90d5/node_modules/next/dist/client/dev/report-hmr-latency.js:13
[    6575ms] [LOG] [Fast Refresh] rebuilding @ webpack-internal:///(app-pages-browser)/./node_modules/.pnpm/next@15.5.20_@babel+core@7._38800b72ae15a0846c6380c67d3b90d5/node_modules/next/dist/client/dev/hot-reloader/app/hot-reloader-app.js:196
[    6617ms] [LOG] [Fast Refresh] done in 41ms @ webpack-internal:///(app-pages-browser)/./node_modules/.pnpm/next@15.5.20_@babel+core@7._38800b72ae15a0846c6380c67d3b90d5/node_modules/next/dist/client/dev/report-hmr-latency.js:13
[    6830ms] [LOG] [Fast Refresh] rebuilding @ webpack-internal:///(app-pages-browser)/./node_modules/.pnpm/next@15.5.20_@babel+core@7._38800b72ae15a0846c6380c67d3b90d5/node_modules/next/dist/client/dev/hot-reloader/app/hot-reloader-app.js:196
[    7105ms] [LOG] [Fast Refresh] done in 276ms @ webpack-internal:///(app-pages-browser)/./node_modules/.pnpm/next@15.5.20_@babel+core@7._38800b72ae15a0846c6380c67d3b90d5/node_modules/next/dist/client/dev/report-hmr-latency.js:13
[    7176ms] [LOG] [Fast Refresh] rebuilding @ webpack-internal:///(app-pages-browser)/./node_modules/.pnpm/next@15.5.20_@babel+core@7._38800b72ae15a0846c6380c67d3b90d5/node_modules/next/dist/client/dev/hot-reloader/app/hot-reloader-app.js:196
[    7211ms] [LOG] [Fast Refresh] done in 34ms @ webpack-internal:///(app-pages-browser)/./node_modules/.pnpm/next@15.5.20_@babel+core@7._38800b72ae15a0846c6380c67d3b90d5/node_modules/next/dist/client/dev/report-hmr-latency.js:13
[    7439ms] [LOG] [Fast Refresh] rebuilding @ webpack-internal:///(app-pages-browser)/./node_modules/.pnpm/next@15.5.20_@babel+core@7._38800b72ae15a0846c6380c67d3b90d5/node_modules/next/dist/client/dev/hot-reloader/app/hot-reloader-app.js:196
[    7470ms] [LOG] [Fast Refresh] done in 32ms @ webpack-internal:///(app-pages-browser)/./node_modules/.pnpm/next@15.5.20_@babel+core@7._38800b72ae15a0846c6380c67d3b90d5/node_modules/next/dist/client/dev/report-hmr-latency.js:13
[    7659ms] [LOG] [Fast Refresh] rebuilding @ webpack-internal:///(app-pages-browser)/./node_modules/.pnpm/next@15.5.20_@babel+core@7._38800b72ae15a0846c6380c67d3b90d5/node_modules/next/dist/client/dev/hot-reloader/app/hot-reloader-app.js:196
[    7688ms] [LOG] [Fast Refresh] done in 28ms @ webpack-internal:///(app-pages-browser)/./node_modules/.pnpm/next@15.5.20_@babel+core@7._38800b72ae15a0846c6380c67d3b90d5/node_modules/next/dist/client/dev/report-hmr-latency.js:13
[    7917ms] [LOG] [Fast Refresh] rebuilding @ webpack-internal:///(app-pages-browser)/./node_modules/.pnpm/next@15.5.20_@babel+core@7._38800b72ae15a0846c6380c67d3b90d5/node_modules/next/dist/client/dev/hot-reloader/app/hot-reloader-app.js:196
[    7967ms] [LOG] [Fast Refresh] done in 50ms @ webpack-internal:///(app-pages-browser)/./node_modules/.pnpm/next@15.5.20_@babel+core@7._38800b72ae15a0846c6380c67d3b90d5/node_modules/next/dist/client/dev/report-hmr-latency.js:13
[    8235ms] [LOG] [Fast Refresh] rebuilding @ webpack-internal:///(app-pages-browser)/./node_modules/.pnpm/next@15.5.20_@babel+core@7._38800b72ae15a0846c6380c67d3b90d5/node_modules/next/dist/client/dev/hot-reloader/app/hot-reloader-app.js:196
[    8272ms] [LOG] [Fast Refresh] done in 37ms @ webpack-internal:///(app-pages-browser)/./node_modules/.pnpm/next@15.5.20_@babel+core@7._38800b72ae15a0846c6380c67d3b90d5/node_modules/next/dist/client/dev/report-hmr-latency.js:13
[    8760ms] [LOG] [Fast Refresh] rebuilding @ webpack-internal:///(app-pages-browser)/./node_modules/.pnpm/next@15.5.20_@babel+core@7._38800b72ae15a0846c6380c67d3b90d5/node_modules/next/dist/client/dev/hot-reloader/app/hot-reloader-app.js:196
[    8785ms] [LOG] [Fast Refresh] done in 25ms @ webpack-internal:///(app-pages-browser)/./node_modules/.pnpm/next@15.5.20_@babel+core@7._38800b72ae15a0846c6380c67d3b90d5/node_modules/next/dist/client/dev/report-hmr-latency.js:13
[    9478ms] [LOG] [Fast Refresh] done in 717ms @ webpack-internal:///(app-pages-browser)/./node_modules/.pnpm/next@15.5.20_@babel+core@7._38800b72ae15a0846c6380c67d3b90d5/node_modules/next/dist/client/dev/report-hmr-latency.js:13
[    9480ms] [LOG] [Fast Refresh] rebuilding @ webpack-internal:///(app-pages-browser)/./node_modules/.pnpm/next@15.5.20_@babel+core@7._38800b72ae15a0846c6380c67d3b90d5/node_modules/next/dist/client/dev/hot-reloader/app/hot-reloader-app.js:196
[    9669ms] [LOG] [Fast Refresh] done in 189ms @ webpack-internal:///(app-pages-browser)/./node_modules/.pnpm/next@15.5.20_@babel+core@7._38800b72ae15a0846c6380c67d3b90d5/node_modules/next/dist/client/dev/report-hmr-latency.js:13
[    9672ms] [LOG] [Fast Refresh] rebuilding @ webpack-internal:///(app-pages-browser)/./node_modules/.pnpm/next@15.5.20_@babel+core@7._38800b72ae15a0846c6380c67d3b90d5/node_modules/next/dist/client/dev/hot-reloader/app/hot-reloader-app.js:196
[    9871ms] [ERROR] Failed to load resource: the server responded with a status of 500 (Internal Server Error) @ http://localhost:4008/login?_rsc=2DvR04nk5zSiS0_p:0
[   10049ms] [LOG] [Fast Refresh] rebuilding @ webpack-internal:///(app-pages-browser)/./node_modules/.pnpm/next@15.5.20_@babel+core@7._38800b72ae15a0846c6380c67d3b90d5/node_modules/next/dist/client/dev/hot-reloader/app/hot-reloader-app.js:196
[   10197ms] [LOG] [Fast Refresh] done in 148ms @ webpack-internal:///(app-pages-browser)/./node_modules/.pnpm/next@15.5.20_@babel+core@7._38800b72ae15a0846c6380c67d3b90d5/node_modules/next/dist/client/dev/report-hmr-latency.js:13
[   10397ms] [LOG] [Fast Refresh] rebuilding @ webpack-internal:///(app-pages-browser)/./node_modules/.pnpm/next@15.5.20_@babel+core@7._38800b72ae15a0846c6380c67d3b90d5/node_modules/next/dist/client/dev/hot-reloader/app/hot-reloader-app.js:196
[   10468ms] [LOG] [Fast Refresh] done in 72ms @ webpack-internal:///(app-pages-browser)/./node_modules/.pnpm/next@15.5.20_@babel+core@7._38800b72ae15a0846c6380c67d3b90d5/node_modules/next/dist/client/dev/report-hmr-latency.js:13
[   10707ms] [LOG] [Fast Refresh] rebuilding @ webpack-internal:///(app-pages-browser)/./node_modules/.pnpm/next@15.5.20_@babel+core@7._38800b72ae15a0846c6380c67d3b90d5/node_modules/next/dist/client/dev/hot-reloader/app/hot-reloader-app.js:196
[   10805ms] [LOG] [Fast Refresh] done in 98ms @ webpack-internal:///(app-pages-browser)/./node_modules/.pnpm/next@15.5.20_@babel+core@7._38800b72ae15a0846c6380c67d3b90d5/node_modules/next/dist/client/dev/report-hmr-latency.js:13
[   11034ms] [LOG] [Fast Refresh] rebuilding @ webpack-internal:///(app-pages-browser)/./node_modules/.pnpm/next@15.5.20_@babel+core@7._38800b72ae15a0846c6380c67d3b90d5/node_modules/next/dist/client/dev/hot-reloader/app/hot-reloader-app.js:196
[   11092ms] [LOG] [Fast Refresh] done in 57ms @ webpack-internal:///(app-pages-browser)/./node_modules/.pnpm/next@15.5.20_@babel+core@7._38800b72ae15a0846c6380c67d3b90d5/node_modules/next/dist/client/dev/report-hmr-latency.js:13
[   11328ms] [LOG] [Fast Refresh] rebuilding @ webpack-internal:///(app-pages-browser)/./node_modules/.pnpm/next@15.5.20_@babel+core@7._38800b72ae15a0846c6380c67d3b90d5/node_modules/next/dist/client/dev/hot-reloader/app/hot-reloader-app.js:196
[   11377ms] [LOG] [Fast Refresh] done in 49ms @ webpack-internal:///(app-pages-browser)/./node_modules/.pnpm/next@15.5.20_@babel+core@7._38800b72ae15a0846c6380c67d3b90d5/node_modules/next/dist/client/dev/report-hmr-latency.js:13
[   11618ms] [LOG] [Fast Refresh] rebuilding @ webpack-internal:///(app-pages-browser)/./node_modules/.pnpm/next@15.5.20_@babel+core@7._38800b72ae15a0846c6380c67d3b90d5/node_modules/next/dist/client/dev/hot-reloader/app/hot-reloader-app.js:196
[   11644ms] [LOG] [Fast Refresh] done in 26ms @ webpack-internal:///(app-pages-browser)/./node_modules/.pnpm/next@15.5.20_@babel+core@7._38800b72ae15a0846c6380c67d3b90d5/node_modules/next/dist/client/dev/report-hmr-latency.js:13
[   11932ms] [LOG] [Fast Refresh] rebuilding @ webpack-internal:///(app-pages-browser)/./node_modules/.pnpm/next@15.5.20_@babel+core@7._38800b72ae15a0846c6380c67d3b90d5/node_modules/next/dist/client/dev/hot-reloader/app/hot-reloader-app.js:196
[   11966ms] [LOG] [Fast Refresh] done in 35ms @ webpack-internal:///(app-pages-browser)/./node_modules/.pnpm/next@15.5.20_@babel+core@7._38800b72ae15a0846c6380c67d3b90d5/node_modules/next/dist/client/dev/report-hmr-latency.js:13
[   12239ms] [LOG] [Fast Refresh] rebuilding @ webpack-internal:///(app-pages-browser)/./node_modules/.pnpm/next@15.5.20_@babel+core@7._38800b72ae15a0846c6380c67d3b90d5/node_modules/next/dist/client/dev/hot-reloader/app/hot-reloader-app.js:196
[   12286ms] [LOG] [Fast Refresh] done in 47ms @ webpack-internal:///(app-pages-browser)/./node_modules/.pnpm/next@15.5.20_@babel+core@7._38800b72ae15a0846c6380c67d3b90d5/node_modules/next/dist/client/dev/report-hmr-latency.js:13
[   12546ms] [LOG] [Fast Refresh] rebuilding @ webpack-internal:///(app-pages-browser)/./node_modules/.pnpm/next@15.5.20_@babel+core@7._38800b72ae15a0846c6380c67d3b90d5/node_modules/next/dist/client/dev/hot-reloader/app/hot-reloader-app.js:196
[   12589ms] [LOG] [Fast Refresh] done in 42ms @ webpack-internal:///(app-pages-browser)/./node_modules/.pnpm/next@15.5.20_@babel+core@7._38800b72ae15a0846c6380c67d3b90d5/node_modules/next/dist/client/dev/report-hmr-latency.js:13
[   12834ms] [LOG] [Fast Refresh] rebuilding @ webpack-internal:///(app-pages-browser)/./node_modules/.pnpm/next@15.5.20_@babel+core@7._38800b72ae15a0846c6380c67d3b90d5/node_modules/next/dist/client/dev/hot-reloader/app/hot-reloader-app.js:196
[   12876ms] [LOG] [Fast Refresh] done in 43ms @ webpack-internal:///(app-pages-browser)/./node_modules/.pnpm/next@15.5.20_@babel+core@7._38800b72ae15a0846c6380c67d3b90d5/node_modules/next/dist/client/dev/report-hmr-latency.js:13
[   13104ms] [LOG] [Fast Refresh] rebuilding @ webpack-internal:///(app-pages-browser)/./node_modules/.pnpm/next@15.5.20_@babel+core@7._38800b72ae15a0846c6380c67d3b90d5/node_modules/next/dist/client/dev/hot-reloader/app/hot-reloader-app.js:196
[   13146ms] [LOG] [Fast Refresh] done in 43ms @ webpack-internal:///(app-pages-browser)/./node_modules/.pnpm/next@15.5.20_@babel+core@7._38800b72ae15a0846c6380c67d3b90d5/node_modules/next/dist/client/dev/report-hmr-latency.js:13
[   13444ms] [LOG] [Fast Refresh] rebuilding @ webpack-internal:///(app-pages-browser)/./node_modules/.pnpm/next@15.5.20_@babel+core@7._38800b72ae15a0846c6380c67d3b90d5/node_modules/next/dist/client/dev/hot-reloader/app/hot-reloader-app.js:196
[   13510ms] [LOG] [Fast Refresh] done in 67ms @ webpack-internal:///(app-pages-browser)/./node_modules/.pnpm/next@15.5.20_@babel+core@7._38800b72ae15a0846c6380c67d3b90d5/node_modules/next/dist/client/dev/report-hmr-latency.js:13
[   13860ms] [LOG] [Fast Refresh] rebuilding @ webpack-internal:///(app-pages-browser)/./node_modules/.pnpm/next@15.5.20_@babel+core@7._38800b72ae15a0846c6380c67d3b90d5/node_modules/next/dist/client/dev/hot-reloader/app/hot-reloader-app.js:196
[   13917ms] [LOG] [Fast Refresh] done in 56ms @ webpack-internal:///(app-pages-browser)/./node_modules/.pnpm/next@15.5.20_@babel+core@7._38800b72ae15a0846c6380c67d3b90d5/node_modules/next/dist/client/dev/report-hmr-latency.js:13
[   14167ms] [LOG] [Fast Refresh] rebuilding @ webpack-internal:///(app-pages-browser)/./node_modules/.pnpm/next@15.5.20_@babel+core@7._38800b72ae15a0846c6380c67d3b90d5/node_modules/next/dist/client/dev/hot-reloader/app/hot-reloader-app.js:196
[   14269ms] [LOG] [Fast Refresh] done in 103ms @ webpack-internal:///(app-pages-browser)/./node_modules/.pnpm/next@15.5.20_@babel+core@7._38800b72ae15a0846c6380c67d3b90d5/node_modules/next/dist/client/dev/report-hmr-latency.js:13
[   14513ms] [LOG] [Fast Refresh] rebuilding @ webpack-internal:///(app-pages-browser)/./node_modules/.pnpm/next@15.5.20_@babel+core@7._38800b72ae15a0846c6380c67d3b90d5/node_modules/next/dist/client/dev/hot-reloader/app/hot-reloader-app.js:196
[   14588ms] [LOG] [Fast Refresh] done in 75ms @ webpack-internal:///(app-pages-browser)/./node_modules/.pnpm/next@15.5.20_@babel+core@7._38800b72ae15a0846c6380c67d3b90d5/node_modules/next/dist/client/dev/report-hmr-latency.js:13
[   14808ms] [LOG] [Fast Refresh] rebuilding @ webpack-internal:///(app-pages-browser)/./node_modules/.pnpm/next@15.5.20_@babel+core@7._38800b72ae15a0846c6380c67d3b90d5/node_modules/next/dist/client/dev/hot-reloader/app/hot-reloader-app.js:196
