[    1231ms] [INFO] %cDownload the React DevTools for a better development experience: https://react.dev/link/react-devtools font-weight:bold @ webpack-internal:///(app-pages-browser)/./node_modules/.pnpm/next@15.5.20_@babel+core@7._38800b72ae15a0846c6380c67d3b90d5/node_modules/next/dist/compiled/react-dom/cjs/react-dom-client.development.js:25630
[    1997ms] [LOG] [Fast Refresh] rebuilding @ webpack-internal:///(app-pages-browser)/./node_modules/.pnpm/next@15.5.20_@babel+core@7._38800b72ae15a0846c6380c67d3b90d5/node_modules/next/dist/client/dev/hot-reloader/app/hot-reloader-app.js:196
[    2091ms] [LOG] [Fast Refresh] done in 93ms @ webpack-internal:///(app-pages-browser)/./node_modules/.pnpm/next@15.5.20_@babel+core@7._38800b72ae15a0846c6380c67d3b90d5/node_modules/next/dist/client/dev/report-hmr-latency.js:13
[    2566ms] [LOG] [Fast Refresh] rebuilding @ webpack-internal:///(app-pages-browser)/./node_modules/.pnpm/next@15.5.20_@babel+core@7._38800b72ae15a0846c6380c67d3b90d5/node_modules/next/dist/client/dev/hot-reloader/app/hot-reloader-app.js:196
[    2860ms] [LOG] [Fast Refresh] done in 295ms @ webpack-internal:///(app-pages-browser)/./node_modules/.pnpm/next@15.5.20_@babel+core@7._38800b72ae15a0846c6380c67d3b90d5/node_modules/next/dist/client/dev/report-hmr-latency.js:13
[    3070ms] [LOG] [Fast Refresh] rebuilding @ webpack-internal:///(app-pages-browser)/./node_modules/.pnpm/next@15.5.20_@babel+core@7._38800b72ae15a0846c6380c67d3b90d5/node_modules/next/dist/client/dev/hot-reloader/app/hot-reloader-app.js:196
[    3296ms] [LOG] [Fast Refresh] done in 226ms @ webpack-internal:///(app-pages-browser)/./node_modules/.pnpm/next@15.5.20_@babel+core@7._38800b72ae15a0846c6380c67d3b90d5/node_modules/next/dist/client/dev/report-hmr-latency.js:13
[    3495ms] [LOG] [Fast Refresh] rebuilding @ webpack-internal:///(app-pages-browser)/./node_modules/.pnpm/next@15.5.20_@babel+core@7._38800b72ae15a0846c6380c67d3b90d5/node_modules/next/dist/client/dev/hot-reloader/app/hot-reloader-app.js:196
[    3546ms] [LOG] [Fast Refresh] done in 52ms @ webpack-internal:///(app-pages-browser)/./node_modules/.pnpm/next@15.5.20_@babel+core@7._38800b72ae15a0846c6380c67d3b90d5/node_modules/next/dist/client/dev/report-hmr-latency.js:13
[    3907ms] [LOG] [Fast Refresh] rebuilding @ webpack-internal:///(app-pages-browser)/./node_modules/.pnpm/next@15.5.20_@babel+core@7._38800b72ae15a0846c6380c67d3b90d5/node_modules/next/dist/client/dev/hot-reloader/app/hot-reloader-app.js:196
[    4079ms] [LOG] [Fast Refresh] done in 173ms @ webpack-internal:///(app-pages-browser)/./node_modules/.pnpm/next@15.5.20_@babel+core@7._38800b72ae15a0846c6380c67d3b90d5/node_modules/next/dist/client/dev/report-hmr-latency.js:13
[    4402ms] [LOG] [Fast Refresh] rebuilding @ webpack-internal:///(app-pages-browser)/./node_modules/.pnpm/next@15.5.20_@babel+core@7._38800b72ae15a0846c6380c67d3b90d5/node_modules/next/dist/client/dev/hot-reloader/app/hot-reloader-app.js:196
[    4746ms] [LOG] [Fast Refresh] done in 343ms @ webpack-internal:///(app-pages-browser)/./node_modules/.pnpm/next@15.5.20_@babel+core@7._38800b72ae15a0846c6380c67d3b90d5/node_modules/next/dist/client/dev/report-hmr-latency.js:13
[    4983ms] [LOG] [Fast Refresh] rebuilding @ webpack-internal:///(app-pages-browser)/./node_modules/.pnpm/next@15.5.20_@babel+core@7._38800b72ae15a0846c6380c67d3b90d5/node_modules/next/dist/client/dev/hot-reloader/app/hot-reloader-app.js:196
[    5066ms] [LOG] [Fast Refresh] done in 83ms @ webpack-internal:///(app-pages-browser)/./node_modules/.pnpm/next@15.5.20_@babel+core@7._38800b72ae15a0846c6380c67d3b90d5/node_modules/next/dist/client/dev/report-hmr-latency.js:13
[    5841ms] [LOG] [Fast Refresh] rebuilding @ webpack-internal:///(app-pages-browser)/./node_modules/.pnpm/next@15.5.20_@babel+core@7._38800b72ae15a0846c6380c67d3b90d5/node_modules/next/dist/client/dev/hot-reloader/app/hot-reloader-app.js:196
[    5959ms] [LOG] [Fast Refresh] done in 117ms @ webpack-internal:///(app-pages-browser)/./node_modules/.pnpm/next@15.5.20_@babel+core@7._38800b72ae15a0846c6380c67d3b90d5/node_modules/next/dist/client/dev/report-hmr-latency.js:13
[    7213ms] [LOG] [Fast Refresh] done in 1372ms @ webpack-internal:///(app-pages-browser)/./node_modules/.pnpm/next@15.5.20_@babel+core@7._38800b72ae15a0846c6380c67d3b90d5/node_modules/next/dist/client/dev/report-hmr-latency.js:13
[    7223ms] [LOG] [Fast Refresh] rebuilding @ webpack-internal:///(app-pages-browser)/./node_modules/.pnpm/next@15.5.20_@babel+core@7._38800b72ae15a0846c6380c67d3b90d5/node_modules/next/dist/client/dev/hot-reloader/app/hot-reloader-app.js:196
[    7858ms] [ERROR] Failed to load resource: the server responded with a status of 500 (Internal Server Error) @ http://localhost:4008/login?_rsc=2DvR04nk5zSiS0_p:0
[    8381ms] [LOG] [Fast Refresh] rebuilding @ webpack-internal:///(app-pages-browser)/./node_modules/.pnpm/next@15.5.20_@babel+core@7._38800b72ae15a0846c6380c67d3b90d5/node_modules/next/dist/client/dev/hot-reloader/app/hot-reloader-app.js:196
[    8742ms] [LOG] [Fast Refresh] done in 360ms @ webpack-internal:///(app-pages-browser)/./node_modules/.pnpm/next@15.5.20_@babel+core@7._38800b72ae15a0846c6380c67d3b90d5/node_modules/next/dist/client/dev/report-hmr-latency.js:13
[    9343ms] [LOG] [Fast Refresh] rebuilding @ webpack-internal:///(app-pages-browser)/./node_modules/.pnpm/next@15.5.20_@babel+core@7._38800b72ae15a0846c6380c67d3b90d5/node_modules/next/dist/client/dev/hot-reloader/app/hot-reloader-app.js:196
[    9431ms] [LOG] [Fast Refresh] done in 88ms @ webpack-internal:///(app-pages-browser)/./node_modules/.pnpm/next@15.5.20_@babel+core@7._38800b72ae15a0846c6380c67d3b90d5/node_modules/next/dist/client/dev/report-hmr-latency.js:13
[    9945ms] [LOG] [Fast Refresh] rebuilding @ webpack-internal:///(app-pages-browser)/./node_modules/.pnpm/next@15.5.20_@babel+core@7._38800b72ae15a0846c6380c67d3b90d5/node_modules/next/dist/client/dev/hot-reloader/app/hot-reloader-app.js:196
[   10042ms] [LOG] [Fast Refresh] done in 98ms @ webpack-internal:///(app-pages-browser)/./node_modules/.pnpm/next@15.5.20_@babel+core@7._38800b72ae15a0846c6380c67d3b90d5/node_modules/next/dist/client/dev/report-hmr-latency.js:13
[   10373ms] [LOG] [Fast Refresh] rebuilding @ webpack-internal:///(app-pages-browser)/./node_modules/.pnpm/next@15.5.20_@babel+core@7._38800b72ae15a0846c6380c67d3b90d5/node_modules/next/dist/client/dev/hot-reloader/app/hot-reloader-app.js:196
[   10531ms] [LOG] [Fast Refresh] done in 157ms @ webpack-internal:///(app-pages-browser)/./node_modules/.pnpm/next@15.5.20_@babel+core@7._38800b72ae15a0846c6380c67d3b90d5/node_modules/next/dist/client/dev/report-hmr-latency.js:13
[   10876ms] [LOG] [Fast Refresh] rebuilding @ webpack-internal:///(app-pages-browser)/./node_modules/.pnpm/next@15.5.20_@babel+core@7._38800b72ae15a0846c6380c67d3b90d5/node_modules/next/dist/client/dev/hot-reloader/app/hot-reloader-app.js:196
[   10951ms] [LOG] [Fast Refresh] done in 75ms @ webpack-internal:///(app-pages-browser)/./node_modules/.pnpm/next@15.5.20_@babel+core@7._38800b72ae15a0846c6380c67d3b90d5/node_modules/next/dist/client/dev/report-hmr-latency.js:13
[   11473ms] [LOG] [Fast Refresh] rebuilding @ webpack-internal:///(app-pages-browser)/./node_modules/.pnpm/next@15.5.20_@babel+core@7._38800b72ae15a0846c6380c67d3b90d5/node_modules/next/dist/client/dev/hot-reloader/app/hot-reloader-app.js:196
[   11565ms] [LOG] [Fast Refresh] done in 92ms @ webpack-internal:///(app-pages-browser)/./node_modules/.pnpm/next@15.5.20_@babel+core@7._38800b72ae15a0846c6380c67d3b90d5/node_modules/next/dist/client/dev/report-hmr-latency.js:13
[   11936ms] [LOG] [Fast Refresh] rebuilding @ webpack-internal:///(app-pages-browser)/./node_modules/.pnpm/next@15.5.20_@babel+core@7._38800b72ae15a0846c6380c67d3b90d5/node_modules/next/dist/client/dev/hot-reloader/app/hot-reloader-app.js:196
[   12005ms] [LOG] [Fast Refresh] done in 70ms @ webpack-internal:///(app-pages-browser)/./node_modules/.pnpm/next@15.5.20_@babel+core@7._38800b72ae15a0846c6380c67d3b90d5/node_modules/next/dist/client/dev/report-hmr-latency.js:13
[   12511ms] [LOG] [Fast Refresh] rebuilding @ webpack-internal:///(app-pages-browser)/./node_modules/.pnpm/next@15.5.20_@babel+core@7._38800b72ae15a0846c6380c67d3b90d5/node_modules/next/dist/client/dev/hot-reloader/app/hot-reloader-app.js:196
[   12576ms] [LOG] [Fast Refresh] done in 65ms @ webpack-internal:///(app-pages-browser)/./node_modules/.pnpm/next@15.5.20_@babel+core@7._38800b72ae15a0846c6380c67d3b90d5/node_modules/next/dist/client/dev/report-hmr-latency.js:13
[   12874ms] [LOG] [Fast Refresh] rebuilding @ webpack-internal:///(app-pages-browser)/./node_modules/.pnpm/next@15.5.20_@babel+core@7._38800b72ae15a0846c6380c67d3b90d5/node_modules/next/dist/client/dev/hot-reloader/app/hot-reloader-app.js:196
[   12910ms] [ERROR] Failed to load resource: the server responded with a status of 500 (Internal Server Error) @ http://localhost:4008/login?_rsc=2DvR04nk5zSiS0_p:0
[   12985ms] [LOG] [Fast Refresh] done in 111ms @ webpack-internal:///(app-pages-browser)/./node_modules/.pnpm/next@15.5.20_@babel+core@7._38800b72ae15a0846c6380c67d3b90d5/node_modules/next/dist/client/dev/report-hmr-latency.js:13
[   13413ms] [LOG] [Fast Refresh] rebuilding @ webpack-internal:///(app-pages-browser)/./node_modules/.pnpm/next@15.5.20_@babel+core@7._38800b72ae15a0846c6380c67d3b90d5/node_modules/next/dist/client/dev/hot-reloader/app/hot-reloader-app.js:196
[   13526ms] [LOG] [Fast Refresh] done in 114ms @ webpack-internal:///(app-pages-browser)/./node_modules/.pnpm/next@15.5.20_@babel+core@7._38800b72ae15a0846c6380c67d3b90d5/node_modules/next/dist/client/dev/report-hmr-latency.js:13
[   14046ms] [LOG] [Fast Refresh] rebuilding @ webpack-internal:///(app-pages-browser)/./node_modules/.pnpm/next@15.5.20_@babel+core@7._38800b72ae15a0846c6380c67d3b90d5/node_modules/next/dist/client/dev/hot-reloader/app/hot-reloader-app.js:196
[   14189ms] [LOG] [Fast Refresh] done in 143ms @ webpack-internal:///(app-pages-browser)/./node_modules/.pnpm/next@15.5.20_@babel+core@7._38800b72ae15a0846c6380c67d3b90d5/node_modules/next/dist/client/dev/report-hmr-latency.js:13
[   14571ms] [LOG] [Fast Refresh] rebuilding @ webpack-internal:///(app-pages-browser)/./node_modules/.pnpm/next@15.5.20_@babel+core@7._38800b72ae15a0846c6380c67d3b90d5/node_modules/next/dist/client/dev/hot-reloader/app/hot-reloader-app.js:196
[   14669ms] [LOG] [Fast Refresh] done in 97ms @ webpack-internal:///(app-pages-browser)/./node_modules/.pnpm/next@15.5.20_@babel+core@7._38800b72ae15a0846c6380c67d3b90d5/node_modules/next/dist/client/dev/report-hmr-latency.js:13
[   15122ms] [LOG] [Fast Refresh] rebuilding @ webpack-internal:///(app-pages-browser)/./node_modules/.pnpm/next@15.5.20_@babel+core@7._38800b72ae15a0846c6380c67d3b90d5/node_modules/next/dist/client/dev/hot-reloader/app/hot-reloader-app.js:196
[   15260ms] [LOG] [Fast Refresh] done in 138ms @ webpack-internal:///(app-pages-browser)/./node_modules/.pnpm/next@15.5.20_@babel+core@7._38800b72ae15a0846c6380c67d3b90d5/node_modules/next/dist/client/dev/report-hmr-latency.js:13
[   15799ms] [LOG] [Fast Refresh] rebuilding @ webpack-internal:///(app-pages-browser)/./node_modules/.pnpm/next@15.5.20_@babel+core@7._38800b72ae15a0846c6380c67d3b90d5/node_modules/next/dist/client/dev/hot-reloader/app/hot-reloader-app.js:196
[   15894ms] [LOG] [Fast Refresh] done in 95ms @ webpack-internal:///(app-pages-browser)/./node_modules/.pnpm/next@15.5.20_@babel+core@7._38800b72ae15a0846c6380c67d3b90d5/node_modules/next/dist/client/dev/report-hmr-latency.js:13
[   16312ms] [LOG] [Fast Refresh] rebuilding @ webpack-internal:///(app-pages-browser)/./node_modules/.pnpm/next@15.5.20_@babel+core@7._38800b72ae15a0846c6380c67d3b90d5/node_modules/next/dist/client/dev/hot-reloader/app/hot-reloader-app.js:196
[   16506ms] [LOG] [Fast Refresh] done in 195ms @ webpack-internal:///(app-pages-browser)/./node_modules/.pnpm/next@15.5.20_@babel+core@7._38800b72ae15a0846c6380c67d3b90d5/node_modules/next/dist/client/dev/report-hmr-latency.js:13
[   16937ms] [LOG] [Fast Refresh] rebuilding @ webpack-internal:///(app-pages-browser)/./node_modules/.pnpm/next@15.5.20_@babel+core@7._38800b72ae15a0846c6380c67d3b90d5/node_modules/next/dist/client/dev/hot-reloader/app/hot-reloader-app.js:196
[   17020ms] [LOG] [Fast Refresh] done in 83ms @ webpack-internal:///(app-pages-browser)/./node_modules/.pnpm/next@15.5.20_@babel+core@7._38800b72ae15a0846c6380c67d3b90d5/node_modules/next/dist/client/dev/report-hmr-latency.js:13
[   17512ms] [LOG] [Fast Refresh] rebuilding @ webpack-internal:///(app-pages-browser)/./node_modules/.pnpm/next@15.5.20_@babel+core@7._38800b72ae15a0846c6380c67d3b90d5/node_modules/next/dist/client/dev/hot-reloader/app/hot-reloader-app.js:196
[   17642ms] [LOG] [Fast Refresh] done in 130ms @ webpack-internal:///(app-pages-browser)/./node_modules/.pnpm/next@15.5.20_@babel+core@7._38800b72ae15a0846c6380c67d3b90d5/node_modules/next/dist/client/dev/report-hmr-latency.js:13
[   18110ms] [LOG] [Fast Refresh] rebuilding @ webpack-internal:///(app-pages-browser)/./node_modules/.pnpm/next@15.5.20_@babel+core@7._38800b72ae15a0846c6380c67d3b90d5/node_modules/next/dist/client/dev/hot-reloader/app/hot-reloader-app.js:196
[   18182ms] [LOG] [Fast Refresh] done in 72ms @ webpack-internal:///(app-pages-browser)/./node_modules/.pnpm/next@15.5.20_@babel+core@7._38800b72ae15a0846c6380c67d3b90d5/node_modules/next/dist/client/dev/report-hmr-latency.js:13
[   18627ms] [LOG] [Fast Refresh] rebuilding @ webpack-internal:///(app-pages-browser)/./node_modules/.pnpm/next@15.5.20_@babel+core@7._38800b72ae15a0846c6380c67d3b90d5/node_modules/next/dist/client/dev/hot-reloader/app/hot-reloader-app.js:196
[   18859ms] [LOG] [Fast Refresh] done in 232ms @ webpack-internal:///(app-pages-browser)/./node_modules/.pnpm/next@15.5.20_@babel+core@7._38800b72ae15a0846c6380c67d3b90d5/node_modules/next/dist/client/dev/report-hmr-latency.js:13
[   19258ms] [LOG] [Fast Refresh] rebuilding @ webpack-internal:///(app-pages-browser)/./node_modules/.pnpm/next@15.5.20_@babel+core@7._38800b72ae15a0846c6380c67d3b90d5/node_modules/next/dist/client/dev/hot-reloader/app/hot-reloader-app.js:196
[   19330ms] [LOG] [Fast Refresh] done in 72ms @ webpack-internal:///(app-pages-browser)/./node_modules/.pnpm/next@15.5.20_@babel+core@7._38800b72ae15a0846c6380c67d3b90d5/node_modules/next/dist/client/dev/report-hmr-latency.js:13
[   19794ms] [LOG] [Fast Refresh] rebuilding @ webpack-internal:///(app-pages-browser)/./node_modules/.pnpm/next@15.5.20_@babel+core@7._38800b72ae15a0846c6380c67d3b90d5/node_modules/next/dist/client/dev/hot-reloader/app/hot-reloader-app.js:196
[   19879ms] [LOG] [Fast Refresh] done in 85ms @ webpack-internal:///(app-pages-browser)/./node_modules/.pnpm/next@15.5.20_@babel+core@7._38800b72ae15a0846c6380c67d3b90d5/node_modules/next/dist/client/dev/report-hmr-latency.js:13
[   20236ms] [LOG] [Fast Refresh] rebuilding @ webpack-internal:///(app-pages-browser)/./node_modules/.pnpm/next@15.5.20_@babel+core@7._38800b72ae15a0846c6380c67d3b90d5/node_modules/next/dist/client/dev/hot-reloader/app/hot-reloader-app.js:196
[   20280ms] [LOG] [Fast Refresh] done in 45ms @ webpack-internal:///(app-pages-browser)/./node_modules/.pnpm/next@15.5.20_@babel+core@7._38800b72ae15a0846c6380c67d3b90d5/node_modules/next/dist/client/dev/report-hmr-latency.js:13
[   20594ms] [LOG] [Fast Refresh] rebuilding @ webpack-internal:///(app-pages-browser)/./node_modules/.pnpm/next@15.5.20_@babel+core@7._38800b72ae15a0846c6380c67d3b90d5/node_modules/next/dist/client/dev/hot-reloader/app/hot-reloader-app.js:196
[   20709ms] [LOG] [Fast Refresh] done in 116ms @ webpack-internal:///(app-pages-browser)/./node_modules/.pnpm/next@15.5.20_@babel+core@7._38800b72ae15a0846c6380c67d3b90d5/node_modules/next/dist/client/dev/report-hmr-latency.js:13
[   21061ms] [LOG] [Fast Refresh] rebuilding @ webpack-internal:///(app-pages-browser)/./node_modules/.pnpm/next@15.5.20_@babel+core@7._38800b72ae15a0846c6380c67d3b90d5/node_modules/next/dist/client/dev/hot-reloader/app/hot-reloader-app.js:196
[   21189ms] [LOG] [Fast Refresh] done in 128ms @ webpack-internal:///(app-pages-browser)/./node_modules/.pnpm/next@15.5.20_@babel+core@7._38800b72ae15a0846c6380c67d3b90d5/node_modules/next/dist/client/dev/report-hmr-latency.js:13
[   21630ms] [LOG] [Fast Refresh] rebuilding @ webpack-internal:///(app-pages-browser)/./node_modules/.pnpm/next@15.5.20_@babel+core@7._38800b72ae15a0846c6380c67d3b90d5/node_modules/next/dist/client/dev/hot-reloader/app/hot-reloader-app.js:196
[   21713ms] [LOG] [Fast Refresh] done in 84ms @ webpack-internal:///(app-pages-browser)/./node_modules/.pnpm/next@15.5.20_@babel+core@7._38800b72ae15a0846c6380c67d3b90d5/node_modules/next/dist/client/dev/report-hmr-latency.js:13
[   22075ms] [LOG] [Fast Refresh] rebuilding @ webpack-internal:///(app-pages-browser)/./node_modules/.pnpm/next@15.5.20_@babel+core@7._38800b72ae15a0846c6380c67d3b90d5/node_modules/next/dist/client/dev/hot-reloader/app/hot-reloader-app.js:196
[   22205ms] [LOG] [Fast Refresh] done in 130ms @ webpack-internal:///(app-pages-browser)/./node_modules/.pnpm/next@15.5.20_@babel+core@7._38800b72ae15a0846c6380c67d3b90d5/node_modules/next/dist/client/dev/report-hmr-latency.js:13
[   22575ms] [LOG] [Fast Refresh] rebuilding @ webpack-internal:///(app-pages-browser)/./node_modules/.pnpm/next@15.5.20_@babel+core@7._38800b72ae15a0846c6380c67d3b90d5/node_modules/next/dist/client/dev/hot-reloader/app/hot-reloader-app.js:196
[   22642ms] [LOG] [Fast Refresh] done in 67ms @ webpack-internal:///(app-pages-browser)/./node_modules/.pnpm/next@15.5.20_@babel+core@7._38800b72ae15a0846c6380c67d3b90d5/node_modules/next/dist/client/dev/report-hmr-latency.js:13
