[    2695ms] [INFO] %cDownload the React DevTools for a better development experience: https://react.dev/link/react-devtools font-weight:bold @ webpack-internal:///(app-pages-browser)/./node_modules/.pnpm/next@15.5.20_@babel+core@7._38800b72ae15a0846c6380c67d3b90d5/node_modules/next/dist/compiled/react-dom/cjs/react-dom-client.development.js:25630
[    3535ms] [LOG] [Fast Refresh] rebuilding @ webpack-internal:///(app-pages-browser)/./node_modules/.pnpm/next@15.5.20_@babel+core@7._38800b72ae15a0846c6380c67d3b90d5/node_modules/next/dist/client/dev/hot-reloader/app/hot-reloader-app.js:196
[    3871ms] [LOG] [Fast Refresh] done in 336ms @ webpack-internal:///(app-pages-browser)/./node_modules/.pnpm/next@15.5.20_@babel+core@7._38800b72ae15a0846c6380c67d3b90d5/node_modules/next/dist/client/dev/report-hmr-latency.js:13
[    4053ms] [LOG] [Fast Refresh] rebuilding @ webpack-internal:///(app-pages-browser)/./node_modules/.pnpm/next@15.5.20_@babel+core@7._38800b72ae15a0846c6380c67d3b90d5/node_modules/next/dist/client/dev/hot-reloader/app/hot-reloader-app.js:196
[    4435ms] [LOG] [Fast Refresh] done in 382ms @ webpack-internal:///(app-pages-browser)/./node_modules/.pnpm/next@15.5.20_@babel+core@7._38800b72ae15a0846c6380c67d3b90d5/node_modules/next/dist/client/dev/report-hmr-latency.js:13
[    4610ms] [LOG] [Fast Refresh] rebuilding @ webpack-internal:///(app-pages-browser)/./node_modules/.pnpm/next@15.5.20_@babel+core@7._38800b72ae15a0846c6380c67d3b90d5/node_modules/next/dist/client/dev/hot-reloader/app/hot-reloader-app.js:196
[    4697ms] [LOG] [Fast Refresh] done in 87ms @ webpack-internal:///(app-pages-browser)/./node_modules/.pnpm/next@15.5.20_@babel+core@7._38800b72ae15a0846c6380c67d3b90d5/node_modules/next/dist/client/dev/report-hmr-latency.js:13
[    5228ms] [LOG] [Fast Refresh] rebuilding @ webpack-internal:///(app-pages-browser)/./node_modules/.pnpm/next@15.5.20_@babel+core@7._38800b72ae15a0846c6380c67d3b90d5/node_modules/next/dist/client/dev/hot-reloader/app/hot-reloader-app.js:196
[    5297ms] [LOG] [Fast Refresh] done in 70ms @ webpack-internal:///(app-pages-browser)/./node_modules/.pnpm/next@15.5.20_@babel+core@7._38800b72ae15a0846c6380c67d3b90d5/node_modules/next/dist/client/dev/report-hmr-latency.js:13
[    5759ms] [LOG] [Fast Refresh] rebuilding @ webpack-internal:///(app-pages-browser)/./node_modules/.pnpm/next@15.5.20_@babel+core@7._38800b72ae15a0846c6380c67d3b90d5/node_modules/next/dist/client/dev/hot-reloader/app/hot-reloader-app.js:196
[    6141ms] [LOG] [Fast Refresh] done in 383ms @ webpack-internal:///(app-pages-browser)/./node_modules/.pnpm/next@15.5.20_@babel+core@7._38800b72ae15a0846c6380c67d3b90d5/node_modules/next/dist/client/dev/report-hmr-latency.js:13
[    6273ms] [LOG] [Fast Refresh] rebuilding @ webpack-internal:///(app-pages-browser)/./node_modules/.pnpm/next@15.5.20_@babel+core@7._38800b72ae15a0846c6380c67d3b90d5/node_modules/next/dist/client/dev/hot-reloader/app/hot-reloader-app.js:196
[    6635ms] [LOG] [Fast Refresh] done in 362ms @ webpack-internal:///(app-pages-browser)/./node_modules/.pnpm/next@15.5.20_@babel+core@7._38800b72ae15a0846c6380c67d3b90d5/node_modules/next/dist/client/dev/report-hmr-latency.js:13
[    6844ms] [LOG] [Fast Refresh] rebuilding @ webpack-internal:///(app-pages-browser)/./node_modules/.pnpm/next@15.5.20_@babel+core@7._38800b72ae15a0846c6380c67d3b90d5/node_modules/next/dist/client/dev/hot-reloader/app/hot-reloader-app.js:196
[    6913ms] [LOG] [Fast Refresh] done in 68ms @ webpack-internal:///(app-pages-browser)/./node_modules/.pnpm/next@15.5.20_@babel+core@7._38800b72ae15a0846c6380c67d3b90d5/node_modules/next/dist/client/dev/report-hmr-latency.js:13
[    7468ms] [LOG] [Fast Refresh] rebuilding @ webpack-internal:///(app-pages-browser)/./node_modules/.pnpm/next@15.5.20_@babel+core@7._38800b72ae15a0846c6380c67d3b90d5/node_modules/next/dist/client/dev/hot-reloader/app/hot-reloader-app.js:196
[    7819ms] [LOG] [Fast Refresh] done in 350ms @ webpack-internal:///(app-pages-browser)/./node_modules/.pnpm/next@15.5.20_@babel+core@7._38800b72ae15a0846c6380c67d3b90d5/node_modules/next/dist/client/dev/report-hmr-latency.js:13
[    8004ms] [LOG] [Fast Refresh] rebuilding @ webpack-internal:///(app-pages-browser)/./node_modules/.pnpm/next@15.5.20_@babel+core@7._38800b72ae15a0846c6380c67d3b90d5/node_modules/next/dist/client/dev/hot-reloader/app/hot-reloader-app.js:196
[    8312ms] [LOG] [Fast Refresh] done in 307ms @ webpack-internal:///(app-pages-browser)/./node_modules/.pnpm/next@15.5.20_@babel+core@7._38800b72ae15a0846c6380c67d3b90d5/node_modules/next/dist/client/dev/report-hmr-latency.js:13
[    8579ms] [LOG] [Fast Refresh] rebuilding @ webpack-internal:///(app-pages-browser)/./node_modules/.pnpm/next@15.5.20_@babel+core@7._38800b72ae15a0846c6380c67d3b90d5/node_modules/next/dist/client/dev/hot-reloader/app/hot-reloader-app.js:196
[    8882ms] [LOG] [Fast Refresh] done in 303ms @ webpack-internal:///(app-pages-browser)/./node_modules/.pnpm/next@15.5.20_@babel+core@7._38800b72ae15a0846c6380c67d3b90d5/node_modules/next/dist/client/dev/report-hmr-latency.js:13
[    9034ms] [LOG] [Fast Refresh] rebuilding @ webpack-internal:///(app-pages-browser)/./node_modules/.pnpm/next@15.5.20_@babel+core@7._38800b72ae15a0846c6380c67d3b90d5/node_modules/next/dist/client/dev/hot-reloader/app/hot-reloader-app.js:196
[    9410ms] [LOG] [Fast Refresh] done in 376ms @ webpack-internal:///(app-pages-browser)/./node_modules/.pnpm/next@15.5.20_@babel+core@7._38800b72ae15a0846c6380c67d3b90d5/node_modules/next/dist/client/dev/report-hmr-latency.js:13
[    9635ms] [LOG] [Fast Refresh] rebuilding @ webpack-internal:///(app-pages-browser)/./node_modules/.pnpm/next@15.5.20_@babel+core@7._38800b72ae15a0846c6380c67d3b90d5/node_modules/next/dist/client/dev/hot-reloader/app/hot-reloader-app.js:196
[    9948ms] [LOG] [Fast Refresh] done in 312ms @ webpack-internal:///(app-pages-browser)/./node_modules/.pnpm/next@15.5.20_@babel+core@7._38800b72ae15a0846c6380c67d3b90d5/node_modules/next/dist/client/dev/report-hmr-latency.js:13
[   10174ms] [LOG] [Fast Refresh] rebuilding @ webpack-internal:///(app-pages-browser)/./node_modules/.pnpm/next@15.5.20_@babel+core@7._38800b72ae15a0846c6380c67d3b90d5/node_modules/next/dist/client/dev/hot-reloader/app/hot-reloader-app.js:196
[   10520ms] [LOG] [Fast Refresh] done in 346ms @ webpack-internal:///(app-pages-browser)/./node_modules/.pnpm/next@15.5.20_@babel+core@7._38800b72ae15a0846c6380c67d3b90d5/node_modules/next/dist/client/dev/report-hmr-latency.js:13
[   10782ms] [LOG] [Fast Refresh] rebuilding @ webpack-internal:///(app-pages-browser)/./node_modules/.pnpm/next@15.5.20_@babel+core@7._38800b72ae15a0846c6380c67d3b90d5/node_modules/next/dist/client/dev/hot-reloader/app/hot-reloader-app.js:196
[   10821ms] [LOG] [Fast Refresh] done in 38ms @ webpack-internal:///(app-pages-browser)/./node_modules/.pnpm/next@15.5.20_@babel+core@7._38800b72ae15a0846c6380c67d3b90d5/node_modules/next/dist/client/dev/report-hmr-latency.js:13
