[    7117ms] [WARNING] The resource https://saas-application-02-version1.onrender.com/branding/default-mark.svg was preloaded using link preload but not used within a few seconds from the window's load event. Please make sure it has an appropriate `as` value and it is preloaded intentionally. @ https://saas-application-02-version1.onrender.com/login:0
[   45267ms] Error: Minified React error #418; visit https://react.dev/errors/418?args[]=HTML&args[]= for the full message or use the non-minified dev environment for full errors and additional helpful warnings.
    at rD (https://saas-application-02-version1.onrender.com/_next/static/chunks/9a3ab915-a5982b1f08722fb8.js:1:35061)
    at oq (https://saas-application-02-version1.onrender.com/_next/static/chunks/9a3ab915-a5982b1f08722fb8.js:1:84565)
    at ik (https://saas-application-02-version1.onrender.com/_next/static/chunks/9a3ab915-a5982b1f08722fb8.js:1:114681)
    at https://saas-application-02-version1.onrender.com/_next/static/chunks/9a3ab915-a5982b1f08722fb8.js:1:110729
    at iu (https://saas-application-02-version1.onrender.com/_next/static/chunks/9a3ab915-a5982b1f08722fb8.js:1:110830)
    at iX (https://saas-application-02-version1.onrender.com/_next/static/chunks/9a3ab915-a5982b1f08722fb8.js:1:132933)
    at MessagePort.w (https://saas-application-02-version1.onrender.com/_next/static/chunks/1050-2358b948bc8383c9.js:1:119318)
[   51751ms] Error: Minified React error #418; visit https://react.dev/errors/418?args[]=HTML&args[]= for the full message or use the non-minified dev environment for full errors and additional helpful warnings.
    at rD (https://saas-application-02-version1.onrender.com/_next/static/chunks/9a3ab915-a5982b1f08722fb8.js:1:35061)
    at oq (https://saas-application-02-version1.onrender.com/_next/static/chunks/9a3ab915-a5982b1f08722fb8.js:1:84565)
    at ik (https://saas-application-02-version1.onrender.com/_next/static/chunks/9a3ab915-a5982b1f08722fb8.js:1:114681)
    at https://saas-application-02-version1.onrender.com/_next/static/chunks/9a3ab915-a5982b1f08722fb8.js:1:110729
    at iu (https://saas-application-02-version1.onrender.com/_next/static/chunks/9a3ab915-a5982b1f08722fb8.js:1:110830)
    at iX (https://saas-application-02-version1.onrender.com/_next/static/chunks/9a3ab915-a5982b1f08722fb8.js:1:132933)
    at MessagePort.w (https://saas-application-02-version1.onrender.com/_next/static/chunks/1050-2358b948bc8383c9.js:1:119318)
[   56769ms] Error: Minified React error #418; visit https://react.dev/errors/418?args[]=HTML&args[]= for the full message or use the non-minified dev environment for full errors and additional helpful warnings.
    at rD (https://saas-application-02-version1.onrender.com/_next/static/chunks/9a3ab915-a5982b1f08722fb8.js:1:35061)
    at oq (https://saas-application-02-version1.onrender.com/_next/static/chunks/9a3ab915-a5982b1f08722fb8.js:1:84565)
    at ik (https://saas-application-02-version1.onrender.com/_next/static/chunks/9a3ab915-a5982b1f08722fb8.js:1:114681)
    at https://saas-application-02-version1.onrender.com/_next/static/chunks/9a3ab915-a5982b1f08722fb8.js:1:110729
    at iu (https://saas-application-02-version1.onrender.com/_next/static/chunks/9a3ab915-a5982b1f08722fb8.js:1:110830)
    at iX (https://saas-application-02-version1.onrender.com/_next/static/chunks/9a3ab915-a5982b1f08722fb8.js:1:132933)
    at MessagePort.w (https://saas-application-02-version1.onrender.com/_next/static/chunks/1050-2358b948bc8383c9.js:1:119318)
[   63264ms] Error: Minified React error #418; visit https://react.dev/errors/418?args[]=HTML&args[]= for the full message or use the non-minified dev environment for full errors and additional helpful warnings.
    at rD (https://saas-application-02-version1.onrender.com/_next/static/chunks/9a3ab915-a5982b1f08722fb8.js:1:35061)
    at oq (https://saas-application-02-version1.onrender.com/_next/static/chunks/9a3ab915-a5982b1f08722fb8.js:1:84565)
    at ik (https://saas-application-02-version1.onrender.com/_next/static/chunks/9a3ab915-a5982b1f08722fb8.js:1:114681)
    at https://saas-application-02-version1.onrender.com/_next/static/chunks/9a3ab915-a5982b1f08722fb8.js:1:110729
    at iu (https://saas-application-02-version1.onrender.com/_next/static/chunks/9a3ab915-a5982b1f08722fb8.js:1:110830)
    at iX (https://saas-application-02-version1.onrender.com/_next/static/chunks/9a3ab915-a5982b1f08722fb8.js:1:132933)
    at MessagePort.w (https://saas-application-02-version1.onrender.com/_next/static/chunks/1050-2358b948bc8383c9.js:1:119318)
[   68455ms] Error: Minified React error #418; visit https://react.dev/errors/418?args[]=HTML&args[]= for the full message or use the non-minified dev environment for full errors and additional helpful warnings.
    at rD (https://saas-application-02-version1.onrender.com/_next/static/chunks/9a3ab915-a5982b1f08722fb8.js:1:35061)
    at oq (https://saas-application-02-version1.onrender.com/_next/static/chunks/9a3ab915-a5982b1f08722fb8.js:1:84565)
    at ik (https://saas-application-02-version1.onrender.com/_next/static/chunks/9a3ab915-a5982b1f08722fb8.js:1:114681)
    at https://saas-application-02-version1.onrender.com/_next/static/chunks/9a3ab915-a5982b1f08722fb8.js:1:110729
    at iu (https://saas-application-02-version1.onrender.com/_next/static/chunks/9a3ab915-a5982b1f08722fb8.js:1:110830)
    at iX (https://saas-application-02-version1.onrender.com/_next/static/chunks/9a3ab915-a5982b1f08722fb8.js:1:132933)
    at MessagePort.w (https://saas-application-02-version1.onrender.com/_next/static/chunks/1050-2358b948bc8383c9.js:1:119318)
[   73800ms] Error: Minified React error #418; visit https://react.dev/errors/418?args[]=HTML&args[]= for the full message or use the non-minified dev environment for full errors and additional helpful warnings.
    at rD (https://saas-application-02-version1.onrender.com/_next/static/chunks/9a3ab915-a5982b1f08722fb8.js:1:35061)
    at oq (https://saas-application-02-version1.onrender.com/_next/static/chunks/9a3ab915-a5982b1f08722fb8.js:1:84565)
    at ik (https://saas-application-02-version1.onrender.com/_next/static/chunks/9a3ab915-a5982b1f08722fb8.js:1:114681)
    at https://saas-application-02-version1.onrender.com/_next/static/chunks/9a3ab915-a5982b1f08722fb8.js:1:110729
    at iu (https://saas-application-02-version1.onrender.com/_next/static/chunks/9a3ab915-a5982b1f08722fb8.js:1:110830)
    at iX (https://saas-application-02-version1.onrender.com/_next/static/chunks/9a3ab915-a5982b1f08722fb8.js:1:132933)
    at MessagePort.w (https://saas-application-02-version1.onrender.com/_next/static/chunks/1050-2358b948bc8383c9.js:1:119318)
[   78953ms] Error: Minified React error #418; visit https://react.dev/errors/418?args[]=HTML&args[]= for the full message or use the non-minified dev environment for full errors and additional helpful warnings.
    at rD (https://saas-application-02-version1.onrender.com/_next/static/chunks/9a3ab915-a5982b1f08722fb8.js:1:35061)
    at oq (https://saas-application-02-version1.onrender.com/_next/static/chunks/9a3ab915-a5982b1f08722fb8.js:1:84565)
    at ik (https://saas-application-02-version1.onrender.com/_next/static/chunks/9a3ab915-a5982b1f08722fb8.js:1:114681)
    at https://saas-application-02-version1.onrender.com/_next/static/chunks/9a3ab915-a5982b1f08722fb8.js:1:110729
    at iu (https://saas-application-02-version1.onrender.com/_next/static/chunks/9a3ab915-a5982b1f08722fb8.js:1:110830)
    at iX (https://saas-application-02-version1.onrender.com/_next/static/chunks/9a3ab915-a5982b1f08722fb8.js:1:132933)
    at MessagePort.w (https://saas-application-02-version1.onrender.com/_next/static/chunks/1050-2358b948bc8383c9.js:1:119318)
[   80548ms] [VERBOSE] [DOM] Password forms should have (optionally hidden) username fields for accessibility: (More info: https://goo.gl/9p2vKq) %o @ https://saas-application-02-version1.onrender.com/super-admin/tenant-password:0
[   83273ms] Error: Minified React error #418; visit https://react.dev/errors/418?args[]=HTML&args[]= for the full message or use the non-minified dev environment for full errors and additional helpful warnings.
    at rD (https://saas-application-02-version1.onrender.com/_next/static/chunks/9a3ab915-a5982b1f08722fb8.js:1:35061)
    at oq (https://saas-application-02-version1.onrender.com/_next/static/chunks/9a3ab915-a5982b1f08722fb8.js:1:84565)
    at ik (https://saas-application-02-version1.onrender.com/_next/static/chunks/9a3ab915-a5982b1f08722fb8.js:1:114681)
    at https://saas-application-02-version1.onrender.com/_next/static/chunks/9a3ab915-a5982b1f08722fb8.js:1:110729
    at iu (https://saas-application-02-version1.onrender.com/_next/static/chunks/9a3ab915-a5982b1f08722fb8.js:1:110830)
    at iX (https://saas-application-02-version1.onrender.com/_next/static/chunks/9a3ab915-a5982b1f08722fb8.js:1:132933)
    at MessagePort.w (https://saas-application-02-version1.onrender.com/_next/static/chunks/1050-2358b948bc8383c9.js:1:119318)
[  103019ms] Error: Minified React error #418; visit https://react.dev/errors/418?args[]=HTML&args[]= for the full message or use the non-minified dev environment for full errors and additional helpful warnings.
    at rD (https://saas-application-02-version1.onrender.com/_next/static/chunks/9a3ab915-a5982b1f08722fb8.js:1:35061)
    at oq (https://saas-application-02-version1.onrender.com/_next/static/chunks/9a3ab915-a5982b1f08722fb8.js:1:84565)
    at ik (https://saas-application-02-version1.onrender.com/_next/static/chunks/9a3ab915-a5982b1f08722fb8.js:1:114681)
    at https://saas-application-02-version1.onrender.com/_next/static/chunks/9a3ab915-a5982b1f08722fb8.js:1:110729
    at iu (https://saas-application-02-version1.onrender.com/_next/static/chunks/9a3ab915-a5982b1f08722fb8.js:1:110830)
    at iX (https://saas-application-02-version1.onrender.com/_next/static/chunks/9a3ab915-a5982b1f08722fb8.js:1:132933)
    at MessagePort.w (https://saas-application-02-version1.onrender.com/_next/static/chunks/1050-2358b948bc8383c9.js:1:119318)
[  108355ms] Error: Minified React error #418; visit https://react.dev/errors/418?args[]=HTML&args[]= for the full message or use the non-minified dev environment for full errors and additional helpful warnings.
    at rD (https://saas-application-02-version1.onrender.com/_next/static/chunks/9a3ab915-a5982b1f08722fb8.js:1:35061)
    at oq (https://saas-application-02-version1.onrender.com/_next/static/chunks/9a3ab915-a5982b1f08722fb8.js:1:84565)
    at ik (https://saas-application-02-version1.onrender.com/_next/static/chunks/9a3ab915-a5982b1f08722fb8.js:1:114681)
    at https://saas-application-02-version1.onrender.com/_next/static/chunks/9a3ab915-a5982b1f08722fb8.js:1:110729
    at iu (https://saas-application-02-version1.onrender.com/_next/static/chunks/9a3ab915-a5982b1f08722fb8.js:1:110830)
    at iX (https://saas-application-02-version1.onrender.com/_next/static/chunks/9a3ab915-a5982b1f08722fb8.js:1:132933)
    at MessagePort.w (https://saas-application-02-version1.onrender.com/_next/static/chunks/1050-2358b948bc8383c9.js:1:119318)
[  113381ms] Error: Minified React error #418; visit https://react.dev/errors/418?args[]=HTML&args[]= for the full message or use the non-minified dev environment for full errors and additional helpful warnings.
    at rD (https://saas-application-02-version1.onrender.com/_next/static/chunks/9a3ab915-a5982b1f08722fb8.js:1:35061)
    at oq (https://saas-application-02-version1.onrender.com/_next/static/chunks/9a3ab915-a5982b1f08722fb8.js:1:84565)
    at ik (https://saas-application-02-version1.onrender.com/_next/static/chunks/9a3ab915-a5982b1f08722fb8.js:1:114681)
    at https://saas-application-02-version1.onrender.com/_next/static/chunks/9a3ab915-a5982b1f08722fb8.js:1:110729
    at iu (https://saas-application-02-version1.onrender.com/_next/static/chunks/9a3ab915-a5982b1f08722fb8.js:1:110830)
    at iX (https://saas-application-02-version1.onrender.com/_next/static/chunks/9a3ab915-a5982b1f08722fb8.js:1:132933)
    at MessagePort.w (https://saas-application-02-version1.onrender.com/_next/static/chunks/1050-2358b948bc8383c9.js:1:119318)
[  117856ms] Error: Minified React error #418; visit https://react.dev/errors/418?args[]=HTML&args[]= for the full message or use the non-minified dev environment for full errors and additional helpful warnings.
    at rD (https://saas-application-02-version1.onrender.com/_next/static/chunks/9a3ab915-a5982b1f08722fb8.js:1:35061)
    at oq (https://saas-application-02-version1.onrender.com/_next/static/chunks/9a3ab915-a5982b1f08722fb8.js:1:84565)
    at ik (https://saas-application-02-version1.onrender.com/_next/static/chunks/9a3ab915-a5982b1f08722fb8.js:1:114681)
    at https://saas-application-02-version1.onrender.com/_next/static/chunks/9a3ab915-a5982b1f08722fb8.js:1:110729
    at iu (https://saas-application-02-version1.onrender.com/_next/static/chunks/9a3ab915-a5982b1f08722fb8.js:1:110830)
    at iX (https://saas-application-02-version1.onrender.com/_next/static/chunks/9a3ab915-a5982b1f08722fb8.js:1:132933)
    at MessagePort.w (https://saas-application-02-version1.onrender.com/_next/static/chunks/1050-2358b948bc8383c9.js:1:119318)
[  122933ms] Error: Minified React error #418; visit https://react.dev/errors/418?args[]=HTML&args[]= for the full message or use the non-minified dev environment for full errors and additional helpful warnings.
    at rD (https://saas-application-02-version1.onrender.com/_next/static/chunks/9a3ab915-a5982b1f08722fb8.js:1:35061)
    at oq (https://saas-application-02-version1.onrender.com/_next/static/chunks/9a3ab915-a5982b1f08722fb8.js:1:84565)
    at ik (https://saas-application-02-version1.onrender.com/_next/static/chunks/9a3ab915-a5982b1f08722fb8.js:1:114681)
    at https://saas-application-02-version1.onrender.com/_next/static/chunks/9a3ab915-a5982b1f08722fb8.js:1:110729
    at iu (https://saas-application-02-version1.onrender.com/_next/static/chunks/9a3ab915-a5982b1f08722fb8.js:1:110830)
    at iX (https://saas-application-02-version1.onrender.com/_next/static/chunks/9a3ab915-a5982b1f08722fb8.js:1:132933)
    at MessagePort.w (https://saas-application-02-version1.onrender.com/_next/static/chunks/1050-2358b948bc8383c9.js:1:119318)
[  128575ms] Error: Minified React error #418; visit https://react.dev/errors/418?args[]=HTML&args[]= for the full message or use the non-minified dev environment for full errors and additional helpful warnings.
    at rD (https://saas-application-02-version1.onrender.com/_next/static/chunks/9a3ab915-a5982b1f08722fb8.js:1:35061)
    at oq (https://saas-application-02-version1.onrender.com/_next/static/chunks/9a3ab915-a5982b1f08722fb8.js:1:84565)
    at ik (https://saas-application-02-version1.onrender.com/_next/static/chunks/9a3ab915-a5982b1f08722fb8.js:1:114681)
    at https://saas-application-02-version1.onrender.com/_next/static/chunks/9a3ab915-a5982b1f08722fb8.js:1:110729
    at iu (https://saas-application-02-version1.onrender.com/_next/static/chunks/9a3ab915-a5982b1f08722fb8.js:1:110830)
    at iX (https://saas-application-02-version1.onrender.com/_next/static/chunks/9a3ab915-a5982b1f08722fb8.js:1:132933)
    at MessagePort.w (https://saas-application-02-version1.onrender.com/_next/static/chunks/1050-2358b948bc8383c9.js:1:119318)
[  134018ms] Error: Minified React error #418; visit https://react.dev/errors/418?args[]=HTML&args[]= for the full message or use the non-minified dev environment for full errors and additional helpful warnings.
    at rD (https://saas-application-02-version1.onrender.com/_next/static/chunks/9a3ab915-a5982b1f08722fb8.js:1:35061)
    at oq (https://saas-application-02-version1.onrender.com/_next/static/chunks/9a3ab915-a5982b1f08722fb8.js:1:84565)
    at ik (https://saas-application-02-version1.onrender.com/_next/static/chunks/9a3ab915-a5982b1f08722fb8.js:1:114681)
    at https://saas-application-02-version1.onrender.com/_next/static/chunks/9a3ab915-a5982b1f08722fb8.js:1:110729
    at iu (https://saas-application-02-version1.onrender.com/_next/static/chunks/9a3ab915-a5982b1f08722fb8.js:1:110830)
    at iX (https://saas-application-02-version1.onrender.com/_next/static/chunks/9a3ab915-a5982b1f08722fb8.js:1:132933)
    at MessagePort.w (https://saas-application-02-version1.onrender.com/_next/static/chunks/1050-2358b948bc8383c9.js:1:119318)
[  139698ms] Error: Minified React error #418; visit https://react.dev/errors/418?args[]=HTML&args[]= for the full message or use the non-minified dev environment for full errors and additional helpful warnings.
    at rD (https://saas-application-02-version1.onrender.com/_next/static/chunks/9a3ab915-a5982b1f08722fb8.js:1:35061)
    at oq (https://saas-application-02-version1.onrender.com/_next/static/chunks/9a3ab915-a5982b1f08722fb8.js:1:84565)
    at ik (https://saas-application-02-version1.onrender.com/_next/static/chunks/9a3ab915-a5982b1f08722fb8.js:1:114681)
    at https://saas-application-02-version1.onrender.com/_next/static/chunks/9a3ab915-a5982b1f08722fb8.js:1:110729
    at iu (https://saas-application-02-version1.onrender.com/_next/static/chunks/9a3ab915-a5982b1f08722fb8.js:1:110830)
    at iX (https://saas-application-02-version1.onrender.com/_next/static/chunks/9a3ab915-a5982b1f08722fb8.js:1:132933)
    at MessagePort.w (https://saas-application-02-version1.onrender.com/_next/static/chunks/1050-2358b948bc8383c9.js:1:119318)
[  145834ms] Error: Minified React error #418; visit https://react.dev/errors/418?args[]=HTML&args[]= for the full message or use the non-minified dev environment for full errors and additional helpful warnings.
    at rD (https://saas-application-02-version1.onrender.com/_next/static/chunks/9a3ab915-a5982b1f08722fb8.js:1:35061)
    at oq (https://saas-application-02-version1.onrender.com/_next/static/chunks/9a3ab915-a5982b1f08722fb8.js:1:84565)
    at ik (https://saas-application-02-version1.onrender.com/_next/static/chunks/9a3ab915-a5982b1f08722fb8.js:1:114681)
    at https://saas-application-02-version1.onrender.com/_next/static/chunks/9a3ab915-a5982b1f08722fb8.js:1:110729
    at iu (https://saas-application-02-version1.onrender.com/_next/static/chunks/9a3ab915-a5982b1f08722fb8.js:1:110830)
    at iX (https://saas-application-02-version1.onrender.com/_next/static/chunks/9a3ab915-a5982b1f08722fb8.js:1:132933)
    at MessagePort.w (https://saas-application-02-version1.onrender.com/_next/static/chunks/1050-2358b948bc8383c9.js:1:119318)
[  150392ms] Error: Minified React error #418; visit https://react.dev/errors/418?args[]=HTML&args[]= for the full message or use the non-minified dev environment for full errors and additional helpful warnings.
    at rD (https://saas-application-02-version1.onrender.com/_next/static/chunks/9a3ab915-a5982b1f08722fb8.js:1:35061)
    at oq (https://saas-application-02-version1.onrender.com/_next/static/chunks/9a3ab915-a5982b1f08722fb8.js:1:84565)
    at ik (https://saas-application-02-version1.onrender.com/_next/static/chunks/9a3ab915-a5982b1f08722fb8.js:1:114681)
    at https://saas-application-02-version1.onrender.com/_next/static/chunks/9a3ab915-a5982b1f08722fb8.js:1:110729
    at iu (https://saas-application-02-version1.onrender.com/_next/static/chunks/9a3ab915-a5982b1f08722fb8.js:1:110830)
    at iX (https://saas-application-02-version1.onrender.com/_next/static/chunks/9a3ab915-a5982b1f08722fb8.js:1:132933)
    at MessagePort.w (https://saas-application-02-version1.onrender.com/_next/static/chunks/1050-2358b948bc8383c9.js:1:119318)
[  154830ms] Error: Minified React error #418; visit https://react.dev/errors/418?args[]=HTML&args[]= for the full message or use the non-minified dev environment for full errors and additional helpful warnings.
    at rD (https://saas-application-02-version1.onrender.com/_next/static/chunks/9a3ab915-a5982b1f08722fb8.js:1:35061)
    at oq (https://saas-application-02-version1.onrender.com/_next/static/chunks/9a3ab915-a5982b1f08722fb8.js:1:84565)
    at ik (https://saas-application-02-version1.onrender.com/_next/static/chunks/9a3ab915-a5982b1f08722fb8.js:1:114681)
    at https://saas-application-02-version1.onrender.com/_next/static/chunks/9a3ab915-a5982b1f08722fb8.js:1:110729
    at iu (https://saas-application-02-version1.onrender.com/_next/static/chunks/9a3ab915-a5982b1f08722fb8.js:1:110830)
    at iX (https://saas-application-02-version1.onrender.com/_next/static/chunks/9a3ab915-a5982b1f08722fb8.js:1:132933)
    at MessagePort.w (https://saas-application-02-version1.onrender.com/_next/static/chunks/1050-2358b948bc8383c9.js:1:119318)
[  159190ms] Error: Minified React error #418; visit https://react.dev/errors/418?args[]=HTML&args[]= for the full message or use the non-minified dev environment for full errors and additional helpful warnings.
    at rD (https://saas-application-02-version1.onrender.com/_next/static/chunks/9a3ab915-a5982b1f08722fb8.js:1:35061)
    at oq (https://saas-application-02-version1.onrender.com/_next/static/chunks/9a3ab915-a5982b1f08722fb8.js:1:84565)
    at ik (https://saas-application-02-version1.onrender.com/_next/static/chunks/9a3ab915-a5982b1f08722fb8.js:1:114681)
    at https://saas-application-02-version1.onrender.com/_next/static/chunks/9a3ab915-a5982b1f08722fb8.js:1:110729
    at iu (https://saas-application-02-version1.onrender.com/_next/static/chunks/9a3ab915-a5982b1f08722fb8.js:1:110830)
    at iX (https://saas-application-02-version1.onrender.com/_next/static/chunks/9a3ab915-a5982b1f08722fb8.js:1:132933)
    at MessagePort.w (https://saas-application-02-version1.onrender.com/_next/static/chunks/1050-2358b948bc8383c9.js:1:119318)
[  164187ms] Error: Minified React error #418; visit https://react.dev/errors/418?args[]=HTML&args[]= for the full message or use the non-minified dev environment for full errors and additional helpful warnings.
    at rD (https://saas-application-02-version1.onrender.com/_next/static/chunks/9a3ab915-a5982b1f08722fb8.js:1:35061)
    at oq (https://saas-application-02-version1.onrender.com/_next/static/chunks/9a3ab915-a5982b1f08722fb8.js:1:84565)
    at ik (https://saas-application-02-version1.onrender.com/_next/static/chunks/9a3ab915-a5982b1f08722fb8.js:1:114681)
    at https://saas-application-02-version1.onrender.com/_next/static/chunks/9a3ab915-a5982b1f08722fb8.js:1:110729
    at iu (https://saas-application-02-version1.onrender.com/_next/static/chunks/9a3ab915-a5982b1f08722fb8.js:1:110830)
    at iX (https://saas-application-02-version1.onrender.com/_next/static/chunks/9a3ab915-a5982b1f08722fb8.js:1:132933)
    at MessagePort.w (https://saas-application-02-version1.onrender.com/_next/static/chunks/1050-2358b948bc8383c9.js:1:119318)
[  173375ms] Error: Minified React error #418; visit https://react.dev/errors/418?args[]=HTML&args[]= for the full message or use the non-minified dev environment for full errors and additional helpful warnings.
    at rD (https://saas-application-02-version1.onrender.com/_next/static/chunks/9a3ab915-a5982b1f08722fb8.js:1:35061)
    at oq (https://saas-application-02-version1.onrender.com/_next/static/chunks/9a3ab915-a5982b1f08722fb8.js:1:84565)
    at ik (https://saas-application-02-version1.onrender.com/_next/static/chunks/9a3ab915-a5982b1f08722fb8.js:1:114681)
    at https://saas-application-02-version1.onrender.com/_next/static/chunks/9a3ab915-a5982b1f08722fb8.js:1:110729
    at iu (https://saas-application-02-version1.onrender.com/_next/static/chunks/9a3ab915-a5982b1f08722fb8.js:1:110830)
    at iX (https://saas-application-02-version1.onrender.com/_next/static/chunks/9a3ab915-a5982b1f08722fb8.js:1:132933)
    at MessagePort.w (https://saas-application-02-version1.onrender.com/_next/static/chunks/1050-2358b948bc8383c9.js:1:119318)
[  186689ms] Error: Minified React error #418; visit https://react.dev/errors/418?args[]=HTML&args[]= for the full message or use the non-minified dev environment for full errors and additional helpful warnings.
    at rD (https://saas-application-02-version1.onrender.com/_next/static/chunks/9a3ab915-a5982b1f08722fb8.js:1:35061)
    at oq (https://saas-application-02-version1.onrender.com/_next/static/chunks/9a3ab915-a5982b1f08722fb8.js:1:84565)
    at ik (https://saas-application-02-version1.onrender.com/_next/static/chunks/9a3ab915-a5982b1f08722fb8.js:1:114681)
    at https://saas-application-02-version1.onrender.com/_next/static/chunks/9a3ab915-a5982b1f08722fb8.js:1:110729
    at iu (https://saas-application-02-version1.onrender.com/_next/static/chunks/9a3ab915-a5982b1f08722fb8.js:1:110830)
    at iX (https://saas-application-02-version1.onrender.com/_next/static/chunks/9a3ab915-a5982b1f08722fb8.js:1:132933)
    at MessagePort.w (https://saas-application-02-version1.onrender.com/_next/static/chunks/1050-2358b948bc8383c9.js:1:119318)
[  191966ms] Error: Minified React error #418; visit https://react.dev/errors/418?args[]=HTML&args[]= for the full message or use the non-minified dev environment for full errors and additional helpful warnings.
    at rD (https://saas-application-02-version1.onrender.com/_next/static/chunks/9a3ab915-a5982b1f08722fb8.js:1:35061)
    at oq (https://saas-application-02-version1.onrender.com/_next/static/chunks/9a3ab915-a5982b1f08722fb8.js:1:84565)
    at ik (https://saas-application-02-version1.onrender.com/_next/static/chunks/9a3ab915-a5982b1f08722fb8.js:1:114681)
    at https://saas-application-02-version1.onrender.com/_next/static/chunks/9a3ab915-a5982b1f08722fb8.js:1:110729
    at iu (https://saas-application-02-version1.onrender.com/_next/static/chunks/9a3ab915-a5982b1f08722fb8.js:1:110830)
    at iX (https://saas-application-02-version1.onrender.com/_next/static/chunks/9a3ab915-a5982b1f08722fb8.js:1:132933)
    at MessagePort.w (https://saas-application-02-version1.onrender.com/_next/static/chunks/1050-2358b948bc8383c9.js:1:119318)
[  197687ms] Error: Minified React error #418; visit https://react.dev/errors/418?args[]=HTML&args[]= for the full message or use the non-minified dev environment for full errors and additional helpful warnings.
    at rD (https://saas-application-02-version1.onrender.com/_next/static/chunks/9a3ab915-a5982b1f08722fb8.js:1:35061)
    at oq (https://saas-application-02-version1.onrender.com/_next/static/chunks/9a3ab915-a5982b1f08722fb8.js:1:84565)
    at ik (https://saas-application-02-version1.onrender.com/_next/static/chunks/9a3ab915-a5982b1f08722fb8.js:1:114681)
    at https://saas-application-02-version1.onrender.com/_next/static/chunks/9a3ab915-a5982b1f08722fb8.js:1:110729
    at iu (https://saas-application-02-version1.onrender.com/_next/static/chunks/9a3ab915-a5982b1f08722fb8.js:1:110830)
    at iX (https://saas-application-02-version1.onrender.com/_next/static/chunks/9a3ab915-a5982b1f08722fb8.js:1:132933)
    at MessagePort.w (https://saas-application-02-version1.onrender.com/_next/static/chunks/1050-2358b948bc8383c9.js:1:119318)
[  206635ms] [ERROR] Failed to load resource: the server responded with a status of 401 () @ https://saas-application-02-version1.onrender.com/api/auth/employee/login:0
[  235105ms] [ERROR] Failed to load resource: the server responded with a status of 401 () @ https://saas-application-02-version1.onrender.com/api/auth/employee/login:0
[  261221ms] [ERROR] Failed to load resource: the server responded with a status of 401 () @ https://saas-application-02-version1.onrender.com/api/auth/client/login:0
[  288554ms] [ERROR] Failed to load resource: the server responded with a status of 401 () @ https://saas-application-02-version1.onrender.com/api/auth/client/login:0
[  557850ms] [ERROR] Failed to load resource: the server responded with a status of 401 () @ https://saas-application-02-version1.onrender.com/api/tenant-admin/finance/documents:0
[  558121ms] [ERROR] Failed to load resource: the server responded with a status of 401 () @ https://saas-application-02-version1.onrender.com/api/tenant-admin/finance/invoices:0
[  561333ms] Error: Minified React error #418; visit https://react.dev/errors/418?args[]=HTML&args[]= for the full message or use the non-minified dev environment for full errors and additional helpful warnings.
    at rD (https://saas-application-02-version1.onrender.com/_next/static/chunks/9a3ab915-a5982b1f08722fb8.js:1:35061)
    at oq (https://saas-application-02-version1.onrender.com/_next/static/chunks/9a3ab915-a5982b1f08722fb8.js:1:84565)
    at ik (https://saas-application-02-version1.onrender.com/_next/static/chunks/9a3ab915-a5982b1f08722fb8.js:1:114681)
    at https://saas-application-02-version1.onrender.com/_next/static/chunks/9a3ab915-a5982b1f08722fb8.js:1:110729
    at iu (https://saas-application-02-version1.onrender.com/_next/static/chunks/9a3ab915-a5982b1f08722fb8.js:1:110830)
    at iX (https://saas-application-02-version1.onrender.com/_next/static/chunks/9a3ab915-a5982b1f08722fb8.js:1:132933)
    at MessagePort.w (https://saas-application-02-version1.onrender.com/_next/static/chunks/1050-2358b948bc8383c9.js:1:119318)
[  637783ms] Error: Minified React error #418; visit https://react.dev/errors/418?args[]=HTML&args[]= for the full message or use the non-minified dev environment for full errors and additional helpful warnings.
    at rD (https://saas-application-02-version1.onrender.com/_next/static/chunks/9a3ab915-a5982b1f08722fb8.js:1:35061)
    at oq (https://saas-application-02-version1.onrender.com/_next/static/chunks/9a3ab915-a5982b1f08722fb8.js:1:84565)
    at ik (https://saas-application-02-version1.onrender.com/_next/static/chunks/9a3ab915-a5982b1f08722fb8.js:1:114681)
    at https://saas-application-02-version1.onrender.com/_next/static/chunks/9a3ab915-a5982b1f08722fb8.js:1:110729
    at iu (https://saas-application-02-version1.onrender.com/_next/static/chunks/9a3ab915-a5982b1f08722fb8.js:1:110830)
    at iX (https://saas-application-02-version1.onrender.com/_next/static/chunks/9a3ab915-a5982b1f08722fb8.js:1:132933)
    at MessagePort.w (https://saas-application-02-version1.onrender.com/_next/static/chunks/1050-2358b948bc8383c9.js:1:119318)
[  645581ms] Error: Minified React error #418; visit https://react.dev/errors/418?args[]=HTML&args[]= for the full message or use the non-minified dev environment for full errors and additional helpful warnings.
    at rD (https://saas-application-02-version1.onrender.com/_next/static/chunks/9a3ab915-a5982b1f08722fb8.js:1:35061)
    at oq (https://saas-application-02-version1.onrender.com/_next/static/chunks/9a3ab915-a5982b1f08722fb8.js:1:84565)
    at ik (https://saas-application-02-version1.onrender.com/_next/static/chunks/9a3ab915-a5982b1f08722fb8.js:1:114681)
    at https://saas-application-02-version1.onrender.com/_next/static/chunks/9a3ab915-a5982b1f08722fb8.js:1:110729
    at iu (https://saas-application-02-version1.onrender.com/_next/static/chunks/9a3ab915-a5982b1f08722fb8.js:1:110830)
    at iX (https://saas-application-02-version1.onrender.com/_next/static/chunks/9a3ab915-a5982b1f08722fb8.js:1:132933)
    at MessagePort.w (https://saas-application-02-version1.onrender.com/_next/static/chunks/1050-2358b948bc8383c9.js:1:119318)
[  650620ms] Error: Minified React error #418; visit https://react.dev/errors/418?args[]=HTML&args[]= for the full message or use the non-minified dev environment for full errors and additional helpful warnings.
    at rD (https://saas-application-02-version1.onrender.com/_next/static/chunks/9a3ab915-a5982b1f08722fb8.js:1:35061)
    at oq (https://saas-application-02-version1.onrender.com/_next/static/chunks/9a3ab915-a5982b1f08722fb8.js:1:84565)
    at ik (https://saas-application-02-version1.onrender.com/_next/static/chunks/9a3ab915-a5982b1f08722fb8.js:1:114681)
    at https://saas-application-02-version1.onrender.com/_next/static/chunks/9a3ab915-a5982b1f08722fb8.js:1:110729
    at iu (https://saas-application-02-version1.onrender.com/_next/static/chunks/9a3ab915-a5982b1f08722fb8.js:1:110830)
    at iX (https://saas-application-02-version1.onrender.com/_next/static/chunks/9a3ab915-a5982b1f08722fb8.js:1:132933)
    at MessagePort.w (https://saas-application-02-version1.onrender.com/_next/static/chunks/1050-2358b948bc8383c9.js:1:119318)
[  655150ms] Error: Minified React error #418; visit https://react.dev/errors/418?args[]=HTML&args[]= for the full message or use the non-minified dev environment for full errors and additional helpful warnings.
    at rD (https://saas-application-02-version1.onrender.com/_next/static/chunks/9a3ab915-a5982b1f08722fb8.js:1:35061)
    at oq (https://saas-application-02-version1.onrender.com/_next/static/chunks/9a3ab915-a5982b1f08722fb8.js:1:84565)
    at ik (https://saas-application-02-version1.onrender.com/_next/static/chunks/9a3ab915-a5982b1f08722fb8.js:1:114681)
    at https://saas-application-02-version1.onrender.com/_next/static/chunks/9a3ab915-a5982b1f08722fb8.js:1:110729
    at iu (https://saas-application-02-version1.onrender.com/_next/static/chunks/9a3ab915-a5982b1f08722fb8.js:1:110830)
    at iX (https://saas-application-02-version1.onrender.com/_next/static/chunks/9a3ab915-a5982b1f08722fb8.js:1:132933)
    at MessagePort.w (https://saas-application-02-version1.onrender.com/_next/static/chunks/1050-2358b948bc8383c9.js:1:119318)
[  661052ms] Error: Minified React error #418; visit https://react.dev/errors/418?args[]=HTML&args[]= for the full message or use the non-minified dev environment for full errors and additional helpful warnings.
    at rD (https://saas-application-02-version1.onrender.com/_next/static/chunks/9a3ab915-a5982b1f08722fb8.js:1:35061)
    at oq (https://saas-application-02-version1.onrender.com/_next/static/chunks/9a3ab915-a5982b1f08722fb8.js:1:84565)
    at ik (https://saas-application-02-version1.onrender.com/_next/static/chunks/9a3ab915-a5982b1f08722fb8.js:1:114681)
    at https://saas-application-02-version1.onrender.com/_next/static/chunks/9a3ab915-a5982b1f08722fb8.js:1:110729
    at iu (https://saas-application-02-version1.onrender.com/_next/static/chunks/9a3ab915-a5982b1f08722fb8.js:1:110830)
    at iX (https://saas-application-02-version1.onrender.com/_next/static/chunks/9a3ab915-a5982b1f08722fb8.js:1:132933)
    at MessagePort.w (https://saas-application-02-version1.onrender.com/_next/static/chunks/1050-2358b948bc8383c9.js:1:119318)
[  667093ms] Error: Minified React error #418; visit https://react.dev/errors/418?args[]=HTML&args[]= for the full message or use the non-minified dev environment for full errors and additional helpful warnings.
    at rD (https://saas-application-02-version1.onrender.com/_next/static/chunks/9a3ab915-a5982b1f08722fb8.js:1:35061)
    at oq (https://saas-application-02-version1.onrender.com/_next/static/chunks/9a3ab915-a5982b1f08722fb8.js:1:84565)
    at ik (https://saas-application-02-version1.onrender.com/_next/static/chunks/9a3ab915-a5982b1f08722fb8.js:1:114681)
    at https://saas-application-02-version1.onrender.com/_next/static/chunks/9a3ab915-a5982b1f08722fb8.js:1:110729
    at iu (https://saas-application-02-version1.onrender.com/_next/static/chunks/9a3ab915-a5982b1f08722fb8.js:1:110830)
    at iX (https://saas-application-02-version1.onrender.com/_next/static/chunks/9a3ab915-a5982b1f08722fb8.js:1:132933)
    at MessagePort.w (https://saas-application-02-version1.onrender.com/_next/static/chunks/1050-2358b948bc8383c9.js:1:119318)
[  672232ms] Error: Minified React error #418; visit https://react.dev/errors/418?args[]=HTML&args[]= for the full message or use the non-minified dev environment for full errors and additional helpful warnings.
    at rD (https://saas-application-02-version1.onrender.com/_next/static/chunks/9a3ab915-a5982b1f08722fb8.js:1:35061)
    at oq (https://saas-application-02-version1.onrender.com/_next/static/chunks/9a3ab915-a5982b1f08722fb8.js:1:84565)
    at ik (https://saas-application-02-version1.onrender.com/_next/static/chunks/9a3ab915-a5982b1f08722fb8.js:1:114681)
    at https://saas-application-02-version1.onrender.com/_next/static/chunks/9a3ab915-a5982b1f08722fb8.js:1:110729
    at iu (https://saas-application-02-version1.onrender.com/_next/static/chunks/9a3ab915-a5982b1f08722fb8.js:1:110830)
    at iX (https://saas-application-02-version1.onrender.com/_next/static/chunks/9a3ab915-a5982b1f08722fb8.js:1:132933)
    at MessagePort.w (https://saas-application-02-version1.onrender.com/_next/static/chunks/1050-2358b948bc8383c9.js:1:119318)
[  707936ms] Error: Minified React error #418; visit https://react.dev/errors/418?args[]=HTML&args[]= for the full message or use the non-minified dev environment for full errors and additional helpful warnings.
    at rD (https://saas-application-02-version1.onrender.com/_next/static/chunks/9a3ab915-a5982b1f08722fb8.js:1:35061)
    at oq (https://saas-application-02-version1.onrender.com/_next/static/chunks/9a3ab915-a5982b1f08722fb8.js:1:84565)
    at ik (https://saas-application-02-version1.onrender.com/_next/static/chunks/9a3ab915-a5982b1f08722fb8.js:1:114681)
    at https://saas-application-02-version1.onrender.com/_next/static/chunks/9a3ab915-a5982b1f08722fb8.js:1:110729
    at iu (https://saas-application-02-version1.onrender.com/_next/static/chunks/9a3ab915-a5982b1f08722fb8.js:1:110830)
    at iX (https://saas-application-02-version1.onrender.com/_next/static/chunks/9a3ab915-a5982b1f08722fb8.js:1:132933)
    at MessagePort.w (https://saas-application-02-version1.onrender.com/_next/static/chunks/1050-2358b948bc8383c9.js:1:119318)
[  712749ms] Error: Minified React error #418; visit https://react.dev/errors/418?args[]=HTML&args[]= for the full message or use the non-minified dev environment for full errors and additional helpful warnings.
    at rD (https://saas-application-02-version1.onrender.com/_next/static/chunks/9a3ab915-a5982b1f08722fb8.js:1:35061)
    at oq (https://saas-application-02-version1.onrender.com/_next/static/chunks/9a3ab915-a5982b1f08722fb8.js:1:84565)
    at ik (https://saas-application-02-version1.onrender.com/_next/static/chunks/9a3ab915-a5982b1f08722fb8.js:1:114681)
    at https://saas-application-02-version1.onrender.com/_next/static/chunks/9a3ab915-a5982b1f08722fb8.js:1:110729
    at iu (https://saas-application-02-version1.onrender.com/_next/static/chunks/9a3ab915-a5982b1f08722fb8.js:1:110830)
    at iX (https://saas-application-02-version1.onrender.com/_next/static/chunks/9a3ab915-a5982b1f08722fb8.js:1:132933)
    at MessagePort.w (https://saas-application-02-version1.onrender.com/_next/static/chunks/1050-2358b948bc8383c9.js:1:119318)
[  718131ms] Error: Minified React error #418; visit https://react.dev/errors/418?args[]=HTML&args[]= for the full message or use the non-minified dev environment for full errors and additional helpful warnings.
    at rD (https://saas-application-02-version1.onrender.com/_next/static/chunks/9a3ab915-a5982b1f08722fb8.js:1:35061)
    at oq (https://saas-application-02-version1.onrender.com/_next/static/chunks/9a3ab915-a5982b1f08722fb8.js:1:84565)
    at ik (https://saas-application-02-version1.onrender.com/_next/static/chunks/9a3ab915-a5982b1f08722fb8.js:1:114681)
    at https://saas-application-02-version1.onrender.com/_next/static/chunks/9a3ab915-a5982b1f08722fb8.js:1:110729
    at iu (https://saas-application-02-version1.onrender.com/_next/static/chunks/9a3ab915-a5982b1f08722fb8.js:1:110830)
    at iX (https://saas-application-02-version1.onrender.com/_next/static/chunks/9a3ab915-a5982b1f08722fb8.js:1:132933)
    at MessagePort.w (https://saas-application-02-version1.onrender.com/_next/static/chunks/1050-2358b948bc8383c9.js:1:119318)
[  722721ms] Error: Minified React error #418; visit https://react.dev/errors/418?args[]=HTML&args[]= for the full message or use the non-minified dev environment for full errors and additional helpful warnings.
    at rD (https://saas-application-02-version1.onrender.com/_next/static/chunks/9a3ab915-a5982b1f08722fb8.js:1:35061)
    at oq (https://saas-application-02-version1.onrender.com/_next/static/chunks/9a3ab915-a5982b1f08722fb8.js:1:84565)
    at ik (https://saas-application-02-version1.onrender.com/_next/static/chunks/9a3ab915-a5982b1f08722fb8.js:1:114681)
    at https://saas-application-02-version1.onrender.com/_next/static/chunks/9a3ab915-a5982b1f08722fb8.js:1:110729
    at iu (https://saas-application-02-version1.onrender.com/_next/static/chunks/9a3ab915-a5982b1f08722fb8.js:1:110830)
    at iX (https://saas-application-02-version1.onrender.com/_next/static/chunks/9a3ab915-a5982b1f08722fb8.js:1:132933)
    at MessagePort.w (https://saas-application-02-version1.onrender.com/_next/static/chunks/1050-2358b948bc8383c9.js:1:119318)
[  727459ms] Error: Minified React error #418; visit https://react.dev/errors/418?args[]=HTML&args[]= for the full message or use the non-minified dev environment for full errors and additional helpful warnings.
    at rD (https://saas-application-02-version1.onrender.com/_next/static/chunks/9a3ab915-a5982b1f08722fb8.js:1:35061)
    at oq (https://saas-application-02-version1.onrender.com/_next/static/chunks/9a3ab915-a5982b1f08722fb8.js:1:84565)
    at ik (https://saas-application-02-version1.onrender.com/_next/static/chunks/9a3ab915-a5982b1f08722fb8.js:1:114681)
    at https://saas-application-02-version1.onrender.com/_next/static/chunks/9a3ab915-a5982b1f08722fb8.js:1:110729
    at iu (https://saas-application-02-version1.onrender.com/_next/static/chunks/9a3ab915-a5982b1f08722fb8.js:1:110830)
    at iX (https://saas-application-02-version1.onrender.com/_next/static/chunks/9a3ab915-a5982b1f08722fb8.js:1:132933)
    at MessagePort.w (https://saas-application-02-version1.onrender.com/_next/static/chunks/1050-2358b948bc8383c9.js:1:119318)
[  864914ms] Error: Minified React error #418; visit https://react.dev/errors/418?args[]=HTML&args[]= for the full message or use the non-minified dev environment for full errors and additional helpful warnings.
    at rD (https://saas-application-02-version1.onrender.com/_next/static/chunks/9a3ab915-a5982b1f08722fb8.js:1:35061)
    at oq (https://saas-application-02-version1.onrender.com/_next/static/chunks/9a3ab915-a5982b1f08722fb8.js:1:84565)
    at ik (https://saas-application-02-version1.onrender.com/_next/static/chunks/9a3ab915-a5982b1f08722fb8.js:1:114681)
    at https://saas-application-02-version1.onrender.com/_next/static/chunks/9a3ab915-a5982b1f08722fb8.js:1:110729
    at iu (https://saas-application-02-version1.onrender.com/_next/static/chunks/9a3ab915-a5982b1f08722fb8.js:1:110830)
    at iX (https://saas-application-02-version1.onrender.com/_next/static/chunks/9a3ab915-a5982b1f08722fb8.js:1:132933)
    at MessagePort.w (https://saas-application-02-version1.onrender.com/_next/static/chunks/1050-2358b948bc8383c9.js:1:119318)
[  872564ms] Error: Minified React error #418; visit https://react.dev/errors/418?args[]=HTML&args[]= for the full message or use the non-minified dev environment for full errors and additional helpful warnings.
    at rD (https://saas-application-02-version1.onrender.com/_next/static/chunks/9a3ab915-a5982b1f08722fb8.js:1:35061)
    at oq (https://saas-application-02-version1.onrender.com/_next/static/chunks/9a3ab915-a5982b1f08722fb8.js:1:84565)
    at ik (https://saas-application-02-version1.onrender.com/_next/static/chunks/9a3ab915-a5982b1f08722fb8.js:1:114681)
    at https://saas-application-02-version1.onrender.com/_next/static/chunks/9a3ab915-a5982b1f08722fb8.js:1:110729
    at iu (https://saas-application-02-version1.onrender.com/_next/static/chunks/9a3ab915-a5982b1f08722fb8.js:1:110830)
    at iX (https://saas-application-02-version1.onrender.com/_next/static/chunks/9a3ab915-a5982b1f08722fb8.js:1:132933)
    at MessagePort.w (https://saas-application-02-version1.onrender.com/_next/static/chunks/1050-2358b948bc8383c9.js:1:119318)
[  886484ms] Error: Minified React error #418; visit https://react.dev/errors/418?args[]=HTML&args[]= for the full message or use the non-minified dev environment for full errors and additional helpful warnings.
    at rD (https://saas-application-02-version1.onrender.com/_next/static/chunks/9a3ab915-a5982b1f08722fb8.js:1:35061)
    at oq (https://saas-application-02-version1.onrender.com/_next/static/chunks/9a3ab915-a5982b1f08722fb8.js:1:84565)
    at ik (https://saas-application-02-version1.onrender.com/_next/static/chunks/9a3ab915-a5982b1f08722fb8.js:1:114681)
    at https://saas-application-02-version1.onrender.com/_next/static/chunks/9a3ab915-a5982b1f08722fb8.js:1:110729
    at iu (https://saas-application-02-version1.onrender.com/_next/static/chunks/9a3ab915-a5982b1f08722fb8.js:1:110830)
    at iX (https://saas-application-02-version1.onrender.com/_next/static/chunks/9a3ab915-a5982b1f08722fb8.js:1:132933)
    at MessagePort.w (https://saas-application-02-version1.onrender.com/_next/static/chunks/1050-2358b948bc8383c9.js:1:119318)
[  894139ms] Error: Minified React error #418; visit https://react.dev/errors/418?args[]=HTML&args[]= for the full message or use the non-minified dev environment for full errors and additional helpful warnings.
    at rD (https://saas-application-02-version1.onrender.com/_next/static/chunks/9a3ab915-a5982b1f08722fb8.js:1:35061)
    at oq (https://saas-application-02-version1.onrender.com/_next/static/chunks/9a3ab915-a5982b1f08722fb8.js:1:84565)
    at ik (https://saas-application-02-version1.onrender.com/_next/static/chunks/9a3ab915-a5982b1f08722fb8.js:1:114681)
    at https://saas-application-02-version1.onrender.com/_next/static/chunks/9a3ab915-a5982b1f08722fb8.js:1:110729
    at iu (https://saas-application-02-version1.onrender.com/_next/static/chunks/9a3ab915-a5982b1f08722fb8.js:1:110830)
    at iX (https://saas-application-02-version1.onrender.com/_next/static/chunks/9a3ab915-a5982b1f08722fb8.js:1:132933)
    at MessagePort.w (https://saas-application-02-version1.onrender.com/_next/static/chunks/1050-2358b948bc8383c9.js:1:119318)
[  903570ms] [WARNING] The specified value "Sep 11, 2026, 5:30 AM" does not conform to the required format, "yyyy-MM-dd". @ https://saas-application-02-version1.onrender.com/_next/static/chunks/9a3ab915-a5982b1f08722fb8.js:0
